INFO:huawei_lte.router:LOGIN for user [admin]
DEBUG:huawei_lte.router:------------ REQUEST to http://None/ -------------
DEBUG:huawei_lte.router:-- HEADERS --
DEBUG:huawei_lte.router:None
DEBUG:huawei_lte.router:-------------
DEBUG:urllib3.connectionpool:Starting new HTTP connection (1): none:80
INFO:huawei_lte.router:LOGIN for user [admin]
DEBUG:huawei_lte.router:------------ REQUEST to http://192.168.9.1/ -------------
DEBUG:huawei_lte.router:-- HEADERS --
DEBUG:huawei_lte.router:None
DEBUG:huawei_lte.router:-------------
DEBUG:urllib3.connectionpool:Starting new HTTP connection (1): 192.168.9.1:80
DEBUG:urllib3.connectionpool:http://192.168.9.1:80 "GET / HTTP/1.1" 200 6612
INFO:huawei_lte.router:GET http://192.168.9.1/ 200
DEBUG:huawei_lte.router:------------ RESPONSE to http://192.168.9.1/ -------------
DEBUG:huawei_lte.router:-- HEADERS --
DEBUG:huawei_lte.router:{'Content-Length': '6612', 'X-XSS-Protection': '1; mode=block', 'Content-Security-Policy': "default-src 'self' 'unsafe-inline' 'unsafe-eval'", 'X-Download-Options': 'noopen', 'Set-Cookie': 'SessionID=6bsZ0VmTvF0HRcqUIK4dzLfar9eMDzTqCTGBK0Vz0gp3hIUb0tPqlGM1A0B59KFnN5RQ0AgtHq0LyUwHfqOWJ1NbkOI3IebnTbvsN2WGqc22ZSmLSwO03eyItrwDEzOb; path=/; HttpOnly;', 'X-Content-Type-Options': 'nosniff', 'Connection': 'Keep-Alive', 'Pragma': 'no-cache', 'Cache-Control': 'no-cache, no-store, max-age=0, must-revalidate', 'Date': 'Mon, 18 May 2020 07:56:09 GMT', 'X-Frame-Options': 'SAMEORIGIN', 'Content-Type': 'text/html'}
DEBUG:huawei_lte.router:-------------
DEBUG:huawei_lte.router:-- DATA --
DEBUG:huawei_lte.router:ï»¿<!DOCTYPE html>
<html id="html">
    <head><meta name="csrf_token" content="UvkZRYTwcj5zCQHl1UAu0iNCjxPcPSam">
<meta name="csrf_token" content="DH1HmZRkhvw1n0kAJudx2fe9eaXOySKW">

        <meta http-equiv="X-UA-Compatible" content="IE=edge,chrome=1" />
        <meta http-equiv="Content-Type" content="text/html; charset=UTF-8" />
        <meta name="format-detection" content="telephone=no" />
        <meta http-equiv='Pragma' content='no-cache'/>
        <meta http-equiv="Cache-Control" content="no-cache, must-revalidate" />
        <meta name="description" content="emui webui 6.0" />
        <meta name="author" content="emui webui 6.0" />
        <meta name="viewport" content="initial-scale=0.4;user-scalable=yes" />
        <link type="text/css" rel="stylesheet" href="../css/emui-style.css" />
        <script type="text/javascript" src="../lib/emui-jquery.js"></script>
        <script type="text/javascript" src="../js/public.js"></script>

        <script type="text/javascript">
            var DEFAULT_GATEWAY_IP = "";
            function isHandheldBrowser() {
                var hardwarePlatform = navigator.platform.toLowerCase();
                var agent = navigator.userAgent.toLowerCase();
                var isIpod = hardwarePlatform.indexOf("ipod") != -1;
                var isIphone = hardwarePlatform.indexOf("iphone") != -1;
                var isIpad =  hardwarePlatform.indexOf("ipad") != -1;
                var isAndroid = agent.indexOf("android") !=-1;

                if(0 == login_status) {
                    return false;
                }
                if (isIphone || isIpod || isIpad || isAndroid ) {
                    return true;
                } else {
                    if (screen.height <= 320 || screen.width <= 320) {
                        return true;
                    }
                }
                return false;
            }
            var login_status = null;
            // get connection status
            getAjaxData('config/global/config.xml', function(xml) {
                    var config_ret = xml;
                    login_status = config_ret.config.login;
                }, {
                    sync : true
                }
            );
            getConfigData('config/lan/config.xml', function(xml) {
                    var ret = xml;
                    if ('config' == ret.type) {
                        DEFAULT_GATEWAY_IP = ret.config.dhcps.ipaddress;
                    }
                }, {
                    sync: true
                }
            );
            var href = "http://" + DEFAULT_GATEWAY_IP;
            try {
                href = window.location.href;
            } catch(exception) {
                href = "http://" + DEFAULT_GATEWAY_IP;
            }

            //check login status
            var LOGIN_STATES_SUCCEED = "0";
            var userLoginState = LOGIN_STATES_SUCCEED;
            getAjaxData('api/user/state-login', function(xml) { //æ¥è¯¢ç»å½ç¶æ
                var ret = xml;
                if (ret.type == 'response') {
                    userLoginState=ret.response.State;
                }
            }, {
                sync: true
            });
            var g_auto_update_redirect = '';
            getAjaxData('api/device/basic_information', function(xml) { //æ¥è¯¢è®¾å¤åºæ¬ä¿¡æ¯
                var ret = xml;
                if (ret.type == 'response') {
                    g_auto_update_redirect = ret.response.restore_default_status;
                }
            }, {
                sync:true
            });
            var g_current_connection_status = '';
            var g_module = '';
            var sim_ret = '';
            var cradle_ret = '';
            var CRADLE_NETLINE_EXIST = 1;
            var ETHERNET_LAN_MODE = '5';
            var CRADLEAUTOMODE = '0';
            var MACRO_CONNECTION_CONNECTED = '901';
            var Login = '';
            getAjaxData('api/global/module-switch', function(xml) { //è·åé¡µé¢éç½®æ¨¡åå¼å³
                var ret = xml;
                if (ret.type == 'response') {
                    g_module = ret.response;
                }
            }, {
                sync:true
            });
            getAjaxData('api/monitoring/status', function(xml) { // æ¥è¯¢ç½ç»ç¶æä¿¡æ¯
                var ret = xml;
                if (ret.type == 'response') {
                    sim_ret = ret.response;
                }
            }, {
                sync:true
            });
            if (g_module.cradle_enabled) {
                getAjaxData('api/cradle/status-info', function(xml) { //è·åå½åè¿æ¥ä¿¡æ¯
                    var ret = xml;
                    if (ret.type == 'response') {
                        cradle_ret = ret.response;
                    }
                }, {
                    sync:true
                });
            }
            /*è·åæ¨å·ç¶æ*/
            if (g_module.cradle_enabled && cradle_ret !== '' && typeof(cradle_ret) !== 'undefined' && CRADLE_NETLINE_EXIST === cradle_ret.cradlestatus
                && ETHERNET_LAN_MODE !== cradle_ret.connectionmode && (CRADLEAUTOMODE !== cradle_ret.connectionmode)) {
                g_current_connection_status = cradle_ret.connectstatus;
            } else if (g_module.wifioffload_enabled && MACRO_CONNECTION_CONNECTED === sim_ret.WifiConnectionStatus) {
                g_current_connection_status = sim_ret.WifiConnectionStatus;
            } else {
                g_current_connection_status = sim_ret.ConnectionStatus;
            }
            $(document).ready( function() {

                /* è·åæ¯å¦æ¯æMCæ¨èé¡µé¢*/
                getAjaxData('config/global/config.xml', function(xml) {
                    var ret = xml;
                    if(ret.type == 'config' ) {
                        Login = ret.config;
                    }
                }, {
                    sync: true
                });

                if( true == isHandheldBrowser()
                    && (userLoginState != LOGIN_STATES_SUCCEED)
                    && (typeof Login.commend_enable != 'undefined')
                    && Login.commend_enable === '1'
                    && MACRO_CONNECTION_CONNECTED === g_current_connection_status) {
                    gotoPageWithoutHistory("../html/commend.html");
                } else {
                    gotoPageWithoutHistory("../html/index.html");
                }
            });
        </script>
        <title></title>
    </head>
    <body style="background-color: #FFFFFF;">
    </body>
</html>

DEBUG:huawei_lte.router:-------------
DEBUG:huawei_lte.router:------------ REQUEST to http://192.168.9.1/api/webserver/token -------------
DEBUG:huawei_lte.router:-- HEADERS --
DEBUG:huawei_lte.router:None
DEBUG:huawei_lte.router:-------------
DEBUG:urllib3.connectionpool:Resetting dropped connection: 192.168.9.1
DEBUG:urllib3.connectionpool:http://192.168.9.1:80 "GET /api/webserver/token HTTP/1.1" 200 138
INFO:huawei_lte.router:GET http://192.168.9.1/api/webserver/token 200
DEBUG:huawei_lte.router:------------ RESPONSE to http://192.168.9.1/api/webserver/token -------------
DEBUG:huawei_lte.router:-- HEADERS --
DEBUG:huawei_lte.router:{'Content-Length': '138', 'X-XSS-Protection': '1; mode=block', 'Content-Security-Policy': "default-src 'self' 'unsafe-inline' 'unsafe-eval'", 'X-Download-Options': 'noopen', 'X-Content-Type-Options': 'nosniff', 'Connection': 'Keep-Alive', 'Pragma': 'no-cache', 'Cache-Control': 'no-cache, no-store, max-age=0, must-revalidate', 'Date': 'Mon, 18 May 2020 07:56:10 GMT', 'X-Frame-Options': 'SAMEORIGIN', 'Content-Type': 'text/html'}
DEBUG:huawei_lte.router:-------------
DEBUG:huawei_lte.router:-- DATA --
DEBUG:huawei_lte.router:<?xml version="1.0" encoding="UTF-8"?><response><token>WeAAZOcNm3nodSUUdswUDB8SqZXGketf1m0I7RtpRJIybaKlP6f5fEbxPka4qzXS</token></response>
DEBUG:huawei_lte.router:-------------
DEBUG:huawei_lte.router:------------ REQUEST to http://192.168.9.1/api/user/challenge_login -------------
DEBUG:huawei_lte.router:-- HEADERS --
DEBUG:huawei_lte.router:{'__RequestVerificationToken': '1m0I7RtpRJIybaKlP6f5fEbxPka4qzXS', 'Content-type': 'text/html'}
DEBUG:huawei_lte.router:-------------
DEBUG:huawei_lte.router:-- DATA --
DEBUG:huawei_lte.router:<?xml version="1.0" encoding="UTF-8"?><request><username>admin</username><firstnonce>1f3f40fa88cf408aa08c6336379c33b377f2b0a029664fab8ad66462e637f9b2</firstnonce><mode>1</mode></request>
DEBUG:huawei_lte.router:-------------
DEBUG:urllib3.connectionpool:http://192.168.9.1:80 "POST /api/user/challenge_login HTTP/1.1" 200 337
INFO:huawei_lte.router:POST http://192.168.9.1/api/user/challenge_login 200
DEBUG:huawei_lte.router:------------ RESPONSE to http://192.168.9.1/api/user/challenge_login -------------
DEBUG:huawei_lte.router:-- HEADERS --
DEBUG:huawei_lte.router:{'Content-Length': '337', 'X-XSS-Protection': '1; mode=block', 'Content-Security-Policy': "default-src 'self' 'unsafe-inline' 'unsafe-eval'", 'X-Download-Options': 'noopen', '__RequestVerificationToken': 'I60tsLI6hEBxn9XuCclx4u6jnGUs4bcP', 'X-Content-Type-Options': 'nosniff', 'Pragma': 'no-cache', 'Cache-Control': 'no-cache, no-store, max-age=0, must-revalidate', 'X-Frame-Options': 'SAMEORIGIN', 'Content-Type': 'text/html'}
DEBUG:huawei_lte.router:-------------
DEBUG:huawei_lte.router:-- DATA --
DEBUG:huawei_lte.router:<?xml version="1.0" encoding="UTF-8"?><response><iterations>100</iterations><servernonce>1f3f40fa88cf408aa08c6336379c33b377f2b0a029664fab8ad66462e637f9b2dG69h0oUnrYurpM13JNtpSn23VYIRYiq</servernonce><modeselected>1</modeselected><salt>844b89b04c8a9d0a3b7422ad70d404fd8cb0bfb6eac3bb1366e6aca09f77da24</salt><newType>0</newType></response>
DEBUG:huawei_lte.router:-------------
DEBUG:huawei_lte.router:------------ REQUEST to http://192.168.9.1/api/user/authentication_login -------------
DEBUG:huawei_lte.router:-- HEADERS --
DEBUG:huawei_lte.router:{'__RequestVerificationToken': 'I60tsLI6hEBxn9XuCclx4u6jnGUs4bcP', 'Content-type': 'application/x-www-form-urlencoded; charset=UTF-8'}
DEBUG:huawei_lte.router:-------------
DEBUG:huawei_lte.router:-- DATA --
DEBUG:huawei_lte.router:<?xml version="1.0" encoding="UTF-8"?><request><clientproof>811d502064f0ab97365a95373c0afde25f57369705ec0b358e0a19ce760b2842</clientproof><finalnonce>1f3f40fa88cf408aa08c6336379c33b377f2b0a029664fab8ad66462e637f9b2dG69h0oUnrYurpM13JNtpSn23VYIRYiq</finalnonce></request>
DEBUG:huawei_lte.router:-------------
DEBUG:urllib3.connectionpool:http://192.168.9.1:80 "POST /api/user/authentication_login HTTP/1.1" 200 807
INFO:huawei_lte.router:POST http://192.168.9.1/api/user/authentication_login 200
DEBUG:huawei_lte.router:------------ RESPONSE to http://192.168.9.1/api/user/authentication_login -------------
DEBUG:huawei_lte.router:-- HEADERS --
DEBUG:huawei_lte.router:{'Content-Length': '807', 'X-XSS-Protection': '1; mode=block', 'Content-Security-Policy': "default-src 'self' 'unsafe-inline' 'unsafe-eval'", 'X-Download-Options': 'noopen', '__RequestVerificationToken': 'sCyLzBkRhPR9sI6BIWCVwrUO4NodcTRZ#2PufbafrgmJka10Y0UcUu6lrCFBwYqrV#iUmoNktwtvV9ExS9YkY9TwgNWMvw0JTJ#x00cy1Wy2Ag3sk40wqSbQ5NrMlElLT0Y#y8V0hOk1KsEIJ7i0ndBMYY2EVwfOQua0#cN0zL2sQxOhQQ4Q9P8vw0SXMoJWBV2GC#OVtHovOdakY2HyOIOVpYYWuOmH30ZXma#apCmdp2lWv3fj0ZEcBjUQtDsbe2iS0Ta#VsmhucHVXs38PnVSOapcF0vsBkhh10RQ#itZAcGO8O2t24GansTpK0rhUTQ0xIWwr#M9p075ZZia8mOeFcoo6Vt0r0tJ298DFY#ihWVOYKjQeSkPncRzafoPP7RkFa0Pykb#LBwahcznK2eoUmnifGd5azWwywtCydOE#xd7UP3VPLFaPtObaO2dSCywbN0hRYSvX#d0Q54uzRPZQgabT00Fj32sOUzcEE2y1w#QF8emD0ubD4d9VRSQJFU2T7ZaeZ0d4KS#04FDqGuJ1sknVoFJYwZWfLS7ijNAz0ns#UobHhQRhL3L20OfYM9CvLQvU6V6dRrCx#yX0vqqXzE1Nb19yloNzNx7KSKYaXZc60#giAYtlROMzTBBVb7MtxtOMacY9sNCGaX#7W1h0QQXgCEMp6zNHP3MPnuPU1ggp0aP#fh69UZKF7xNDur6DlkBxIWqRhHBFvu6Z#pLYO0TFR9ILg6K1u0zM0LK3fdDF304Su#bXS0MkB4oZS9TQth4q3N3oZqfmTJkKlP#SuCGoPT14ozbRr61m2j8gw0brw0quJVd#OTkX77BC5wLjYQnZPJjGwoFScAlvLA0o#ONwOqug9dX3joObVK6SZ9b1vGdSEw8bV#r5SOdI1jZcqn3Cian0Jv2K8ehDmX8vR2#yu3jwdgwGHigfuCWEXwYY0WXWvdDXk1U#Gb5byoataZM0dUVpavShhOAoqdojqdhx#5ry9udMqvpFnp7N5wUlbOZBDnxJpu1Wc#jUJQO7eoycIJ0YL5kT7GpxMKtorXXMk0', 'Set-Cookie': 'SessionID=0XdQCsa01Ddi9UeGitT7NVJyKFgOi8l2TJu8e3QS7Y7GvnVyz0YKlYZYtDGA4LH44ww5BJVZabeLfuz95hTr0vAog8kV2OcGRZFkVvwQpubtsWwlJKEzujc5KbYgtVMW; path=/; HttpOnly;', '__RequestVerificationTokentwo': '2PufbafrgmJka10Y0UcUu6lrCFBwYqrV', 'X-Content-Type-Options': 'nosniff', '__RequestVerificationTokenone': 'sCyLzBkRhPR9sI6BIWCVwrUO4NodcTRZ', 'Pragma': 'no-cache', 'Cache-Control': 'no-cache, no-store, max-age=0, must-revalidate', 'X-Frame-Options': 'SAMEORIGIN', 'Content-Type': 'text/html'}
DEBUG:huawei_lte.router:-------------
DEBUG:huawei_lte.router:-- DATA --
DEBUG:huawei_lte.router:<?xml version="1.0" encoding="UTF-8"?><response><rsan>b2516d802ecb467bc61ec9a7443be11f0c50fe4a1a7b6acdcb8e5902c99d42cf213475b65625647923283487e8bae8496acbf783ed54c3d56daa0efcafc11d52f6cf3f48990edf1c96a57f7f32292794bf6bdc96e2895bcb2fbcc6b53a670b3bfafac4b039f23d57e693f713af775d9a35f5bab7d973cb284318ba403f92a048b67b3d41a15ba846aa0ab370830a492f7fafd589aa1c84646f6fff25d21e26190ec842fb95b5ca3724cb1cb45535b40088eb465716e171932eb83a77372ae94dffb743ba6c65f3c18fa70762306838d857e301166ceaaa4ebac9929d7d834cb695908ed14e9c2bed0d478c331d03031dcd1095fa4ee4dd8697c2e7b4137f3c39</rsan><rsae>010001</rsae><serversignature>421118e85fd8a1a5a742aa07275a9695ceef89553af04474df3bf5adbc1f76da</serversignature><rsapubkeysignature>5e4e339d5db47f7d13e18fcebc4c27a49e8b93a42a6737ad62e284a3be312a45</rsapubkeysignature></response>
DEBUG:huawei_lte.router:-------------
DEBUG:huawei_lte.router:------------ REQUEST to http://192.168.9.1/api/webserver/token -------------
DEBUG:huawei_lte.router:-- HEADERS --
DEBUG:huawei_lte.router:None
DEBUG:huawei_lte.router:-------------
DEBUG:urllib3.connectionpool:http://192.168.9.1:80 "GET /api/webserver/token HTTP/1.1" 200 138
INFO:huawei_lte.router:GET http://192.168.9.1/api/webserver/token 200
DEBUG:huawei_lte.router:------------ RESPONSE to http://192.168.9.1/api/webserver/token -------------
DEBUG:huawei_lte.router:-- HEADERS --
DEBUG:huawei_lte.router:{'Content-Length': '138', 'X-XSS-Protection': '1; mode=block', 'Content-Security-Policy': "default-src 'self' 'unsafe-inline' 'unsafe-eval'", 'X-Download-Options': 'noopen', 'X-Content-Type-Options': 'nosniff', 'Connection': 'Keep-Alive', 'Pragma': 'no-cache', 'Cache-Control': 'no-cache, no-store, max-age=0, must-revalidate', 'Date': 'Mon, 18 May 2020 07:56:10 GMT', 'X-Frame-Options': 'SAMEORIGIN', 'Content-Type': 'text/html'}
DEBUG:huawei_lte.router:-------------
DEBUG:huawei_lte.router:-- DATA --
DEBUG:huawei_lte.router:<?xml version="1.0" encoding="UTF-8"?><response><token>kg2rkdr70CmJIVRtN7MO01PAihNsREcysu6xxh6mk5T1BgJRpONier0ux1MmmZfx</token></response>
DEBUG:huawei_lte.router:-------------
DEBUG:huawei_lte.router:------------ REQUEST to http://192.168.9.1/api/cradle/basic-info -------------
DEBUG:huawei_lte.router:-- HEADERS --
DEBUG:huawei_lte.router:{'__RequestVerificationToken': 'su6xxh6mk5T1BgJRpONier0ux1MmmZfx', 'Content-type': 'application/x-www-form-urlencoded; charset=UTF-8'}
DEBUG:huawei_lte.router:-------------
DEBUG:urllib3.connectionpool:http://192.168.9.1:80 "GET /api/cradle/basic-info HTTP/1.1" 200 620
INFO:huawei_lte.router:GET http://192.168.9.1/api/cradle/basic-info 200
DEBUG:huawei_lte.router:------------ RESPONSE to http://192.168.9.1/api/cradle/basic-info -------------
DEBUG:huawei_lte.router:-- HEADERS --
DEBUG:huawei_lte.router:{'Content-Length': '620', 'X-XSS-Protection': '1; mode=block', 'Content-Security-Policy': "default-src 'self' 'unsafe-inline' 'unsafe-eval'", 'X-Download-Options': 'noopen', 'X-Content-Type-Options': 'nosniff', 'Connection': 'Keep-Alive', 'Pragma': 'no-cache', 'Cache-Control': 'no-cache, no-store, max-age=0, must-revalidate', 'Date': 'Mon, 18 May 2020 07:56:10 GMT', 'X-Frame-Options': 'SAMEORIGIN', 'Content-Type': 'text/html'}
DEBUG:huawei_lte.router:-------------
DEBUG:huawei_lte.router:-- DATA --
DEBUG:huawei_lte.router:<?xml version="1.0" encoding="UTF-8"?><response><dynamicprimarydns>8.8.8.8</dynamicprimarydns><netmask>255.255.255.0</netmask><dynamicsetdnsmanual>1</dynamicsetdnsmanual><secondarydns>0.0.0.0</secondarydns><staticipmtu>1500</staticipmtu><dialmode>0</dialmode><maxidletime>600</maxidletime><pppoepwd>********</pppoepwd><dynamicsecondarydns>8.8.4.4</dynamicsecondarydns><ipaddress>192.168.1.113</ipaddress><pppoeuser>fred</pppoeuser><pppoeauth>1</pppoeauth><connectionmode>0</connectionmode><gateway>192.168.1.1</gateway><pppoemtu>1480</pppoemtu><dynamicipmtu>1500</dynamicipmtu><primarydns>0.0.0.0</primarydns></response>
DEBUG:huawei_lte.router:-------------
DEBUG:huawei_lte.router:------------ REQUEST to http://192.168.9.1/api/webserver/token -------------
DEBUG:huawei_lte.router:-- HEADERS --
DEBUG:huawei_lte.router:None
DEBUG:huawei_lte.router:-------------
DEBUG:urllib3.connectionpool:http://192.168.9.1:80 "GET /api/webserver/token HTTP/1.1" 200 138
INFO:huawei_lte.router:GET http://192.168.9.1/api/webserver/token 200
DEBUG:huawei_lte.router:------------ RESPONSE to http://192.168.9.1/api/webserver/token -------------
DEBUG:huawei_lte.router:-- HEADERS --
DEBUG:huawei_lte.router:{'Content-Length': '138', 'X-XSS-Protection': '1; mode=block', 'Content-Security-Policy': "default-src 'self' 'unsafe-inline' 'unsafe-eval'", 'X-Download-Options': 'noopen', 'X-Content-Type-Options': 'nosniff', 'Connection': 'Keep-Alive', 'Pragma': 'no-cache', 'Cache-Control': 'no-cache, no-store, max-age=0, must-revalidate', 'Date': 'Mon, 18 May 2020 07:56:10 GMT', 'X-Frame-Options': 'SAMEORIGIN', 'Content-Type': 'text/html'}
DEBUG:huawei_lte.router:-------------
DEBUG:huawei_lte.router:-- DATA --
DEBUG:huawei_lte.router:<?xml version="1.0" encoding="UTF-8"?><response><token>jyoxttkiCCySJflh0KF2gYAildvyG30pGXytS79HwOmG4zjU0o0PimYl0Hh4vqnF</token></response>
DEBUG:huawei_lte.router:-------------
DEBUG:huawei_lte.router:------------ REQUEST to http://192.168.9.1/api/cradle/basic-info -------------
DEBUG:huawei_lte.router:-- HEADERS --
DEBUG:huawei_lte.router:{'__RequestVerificationToken': 'GXytS79HwOmG4zjU0o0PimYl0Hh4vqnF', 'Content-type': 'application/x-www-form-urlencoded; charset=UTF-8'}
DEBUG:huawei_lte.router:-------------
DEBUG:huawei_lte.router:-- DATA --
DEBUG:huawei_lte.router:<?xml version="1.0" encoding="UTF-8"?><request><pppoeuser>fred</pppoeuser><connectionmode>0</connectionmode><secondarydns>0.0.0.0</secondarydns><pppoemtu>1480</pppoemtu><dynamicsetdnsmanual>1</dynamicsetdnsmanual><maxidletime>600</maxidletime><pppoepwd></pppoepwd><netmask>255.255.255.0</netmask><dynamicsecondarydns>8.8.4.4</dynamicsecondarydns><dynamicipmtu>1500</dynamicipmtu><primarydns>0.0.0.0</primarydns><pppoeauth>1</pppoeauth><ipaddress>192.168.1.113</ipaddress><gateway>192.168.1.1</gateway><dynamicprimarydns>8.8.8.8</dynamicprimarydns></request>
DEBUG:huawei_lte.router:-------------
DEBUG:urllib3.connectionpool:http://192.168.9.1:80 "POST /api/cradle/basic-info HTTP/1.1" 200 61
INFO:huawei_lte.router:POST http://192.168.9.1/api/cradle/basic-info 200
DEBUG:huawei_lte.router:------------ RESPONSE to http://192.168.9.1/api/cradle/basic-info -------------
DEBUG:huawei_lte.router:-- HEADERS --
DEBUG:huawei_lte.router:{'Content-Length': '61', 'X-XSS-Protection': '1; mode=block', 'Content-Security-Policy': "default-src 'self' 'unsafe-inline' 'unsafe-eval'", 'X-Download-Options': 'noopen', '__RequestVerificationToken': 'tHMbBoTlAz079nwhZAEi4sGgbPMjoJxD', 'X-Content-Type-Options': 'nosniff', 'Pragma': 'no-cache', 'Cache-Control': 'no-cache, no-store, max-age=0, must-revalidate', 'X-Frame-Options': 'SAMEORIGIN', 'Content-Type': 'text/html'}
DEBUG:huawei_lte.router:-------------
DEBUG:huawei_lte.router:-- DATA --
DEBUG:huawei_lte.router:<?xml version="1.0" encoding="UTF-8"?><response>OK</response>
DEBUG:huawei_lte.router:-------------
DEBUG:huawei_lte.router:------------ REQUEST to http://192.168.9.1/api/webserver/token -------------
DEBUG:huawei_lte.router:-- HEADERS --
DEBUG:huawei_lte.router:None
DEBUG:huawei_lte.router:-------------
DEBUG:urllib3.connectionpool:http://192.168.9.1:80 "GET /api/webserver/token HTTP/1.1" 200 138
INFO:huawei_lte.router:GET http://192.168.9.1/api/webserver/token 200
DEBUG:huawei_lte.router:------------ RESPONSE to http://192.168.9.1/api/webserver/token -------------
DEBUG:huawei_lte.router:-- HEADERS --
DEBUG:huawei_lte.router:{'Content-Length': '138', 'X-XSS-Protection': '1; mode=block', 'Content-Security-Policy': "default-src 'self' 'unsafe-inline' 'unsafe-eval'", 'X-Download-Options': 'noopen', 'X-Content-Type-Options': 'nosniff', 'Connection': 'Keep-Alive', 'Pragma': 'no-cache', 'Cache-Control': 'no-cache, no-store, max-age=0, must-revalidate', 'Date': 'Mon, 18 May 2020 07:56:10 GMT', 'X-Frame-Options': 'SAMEORIGIN', 'Content-Type': 'text/html'}
DEBUG:huawei_lte.router:-------------
DEBUG:huawei_lte.router:-- DATA --
DEBUG:huawei_lte.router:<?xml version="1.0" encoding="UTF-8"?><response><token>5dk4bjf5r0WdnONEXYa28J2eyQz9Tm1lBuwgFbVU0b0hx3ZWpFdLUlOxDuleegi1</token></response>
DEBUG:huawei_lte.router:-------------
DEBUG:huawei_lte.router:------------ REQUEST to http://192.168.9.1/api/cradle/basic-info -------------
DEBUG:huawei_lte.router:-- HEADERS --
DEBUG:huawei_lte.router:{'__RequestVerificationToken': 'BuwgFbVU0b0hx3ZWpFdLUlOxDuleegi1', 'Content-type': 'application/x-www-form-urlencoded; charset=UTF-8'}
DEBUG:huawei_lte.router:-------------
DEBUG:urllib3.connectionpool:http://192.168.9.1:80 "GET /api/cradle/basic-info HTTP/1.1" 200 620
INFO:huawei_lte.router:GET http://192.168.9.1/api/cradle/basic-info 200
DEBUG:huawei_lte.router:------------ RESPONSE to http://192.168.9.1/api/cradle/basic-info -------------
DEBUG:huawei_lte.router:-- HEADERS --
DEBUG:huawei_lte.router:{'Content-Length': '620', 'X-XSS-Protection': '1; mode=block', 'Content-Security-Policy': "default-src 'self' 'unsafe-inline' 'unsafe-eval'", 'X-Download-Options': 'noopen', 'X-Content-Type-Options': 'nosniff', 'Connection': 'Keep-Alive', 'Pragma': 'no-cache', 'Cache-Control': 'no-cache, no-store, max-age=0, must-revalidate', 'Date': 'Mon, 18 May 2020 07:56:10 GMT', 'X-Frame-Options': 'SAMEORIGIN', 'Content-Type': 'text/html'}
DEBUG:huawei_lte.router:-------------
DEBUG:huawei_lte.router:-- DATA --
DEBUG:huawei_lte.router:<?xml version="1.0" encoding="UTF-8"?><response><dynamicprimarydns>8.8.8.8</dynamicprimarydns><netmask>255.255.255.0</netmask><dynamicsetdnsmanual>1</dynamicsetdnsmanual><secondarydns>0.0.0.0</secondarydns><staticipmtu>1500</staticipmtu><dialmode>0</dialmode><maxidletime>600</maxidletime><pppoepwd>********</pppoepwd><dynamicsecondarydns>8.8.4.4</dynamicsecondarydns><ipaddress>192.168.1.113</ipaddress><pppoeuser>fred</pppoeuser><pppoeauth>1</pppoeauth><connectionmode>0</connectionmode><gateway>192.168.1.1</gateway><pppoemtu>1480</pppoemtu><dynamicipmtu>1500</dynamicipmtu><primarydns>0.0.0.0</primarydns></response>
DEBUG:huawei_lte.router:-------------
DEBUG:huawei_lte.router:------------ REQUEST to http://192.168.9.1/api/webserver/token -------------
DEBUG:huawei_lte.router:-- HEADERS --
DEBUG:huawei_lte.router:None
DEBUG:huawei_lte.router:-------------
DEBUG:urllib3.connectionpool:http://192.168.9.1:80 "GET /api/webserver/token HTTP/1.1" 200 138
INFO:huawei_lte.router:GET http://192.168.9.1/api/webserver/token 200
DEBUG:huawei_lte.router:------------ RESPONSE to http://192.168.9.1/api/webserver/token -------------
DEBUG:huawei_lte.router:-- HEADERS --
DEBUG:huawei_lte.router:{'Content-Length': '138', 'X-XSS-Protection': '1; mode=block', 'Content-Security-Policy': "default-src 'self' 'unsafe-inline' 'unsafe-eval'", 'X-Download-Options': 'noopen', 'X-Content-Type-Options': 'nosniff', 'Connection': 'Keep-Alive', 'Pragma': 'no-cache', 'Cache-Control': 'no-cache, no-store, max-age=0, must-revalidate', 'Date': 'Mon, 18 May 2020 07:56:10 GMT', 'X-Frame-Options': 'SAMEORIGIN', 'Content-Type': 'text/html'}
DEBUG:huawei_lte.router:-------------
DEBUG:huawei_lte.router:-- DATA --
DEBUG:huawei_lte.router:<?xml version="1.0" encoding="UTF-8"?><response><token>1IruGLk3eC4rrGcPtBrpu2HhreuP4gD0RPk6jmzFrG16hwFFE1McwggJTEfIpx3W</token></response>
DEBUG:huawei_lte.router:-------------
DEBUG:huawei_lte.router:------------ REQUEST to http://192.168.9.1/api/cradle/basic-info -------------
DEBUG:huawei_lte.router:-- HEADERS --
DEBUG:huawei_lte.router:{'__RequestVerificationToken': 'RPk6jmzFrG16hwFFE1McwggJTEfIpx3W', 'Content-type': 'application/x-www-form-urlencoded; charset=UTF-8'}
DEBUG:huawei_lte.router:-------------
DEBUG:huawei_lte.router:-- DATA --
DEBUG:huawei_lte.router:<?xml version="1.0" encoding="UTF-8"?><request><pppoeuser>fred</pppoeuser><connectionmode>0</connectionmode><secondarydns>0.0.0.0</secondarydns><pppoemtu>1480</pppoemtu><dynamicsetdnsmanual>1</dynamicsetdnsmanual><maxidletime>600</maxidletime><pppoepwd>secret</pppoepwd><netmask>255.255.255.0</netmask><dynamicsecondarydns>8.8.4.4</dynamicsecondarydns><dynamicipmtu>1500</dynamicipmtu><primarydns>0.0.0.0</primarydns><pppoeauth>1</pppoeauth><ipaddress>192.168.1.113</ipaddress><gateway>192.168.1.1</gateway><dynamicprimarydns>8.8.8.8</dynamicprimarydns></request>
DEBUG:huawei_lte.router:-------------
DEBUG:urllib3.connectionpool:http://192.168.9.1:80 "POST /api/cradle/basic-info HTTP/1.1" 200 61
INFO:huawei_lte.router:POST http://192.168.9.1/api/cradle/basic-info 200
DEBUG:huawei_lte.router:------------ RESPONSE to http://192.168.9.1/api/cradle/basic-info -------------
DEBUG:huawei_lte.router:-- HEADERS --
DEBUG:huawei_lte.router:{'Content-Length': '61', 'X-XSS-Protection': '1; mode=block', 'Content-Security-Policy': "default-src 'self' 'unsafe-inline' 'unsafe-eval'", 'X-Download-Options': 'noopen', '__RequestVerificationToken': '8fP0tEeC07S1Al1pSumyoozozgHyNnl0', 'X-Content-Type-Options': 'nosniff', 'Pragma': 'no-cache', 'Cache-Control': 'no-cache, no-store, max-age=0, must-revalidate', 'X-Frame-Options': 'SAMEORIGIN', 'Content-Type': 'text/html'}
DEBUG:huawei_lte.router:-------------
DEBUG:huawei_lte.router:-- DATA --
DEBUG:huawei_lte.router:<?xml version="1.0" encoding="UTF-8"?><response>OK</response>
DEBUG:huawei_lte.router:-------------
DEBUG:huawei_lte.router:------------ REQUEST to http://192.168.9.1/api/webserver/token -------------
DEBUG:huawei_lte.router:-- HEADERS --
DEBUG:huawei_lte.router:None
DEBUG:huawei_lte.router:-------------
DEBUG:urllib3.connectionpool:http://192.168.9.1:80 "GET /api/webserver/token HTTP/1.1" 200 138
INFO:huawei_lte.router:GET http://192.168.9.1/api/webserver/token 200
DEBUG:huawei_lte.router:------------ RESPONSE to http://192.168.9.1/api/webserver/token -------------
DEBUG:huawei_lte.router:-- HEADERS --
DEBUG:huawei_lte.router:{'Content-Length': '138', 'X-XSS-Protection': '1; mode=block', 'Content-Security-Policy': "default-src 'self' 'unsafe-inline' 'unsafe-eval'", 'X-Download-Options': 'noopen', 'X-Content-Type-Options': 'nosniff', 'Connection': 'Keep-Alive', 'Pragma': 'no-cache', 'Cache-Control': 'no-cache, no-store, max-age=0, must-revalidate', 'Date': 'Mon, 18 May 2020 07:56:10 GMT', 'X-Frame-Options': 'SAMEORIGIN', 'Content-Type': 'text/html'}
DEBUG:huawei_lte.router:-------------
DEBUG:huawei_lte.router:-- DATA --
DEBUG:huawei_lte.router:<?xml version="1.0" encoding="UTF-8"?><response><token>I1g1Woikg7Eny4hEbBVfWqf7c9fGJwUMzQPFDtiut2B0BNsrW0EfLU85e5Nah4J4</token></response>
DEBUG:huawei_lte.router:-------------
DEBUG:huawei_lte.router:------------ REQUEST to http://192.168.9.1/api/cradle/basic-info -------------
DEBUG:huawei_lte.router:-- HEADERS --
DEBUG:huawei_lte.router:{'__RequestVerificationToken': 'zQPFDtiut2B0BNsrW0EfLU85e5Nah4J4', 'Content-type': 'application/x-www-form-urlencoded; charset=UTF-8'}
DEBUG:huawei_lte.router:-------------
DEBUG:urllib3.connectionpool:http://192.168.9.1:80 "GET /api/cradle/basic-info HTTP/1.1" 200 620
INFO:huawei_lte.router:GET http://192.168.9.1/api/cradle/basic-info 200
DEBUG:huawei_lte.router:------------ RESPONSE to http://192.168.9.1/api/cradle/basic-info -------------
DEBUG:huawei_lte.router:-- HEADERS --
DEBUG:huawei_lte.router:{'Content-Length': '620', 'X-XSS-Protection': '1; mode=block', 'Content-Security-Policy': "default-src 'self' 'unsafe-inline' 'unsafe-eval'", 'X-Download-Options': 'noopen', 'X-Content-Type-Options': 'nosniff', 'Connection': 'Keep-Alive', 'Pragma': 'no-cache', 'Cache-Control': 'no-cache, no-store, max-age=0, must-revalidate', 'Date': 'Mon, 18 May 2020 07:56:10 GMT', 'X-Frame-Options': 'SAMEORIGIN', 'Content-Type': 'text/html'}
DEBUG:huawei_lte.router:-------------
DEBUG:huawei_lte.router:-- DATA --
DEBUG:huawei_lte.router:<?xml version="1.0" encoding="UTF-8"?><response><dynamicprimarydns>8.8.8.8</dynamicprimarydns><netmask>255.255.255.0</netmask><dynamicsetdnsmanual>1</dynamicsetdnsmanual><secondarydns>0.0.0.0</secondarydns><staticipmtu>1500</staticipmtu><dialmode>0</dialmode><maxidletime>600</maxidletime><pppoepwd>********</pppoepwd><dynamicsecondarydns>8.8.4.4</dynamicsecondarydns><ipaddress>192.168.1.113</ipaddress><pppoeuser>fred</pppoeuser><pppoeauth>1</pppoeauth><connectionmode>0</connectionmode><gateway>192.168.1.1</gateway><pppoemtu>1480</pppoemtu><dynamicipmtu>1500</dynamicipmtu><primarydns>0.0.0.0</primarydns></response>
DEBUG:huawei_lte.router:-------------
DEBUG:huawei_lte.router:------------ REQUEST to http://192.168.9.1/api/webserver/token -------------
DEBUG:huawei_lte.router:-- HEADERS --
DEBUG:huawei_lte.router:None
DEBUG:huawei_lte.router:-------------
DEBUG:urllib3.connectionpool:http://192.168.9.1:80 "GET /api/webserver/token HTTP/1.1" 200 138
INFO:huawei_lte.router:GET http://192.168.9.1/api/webserver/token 200
DEBUG:huawei_lte.router:------------ RESPONSE to http://192.168.9.1/api/webserver/token -------------
DEBUG:huawei_lte.router:-- HEADERS --
DEBUG:huawei_lte.router:{'Content-Length': '138', 'X-XSS-Protection': '1; mode=block', 'Content-Security-Policy': "default-src 'self' 'unsafe-inline' 'unsafe-eval'", 'X-Download-Options': 'noopen', 'X-Content-Type-Options': 'nosniff', 'Connection': 'Keep-Alive', 'Pragma': 'no-cache', 'Cache-Control': 'no-cache, no-store, max-age=0, must-revalidate', 'Date': 'Mon, 18 May 2020 07:56:10 GMT', 'X-Frame-Options': 'SAMEORIGIN', 'Content-Type': 'text/html'}
DEBUG:huawei_lte.router:-------------
DEBUG:huawei_lte.router:-- DATA --
DEBUG:huawei_lte.router:<?xml version="1.0" encoding="UTF-8"?><response><token>0soILGoL5WxdNfnbzlhi054VXqvF7MXf4X4nbEPJV0VW0jiQDbW20vMHZ8SXfKM6</token></response>
DEBUG:huawei_lte.router:-------------
DEBUG:huawei_lte.router:------------ REQUEST to http://192.168.9.1/api/cradle/status-info -------------
DEBUG:huawei_lte.router:-- HEADERS --
DEBUG:huawei_lte.router:{'__RequestVerificationToken': '4X4nbEPJV0VW0jiQDbW20vMHZ8SXfKM6', 'Content-type': 'application/x-www-form-urlencoded; charset=UTF-8'}
DEBUG:huawei_lte.router:-------------
DEBUG:urllib3.connectionpool:http://192.168.9.1:80 "GET /api/cradle/status-info HTTP/1.1" 200 455
INFO:huawei_lte.router:GET http://192.168.9.1/api/cradle/status-info 200
DEBUG:huawei_lte.router:------------ RESPONSE to http://192.168.9.1/api/cradle/status-info -------------
DEBUG:huawei_lte.router:-- HEADERS --
DEBUG:huawei_lte.router:{'Content-Length': '455', 'X-XSS-Protection': '1; mode=block', 'Content-Security-Policy': "default-src 'self' 'unsafe-inline' 'unsafe-eval'", 'X-Download-Options': 'noopen', 'X-Content-Type-Options': 'nosniff', 'Connection': 'Keep-Alive', 'Pragma': 'no-cache', 'Cache-Control': 'no-cache, no-store, max-age=0, must-revalidate', 'Date': 'Mon, 18 May 2020 07:56:10 GMT', 'X-Frame-Options': 'SAMEORIGIN', 'Content-Type': 'text/html'}
DEBUG:huawei_lte.router:-------------
DEBUG:huawei_lte.router:-- DATA --
DEBUG:huawei_lte.router:<?xml version="1.0" encoding="UTF-8"?><response><cradlestatus>1</cradlestatus><ipaddressipv6></ipaddressipv6><ipaddress>192.168.1.113</ipaddress><netmask>255.255.255.0</netmask><primarydnsipv6></primarydnsipv6><secondarydns>8.8.4.4</secondarydns><currenttime>1154</currenttime><secondarydnsipv6></secondarydnsipv6><connectstatus>901</connectstatus><connectionmode>3</connectionmode><gateway>192.168.1.1</gateway><primarydns>8.8.8.8</primarydns></response>
DEBUG:huawei_lte.router:-------------
DEBUG:huawei_lte.router:------------ REQUEST to http://192.168.9.1/api/webserver/token -------------
DEBUG:huawei_lte.router:-- HEADERS --
DEBUG:huawei_lte.router:None
DEBUG:huawei_lte.router:-------------
DEBUG:urllib3.connectionpool:http://192.168.9.1:80 "GET /api/webserver/token HTTP/1.1" 200 138
INFO:huawei_lte.router:GET http://192.168.9.1/api/webserver/token 200
DEBUG:huawei_lte.router:------------ RESPONSE to http://192.168.9.1/api/webserver/token -------------
DEBUG:huawei_lte.router:-- HEADERS --
DEBUG:huawei_lte.router:{'Content-Length': '138', 'X-XSS-Protection': '1; mode=block', 'Content-Security-Policy': "default-src 'self' 'unsafe-inline' 'unsafe-eval'", 'X-Download-Options': 'noopen', 'X-Content-Type-Options': 'nosniff', 'Connection': 'Keep-Alive', 'Pragma': 'no-cache', 'Cache-Control': 'no-cache, no-store, max-age=0, must-revalidate', 'Date': 'Mon, 18 May 2020 07:56:10 GMT', 'X-Frame-Options': 'SAMEORIGIN', 'Content-Type': 'text/html'}
DEBUG:huawei_lte.router:-------------
DEBUG:huawei_lte.router:-- DATA --
DEBUG:huawei_lte.router:<?xml version="1.0" encoding="UTF-8"?><response><token>NELv8CK5JttqNldf10RAISxPolSuWMReIlMwfY5lT0z3BXL7MrPW1QlQblbxv6wX</token></response>
DEBUG:huawei_lte.router:-------------
DEBUG:huawei_lte.router:------------ REQUEST to http://192.168.9.1/api/cradle/status-info -------------
DEBUG:huawei_lte.router:-- HEADERS --
DEBUG:huawei_lte.router:{'__RequestVerificationToken': 'IlMwfY5lT0z3BXL7MrPW1QlQblbxv6wX', 'Content-type': 'application/x-www-form-urlencoded; charset=UTF-8'}
DEBUG:huawei_lte.router:-------------
DEBUG:urllib3.connectionpool:http://192.168.9.1:80 "GET /api/cradle/status-info HTTP/1.1" 200 455
INFO:huawei_lte.router:GET http://192.168.9.1/api/cradle/status-info 200
DEBUG:huawei_lte.router:------------ RESPONSE to http://192.168.9.1/api/cradle/status-info -------------
DEBUG:huawei_lte.router:-- HEADERS --
DEBUG:huawei_lte.router:{'Content-Length': '455', 'X-XSS-Protection': '1; mode=block', 'Content-Security-Policy': "default-src 'self' 'unsafe-inline' 'unsafe-eval'", 'X-Download-Options': 'noopen', 'X-Content-Type-Options': 'nosniff', 'Connection': 'Keep-Alive', 'Pragma': 'no-cache', 'Cache-Control': 'no-cache, no-store, max-age=0, must-revalidate', 'Date': 'Mon, 18 May 2020 07:56:10 GMT', 'X-Frame-Options': 'SAMEORIGIN', 'Content-Type': 'text/html'}
DEBUG:huawei_lte.router:-------------
DEBUG:huawei_lte.router:-- DATA --
DEBUG:huawei_lte.router:<?xml version="1.0" encoding="UTF-8"?><response><cradlestatus>1</cradlestatus><ipaddressipv6></ipaddressipv6><ipaddress>192.168.1.113</ipaddress><netmask>255.255.255.0</netmask><primarydnsipv6></primarydnsipv6><secondarydns>8.8.4.4</secondarydns><currenttime>1154</currenttime><secondarydnsipv6></secondarydnsipv6><connectstatus>901</connectstatus><connectionmode>3</connectionmode><gateway>192.168.1.1</gateway><primarydns>8.8.8.8</primarydns></response>
DEBUG:huawei_lte.router:-------------
INFO:huawei_lte.router:LOGOUT for user [admin]
DEBUG:huawei_lte.router:------------ REQUEST to http://192.168.9.1/api/webserver/token -------------
DEBUG:huawei_lte.router:-- HEADERS --
DEBUG:huawei_lte.router:None
DEBUG:huawei_lte.router:-------------
DEBUG:urllib3.connectionpool:http://192.168.9.1:80 "GET /api/webserver/token HTTP/1.1" 200 138
INFO:huawei_lte.router:GET http://192.168.9.1/api/webserver/token 200
DEBUG:huawei_lte.router:------------ RESPONSE to http://192.168.9.1/api/webserver/token -------------
DEBUG:huawei_lte.router:-- HEADERS --
DEBUG:huawei_lte.router:{'Content-Length': '138', 'X-XSS-Protection': '1; mode=block', 'Content-Security-Policy': "default-src 'self' 'unsafe-inline' 'unsafe-eval'", 'X-Download-Options': 'noopen', 'X-Content-Type-Options': 'nosniff', 'Connection': 'Keep-Alive', 'Pragma': 'no-cache', 'Cache-Control': 'no-cache, no-store, max-age=0, must-revalidate', 'Date': 'Mon, 18 May 2020 07:56:10 GMT', 'X-Frame-Options': 'SAMEORIGIN', 'Content-Type': 'text/html'}
DEBUG:huawei_lte.router:-------------
DEBUG:huawei_lte.router:-- DATA --
DEBUG:huawei_lte.router:<?xml version="1.0" encoding="UTF-8"?><response><token>kV0o0Jm7DbkJSH3GfaXX3QELxNaCg897xkR6CQYX6EB3XcxC6oGcSLULfMB5m013</token></response>
DEBUG:huawei_lte.router:-------------
DEBUG:huawei_lte.router:------------ REQUEST to http://192.168.9.1/api/user/logout -------------
DEBUG:huawei_lte.router:-- HEADERS --
DEBUG:huawei_lte.router:{'__RequestVerificationToken': 'xkR6CQYX6EB3XcxC6oGcSLULfMB5m013', 'Content-type': 'application/x-www-form-urlencoded; charset=UTF-8'}
DEBUG:huawei_lte.router:-------------
DEBUG:huawei_lte.router:-- DATA --
DEBUG:huawei_lte.router:<?xml version="1.0" encoding="UTF-8"?><request><Logout>1</Logout></request>
DEBUG:huawei_lte.router:-------------
DEBUG:urllib3.connectionpool:http://192.168.9.1:80 "POST /api/user/logout HTTP/1.1" 200 61
INFO:huawei_lte.router:POST http://192.168.9.1/api/user/logout 200
DEBUG:huawei_lte.router:------------ RESPONSE to http://192.168.9.1/api/user/logout -------------
DEBUG:huawei_lte.router:-- HEADERS --
DEBUG:huawei_lte.router:{'Content-Length': '61', 'X-XSS-Protection': '1; mode=block', 'Content-Security-Policy': "default-src 'self' 'unsafe-inline' 'unsafe-eval'", 'X-Download-Options': 'noopen', '__RequestVerificationToken': 'QdlSO1VbEqludzctkI5x69blzZLyolY1', 'X-Content-Type-Options': 'nosniff', 'Pragma': 'no-cache', 'Cache-Control': 'no-cache, no-store, max-age=0, must-revalidate', 'X-Frame-Options': 'SAMEORIGIN', 'Content-Type': 'text/html'}
DEBUG:huawei_lte.router:-------------
DEBUG:huawei_lte.router:-- DATA --
DEBUG:huawei_lte.router:<?xml version="1.0" encoding="UTF-8"?><response>OK</response>
DEBUG:huawei_lte.router:-------------
INFO:huawei_lte.router:LOGIN for user [admin]
DEBUG:huawei_lte.router:------------ REQUEST to http://192.168.9.1/ -------------
DEBUG:huawei_lte.router:-- HEADERS --
DEBUG:huawei_lte.router:None
DEBUG:huawei_lte.router:-------------
DEBUG:urllib3.connectionpool:Starting new HTTP connection (1): 192.168.9.1:80
DEBUG:urllib3.connectionpool:http://192.168.9.1:80 "GET / HTTP/1.1" 200 6612
INFO:huawei_lte.router:GET http://192.168.9.1/ 200
DEBUG:huawei_lte.router:------------ RESPONSE to http://192.168.9.1/ -------------
DEBUG:huawei_lte.router:-- HEADERS --
DEBUG:huawei_lte.router:{'Content-Length': '6612', 'X-XSS-Protection': '1; mode=block', 'Content-Security-Policy': "default-src 'self' 'unsafe-inline' 'unsafe-eval'", 'X-Download-Options': 'noopen', 'Set-Cookie': 'SessionID=2ds0HexsdoEtuE7NpxoxIdBra7qGCSQlwTq34CdEAh5uH5CvM5YL535dUKYlLDh1z7tY0QZa6oB7ugkmijHUqLSPw7aMENlzzNEyITsBPjeVSQb8G00NkzH0744oyxEA; path=/; HttpOnly;', 'X-Content-Type-Options': 'nosniff', 'Connection': 'Keep-Alive', 'Pragma': 'no-cache', 'Cache-Control': 'no-cache, no-store, max-age=0, must-revalidate', 'Date': 'Mon, 18 May 2020 07:56:17 GMT', 'X-Frame-Options': 'SAMEORIGIN', 'Content-Type': 'text/html'}
DEBUG:huawei_lte.router:-------------
DEBUG:huawei_lte.router:-- DATA --
DEBUG:huawei_lte.router:ï»¿<!DOCTYPE html>
<html id="html">
    <head><meta name="csrf_token" content="w7d4ItcUI5MPjx3t00Cw0Iu48fm05EH0">
<meta name="csrf_token" content="miH0bsLe9zoqv91KFjY0qqFvA9PVmskH">

        <meta http-equiv="X-UA-Compatible" content="IE=edge,chrome=1" />
        <meta http-equiv="Content-Type" content="text/html; charset=UTF-8" />
        <meta name="format-detection" content="telephone=no" />
        <meta http-equiv='Pragma' content='no-cache'/>
        <meta http-equiv="Cache-Control" content="no-cache, must-revalidate" />
        <meta name="description" content="emui webui 6.0" />
        <meta name="author" content="emui webui 6.0" />
        <meta name="viewport" content="initial-scale=0.4;user-scalable=yes" />
        <link type="text/css" rel="stylesheet" href="../css/emui-style.css" />
        <script type="text/javascript" src="../lib/emui-jquery.js"></script>
        <script type="text/javascript" src="../js/public.js"></script>

        <script type="text/javascript">
            var DEFAULT_GATEWAY_IP = "";
            function isHandheldBrowser() {
                var hardwarePlatform = navigator.platform.toLowerCase();
                var agent = navigator.userAgent.toLowerCase();
                var isIpod = hardwarePlatform.indexOf("ipod") != -1;
                var isIphone = hardwarePlatform.indexOf("iphone") != -1;
                var isIpad =  hardwarePlatform.indexOf("ipad") != -1;
                var isAndroid = agent.indexOf("android") !=-1;

                if(0 == login_status) {
                    return false;
                }
                if (isIphone || isIpod || isIpad || isAndroid ) {
                    return true;
                } else {
                    if (screen.height <= 320 || screen.width <= 320) {
                        return true;
                    }
                }
                return false;
            }
            var login_status = null;
            // get connection status
            getAjaxData('config/global/config.xml', function(xml) {
                    var config_ret = xml;
                    login_status = config_ret.config.login;
                }, {
                    sync : true
                }
            );
            getConfigData('config/lan/config.xml', function(xml) {
                    var ret = xml;
                    if ('config' == ret.type) {
                        DEFAULT_GATEWAY_IP = ret.config.dhcps.ipaddress;
                    }
                }, {
                    sync: true
                }
            );
            var href = "http://" + DEFAULT_GATEWAY_IP;
            try {
                href = window.location.href;
            } catch(exception) {
                href = "http://" + DEFAULT_GATEWAY_IP;
            }

            //check login status
            var LOGIN_STATES_SUCCEED = "0";
            var userLoginState = LOGIN_STATES_SUCCEED;
            getAjaxData('api/user/state-login', function(xml) { //æ¥è¯¢ç»å½ç¶æ
                var ret = xml;
                if (ret.type == 'response') {
                    userLoginState=ret.response.State;
                }
            }, {
                sync: true
            });
            var g_auto_update_redirect = '';
            getAjaxData('api/device/basic_information', function(xml) { //æ¥è¯¢è®¾å¤åºæ¬ä¿¡æ¯
                var ret = xml;
                if (ret.type == 'response') {
                    g_auto_update_redirect = ret.response.restore_default_status;
                }
            }, {
                sync:true
            });
            var g_current_connection_status = '';
            var g_module = '';
            var sim_ret = '';
            var cradle_ret = '';
            var CRADLE_NETLINE_EXIST = 1;
            var ETHERNET_LAN_MODE = '5';
            var CRADLEAUTOMODE = '0';
            var MACRO_CONNECTION_CONNECTED = '901';
            var Login = '';
            getAjaxData('api/global/module-switch', function(xml) { //è·åé¡µé¢éç½®æ¨¡åå¼å³
                var ret = xml;
                if (ret.type == 'response') {
                    g_module = ret.response;
                }
            }, {
                sync:true
            });
            getAjaxData('api/monitoring/status', function(xml) { // æ¥è¯¢ç½ç»ç¶æä¿¡æ¯
                var ret = xml;
                if (ret.type == 'response') {
                    sim_ret = ret.response;
                }
            }, {
                sync:true
            });
            if (g_module.cradle_enabled) {
                getAjaxData('api/cradle/status-info', function(xml) { //è·åå½åè¿æ¥ä¿¡æ¯
                    var ret = xml;
                    if (ret.type == 'response') {
                        cradle_ret = ret.response;
                    }
                }, {
                    sync:true
                });
            }
            /*è·åæ¨å·ç¶æ*/
            if (g_module.cradle_enabled && cradle_ret !== '' && typeof(cradle_ret) !== 'undefined' && CRADLE_NETLINE_EXIST === cradle_ret.cradlestatus
                && ETHERNET_LAN_MODE !== cradle_ret.connectionmode && (CRADLEAUTOMODE !== cradle_ret.connectionmode)) {
                g_current_connection_status = cradle_ret.connectstatus;
            } else if (g_module.wifioffload_enabled && MACRO_CONNECTION_CONNECTED === sim_ret.WifiConnectionStatus) {
                g_current_connection_status = sim_ret.WifiConnectionStatus;
            } else {
                g_current_connection_status = sim_ret.ConnectionStatus;
            }
            $(document).ready( function() {

                /* è·åæ¯å¦æ¯æMCæ¨èé¡µé¢*/
                getAjaxData('config/global/config.xml', function(xml) {
                    var ret = xml;
                    if(ret.type == 'config' ) {
                        Login = ret.config;
                    }
                }, {
                    sync: true
                });

                if( true == isHandheldBrowser()
                    && (userLoginState != LOGIN_STATES_SUCCEED)
                    && (typeof Login.commend_enable != 'undefined')
                    && Login.commend_enable === '1'
                    && MACRO_CONNECTION_CONNECTED === g_current_connection_status) {
                    gotoPageWithoutHistory("../html/commend.html");
                } else {
                    gotoPageWithoutHistory("../html/index.html");
                }
            });
        </script>
        <title></title>
    </head>
    <body style="background-color: #FFFFFF;">
    </body>
</html>

DEBUG:huawei_lte.router:-------------
DEBUG:huawei_lte.router:------------ REQUEST to http://192.168.9.1/api/webserver/token -------------
DEBUG:huawei_lte.router:-- HEADERS --
DEBUG:huawei_lte.router:None
DEBUG:huawei_lte.router:-------------
DEBUG:urllib3.connectionpool:Resetting dropped connection: 192.168.9.1
DEBUG:urllib3.connectionpool:http://192.168.9.1:80 "GET /api/webserver/token HTTP/1.1" 200 138
INFO:huawei_lte.router:GET http://192.168.9.1/api/webserver/token 200
DEBUG:huawei_lte.router:------------ RESPONSE to http://192.168.9.1/api/webserver/token -------------
DEBUG:huawei_lte.router:-- HEADERS --
DEBUG:huawei_lte.router:{'Content-Length': '138', 'X-XSS-Protection': '1; mode=block', 'Content-Security-Policy': "default-src 'self' 'unsafe-inline' 'unsafe-eval'", 'X-Download-Options': 'noopen', 'X-Content-Type-Options': 'nosniff', 'Connection': 'Keep-Alive', 'Pragma': 'no-cache', 'Cache-Control': 'no-cache, no-store, max-age=0, must-revalidate', 'Date': 'Mon, 18 May 2020 07:56:18 GMT', 'X-Frame-Options': 'SAMEORIGIN', 'Content-Type': 'text/html'}
DEBUG:huawei_lte.router:-------------
DEBUG:huawei_lte.router:-- DATA --
DEBUG:huawei_lte.router:<?xml version="1.0" encoding="UTF-8"?><response><token>G5T0MGOBLPs0RrpUJPazz70oygE8v6ZOdbqE5cMDp4zMH0FWJD1zfqubMg08a0QF</token></response>
DEBUG:huawei_lte.router:-------------
DEBUG:huawei_lte.router:------------ REQUEST to http://192.168.9.1/api/user/challenge_login -------------
DEBUG:huawei_lte.router:-- HEADERS --
DEBUG:huawei_lte.router:{'__RequestVerificationToken': 'dbqE5cMDp4zMH0FWJD1zfqubMg08a0QF', 'Content-type': 'text/html'}
DEBUG:huawei_lte.router:-------------
DEBUG:huawei_lte.router:-- DATA --
DEBUG:huawei_lte.router:<?xml version="1.0" encoding="UTF-8"?><request><username>admin</username><firstnonce>ebd012f61847456192fd01be264cfcdcdf23a1fdefcc40eea94436094055507c</firstnonce><mode>1</mode></request>
DEBUG:huawei_lte.router:-------------
DEBUG:urllib3.connectionpool:http://192.168.9.1:80 "POST /api/user/challenge_login HTTP/1.1" 200 337
INFO:huawei_lte.router:POST http://192.168.9.1/api/user/challenge_login 200
DEBUG:huawei_lte.router:------------ RESPONSE to http://192.168.9.1/api/user/challenge_login -------------
DEBUG:huawei_lte.router:-- HEADERS --
DEBUG:huawei_lte.router:{'Content-Length': '337', 'X-XSS-Protection': '1; mode=block', 'Content-Security-Policy': "default-src 'self' 'unsafe-inline' 'unsafe-eval'", 'X-Download-Options': 'noopen', '__RequestVerificationToken': 'NVA90hnJdAk9PdkZ4JARjv5MnaJbfH0n', 'X-Content-Type-Options': 'nosniff', 'Pragma': 'no-cache', 'Cache-Control': 'no-cache, no-store, max-age=0, must-revalidate', 'X-Frame-Options': 'SAMEORIGIN', 'Content-Type': 'text/html'}
DEBUG:huawei_lte.router:-------------
DEBUG:huawei_lte.router:-- DATA --
DEBUG:huawei_lte.router:<?xml version="1.0" encoding="UTF-8"?><response><iterations>100</iterations><servernonce>ebd012f61847456192fd01be264cfcdcdf23a1fdefcc40eea94436094055507cGbWuKLH0sUXJARMMSwMoWNEQiadG2QZE</servernonce><modeselected>1</modeselected><salt>844b89b04c8a9d0a3b7422ad70d404fd8cb0bfb6eac3bb1366e6aca09f77da24</salt><newType>0</newType></response>
DEBUG:huawei_lte.router:-------------
DEBUG:huawei_lte.router:------------ REQUEST to http://192.168.9.1/api/user/authentication_login -------------
DEBUG:huawei_lte.router:-- HEADERS --
DEBUG:huawei_lte.router:{'__RequestVerificationToken': 'NVA90hnJdAk9PdkZ4JARjv5MnaJbfH0n', 'Content-type': 'application/x-www-form-urlencoded; charset=UTF-8'}
DEBUG:huawei_lte.router:-------------
DEBUG:huawei_lte.router:-- DATA --
DEBUG:huawei_lte.router:<?xml version="1.0" encoding="UTF-8"?><request><clientproof>1d472507f3d304d72ec34369397395572aa2d2dd63d53aa4ea73d72a526cc30e</clientproof><finalnonce>ebd012f61847456192fd01be264cfcdcdf23a1fdefcc40eea94436094055507cGbWuKLH0sUXJARMMSwMoWNEQiadG2QZE</finalnonce></request>
DEBUG:huawei_lte.router:-------------
DEBUG:urllib3.connectionpool:http://192.168.9.1:80 "POST /api/user/authentication_login HTTP/1.1" 200 807
INFO:huawei_lte.router:POST http://192.168.9.1/api/user/authentication_login 200
DEBUG:huawei_lte.router:------------ RESPONSE to http://192.168.9.1/api/user/authentication_login -------------
DEBUG:huawei_lte.router:-- HEADERS --
DEBUG:huawei_lte.router:{'Content-Length': '807', 'X-XSS-Protection': '1; mode=block', 'Content-Security-Policy': "default-src 'self' 'unsafe-inline' 'unsafe-eval'", 'X-Download-Options': 'noopen', '__RequestVerificationToken': 'sdfNFpPrEgc55K5LU3xd4UWg0kKqMkk0#ZllndmePrFkEdqzb5Ox0DXZlckjCFyHg#566993B5jMrZ9daBNA48RB6II0ZngQQ8#n87nvjhHKuGLaqQIJtz4AdeihSoMSYnQ#2hE5u0mLKRqbeuFQADxWOPcysdl3f0as#yY1L7ditmWgL7LKdeZzJpH0cv0efyYLV#fvSZZDfZ3Z7Vf85U8lnLOTugBfMXazcw#vgHaPHAbfo6chAme0H3XfJJ0Bp1uVNZJ#knEqaqwVoGvh5bqGO2yfARTBP5bfwmwW#AYOTxVFjVcKMBx0qOJ8wsPE0gQUi0xnh#hE40Su7xz5O0hidXIiz0YZ3pjlxTsAhk#h0kHvnLxxn25o0sRfSO4ZinGot1dAoEv#Qnt2BWag8070nUwp7j00JHwmjCB17xEX#7ClquzSMxzrU3gz8r156RypbavfguNpS#w24x9bgZHMTYhyX0NgVXicIltvy0rnyM#ousPEm5hnPPkX00nx0rXGVRObVjkWPWY#T0lHfV2rGg9T4XoElYGhF9iQsRcYIP4d#xR8bc7ieOqDjXQm7kb0dZ4HCGY1LtDoW#A9zJOfM0lOst0STQPDja1Imr6MTXiqn8#NW7J66jRzDCodRrNV5L0CR4LB2j70zgP#ney9umv5GvikHc6XruMG0sX0mlfQyPM3#ZV0umYIG3EBihKkaEyUdIDmLXSDJ7p8l#8LuCYPIn6mIqpO8GUskZrlNPbwdkCKKP#LQj0LYh2RQLxobuXLl0ZtZysftAffWG6#C0Xhco01kAC5X1okbpoN30FOHYccZMyp#epRP0cjyxHhHYNGS00Jzi7sIDRAvxi7d#m5MX7dr1GSZtjaxorckMZ43iVPdRQcw0#GoJGTHPcEXQKgooXy8GfB9ZLUelPWfZc#3Md7USMqXchVXRG70Z5Gf2x421d4PqEu#CbDJA7BkOopcEdzD877m0FGJ0ZkECWbv#00c403KMcLyyRpNwNXRKI4k3P03qMxuh#BagGrenNViD6Pc3vSOYvZJkOvtO3CZi2', 'Set-Cookie': 'SessionID=bJsXG59bgBucyXAUrIzNxznBgRx6O0dYL0rhtqmqL4Xnpgcg0pa6x1bUHbxTLOdd2viDHY8I8x8aVPLt7iEyvHHfw62P2KiPs2k7ZUwnZNDL6tR9zNtfUx9sRya7Ewp2; path=/; HttpOnly;', '__RequestVerificationTokentwo': 'ZllndmePrFkEdqzb5Ox0DXZlckjCFyHg', 'X-Content-Type-Options': 'nosniff', '__RequestVerificationTokenone': 'sdfNFpPrEgc55K5LU3xd4UWg0kKqMkk0', 'Pragma': 'no-cache', 'Cache-Control': 'no-cache, no-store, max-age=0, must-revalidate', 'X-Frame-Options': 'SAMEORIGIN', 'Content-Type': 'text/html'}
DEBUG:huawei_lte.router:-------------
DEBUG:huawei_lte.router:-- DATA --
DEBUG:huawei_lte.router:<?xml version="1.0" encoding="UTF-8"?><response><rsan>b2516d802ecb467bc61ec9a7443be11f0c50fe4a1a7b6acdcb8e5902c99d42cf213475b65625647923283487e8bae8496acbf783ed54c3d56daa0efcafc11d52f6cf3f48990edf1c96a57f7f32292794bf6bdc96e2895bcb2fbcc6b53a670b3bfafac4b039f23d57e693f713af775d9a35f5bab7d973cb284318ba403f92a048b67b3d41a15ba846aa0ab370830a492f7fafd589aa1c84646f6fff25d21e26190ec842fb95b5ca3724cb1cb45535b40088eb465716e171932eb83a77372ae94dffb743ba6c65f3c18fa70762306838d857e301166ceaaa4ebac9929d7d834cb695908ed14e9c2bed0d478c331d03031dcd1095fa4ee4dd8697c2e7b4137f3c39</rsan><rsae>010001</rsae><serversignature>e7b90d6d90b0b4a79250dbe9be8a8d305e630dd76e54b35e0a10c3bf442f4f6f</serversignature><rsapubkeysignature>5e4e339d5db47f7d13e18fcebc4c27a49e8b93a42a6737ad62e284a3be312a45</rsapubkeysignature></response>
DEBUG:huawei_lte.router:-------------
DEBUG:huawei_lte.router:------------ REQUEST to http://192.168.9.1/api/webserver/token -------------
DEBUG:huawei_lte.router:-- HEADERS --
DEBUG:huawei_lte.router:None
DEBUG:huawei_lte.router:-------------
DEBUG:urllib3.connectionpool:http://192.168.9.1:80 "GET /api/webserver/token HTTP/1.1" 200 138
INFO:huawei_lte.router:GET http://192.168.9.1/api/webserver/token 200
DEBUG:huawei_lte.router:------------ RESPONSE to http://192.168.9.1/api/webserver/token -------------
DEBUG:huawei_lte.router:-- HEADERS --
DEBUG:huawei_lte.router:{'Content-Length': '138', 'X-XSS-Protection': '1; mode=block', 'Content-Security-Policy': "default-src 'self' 'unsafe-inline' 'unsafe-eval'", 'X-Download-Options': 'noopen', 'X-Content-Type-Options': 'nosniff', 'Connection': 'Keep-Alive', 'Pragma': 'no-cache', 'Cache-Control': 'no-cache, no-store, max-age=0, must-revalidate', 'Date': 'Mon, 18 May 2020 07:56:18 GMT', 'X-Frame-Options': 'SAMEORIGIN', 'Content-Type': 'text/html'}
DEBUG:huawei_lte.router:-------------
DEBUG:huawei_lte.router:-- DATA --
DEBUG:huawei_lte.router:<?xml version="1.0" encoding="UTF-8"?><response><token>SYeFsm1ENifJ4q6r00G41Ti2uDlZkgbGkScNkHmiOAFLkNeTyjDOg26IhcxZk4yo</token></response>
DEBUG:huawei_lte.router:-------------
DEBUG:huawei_lte.router:------------ REQUEST to http://192.168.9.1/api/cradle/basic-info -------------
DEBUG:huawei_lte.router:-- HEADERS --
DEBUG:huawei_lte.router:{'__RequestVerificationToken': 'kScNkHmiOAFLkNeTyjDOg26IhcxZk4yo', 'Content-type': 'application/x-www-form-urlencoded; charset=UTF-8'}
DEBUG:huawei_lte.router:-------------
DEBUG:urllib3.connectionpool:http://192.168.9.1:80 "GET /api/cradle/basic-info HTTP/1.1" 200 620
INFO:huawei_lte.router:GET http://192.168.9.1/api/cradle/basic-info 200
DEBUG:huawei_lte.router:------------ RESPONSE to http://192.168.9.1/api/cradle/basic-info -------------
DEBUG:huawei_lte.router:-- HEADERS --
DEBUG:huawei_lte.router:{'Content-Length': '620', 'X-XSS-Protection': '1; mode=block', 'Content-Security-Policy': "default-src 'self' 'unsafe-inline' 'unsafe-eval'", 'X-Download-Options': 'noopen', 'X-Content-Type-Options': 'nosniff', 'Connection': 'Keep-Alive', 'Pragma': 'no-cache', 'Cache-Control': 'no-cache, no-store, max-age=0, must-revalidate', 'Date': 'Mon, 18 May 2020 07:56:18 GMT', 'X-Frame-Options': 'SAMEORIGIN', 'Content-Type': 'text/html'}
DEBUG:huawei_lte.router:-------------
DEBUG:huawei_lte.router:-- DATA --
DEBUG:huawei_lte.router:<?xml version="1.0" encoding="UTF-8"?><response><dynamicprimarydns>8.8.8.8</dynamicprimarydns><netmask>255.255.255.0</netmask><dynamicsetdnsmanual>1</dynamicsetdnsmanual><secondarydns>0.0.0.0</secondarydns><staticipmtu>1500</staticipmtu><dialmode>0</dialmode><maxidletime>600</maxidletime><pppoepwd>********</pppoepwd><dynamicsecondarydns>8.8.4.4</dynamicsecondarydns><ipaddress>192.168.1.113</ipaddress><pppoeuser>fred</pppoeuser><pppoeauth>1</pppoeauth><connectionmode>0</connectionmode><gateway>192.168.1.1</gateway><pppoemtu>1480</pppoemtu><dynamicipmtu>1500</dynamicipmtu><primarydns>0.0.0.0</primarydns></response>
DEBUG:huawei_lte.router:-------------
DEBUG:huawei_lte.router:------------ REQUEST to http://192.168.9.1/api/webserver/token -------------
DEBUG:huawei_lte.router:-- HEADERS --
DEBUG:huawei_lte.router:None
DEBUG:huawei_lte.router:-------------
DEBUG:urllib3.connectionpool:http://192.168.9.1:80 "GET /api/webserver/token HTTP/1.1" 200 138
INFO:huawei_lte.router:GET http://192.168.9.1/api/webserver/token 200
DEBUG:huawei_lte.router:------------ RESPONSE to http://192.168.9.1/api/webserver/token -------------
DEBUG:huawei_lte.router:-- HEADERS --
DEBUG:huawei_lte.router:{'Content-Length': '138', 'X-XSS-Protection': '1; mode=block', 'Content-Security-Policy': "default-src 'self' 'unsafe-inline' 'unsafe-eval'", 'X-Download-Options': 'noopen', 'X-Content-Type-Options': 'nosniff', 'Connection': 'Keep-Alive', 'Pragma': 'no-cache', 'Cache-Control': 'no-cache, no-store, max-age=0, must-revalidate', 'Date': 'Mon, 18 May 2020 07:56:18 GMT', 'X-Frame-Options': 'SAMEORIGIN', 'Content-Type': 'text/html'}
DEBUG:huawei_lte.router:-------------
DEBUG:huawei_lte.router:-- DATA --
DEBUG:huawei_lte.router:<?xml version="1.0" encoding="UTF-8"?><response><token>ZTPYagp0QiEj6z0BzyPez9ZCg0ykjxV0Izc50yJ7RRplkwtWkSmz4DEoCxEWJrdx</token></response>
DEBUG:huawei_lte.router:-------------
DEBUG:huawei_lte.router:------------ REQUEST to http://192.168.9.1/api/cradle/basic-info -------------
DEBUG:huawei_lte.router:-- HEADERS --
DEBUG:huawei_lte.router:{'__RequestVerificationToken': 'Izc50yJ7RRplkwtWkSmz4DEoCxEWJrdx', 'Content-type': 'application/x-www-form-urlencoded; charset=UTF-8'}
DEBUG:huawei_lte.router:-------------
DEBUG:huawei_lte.router:-- DATA --
DEBUG:huawei_lte.router:<?xml version="1.0" encoding="UTF-8"?><request><pppoeuser>fred</pppoeuser><connectionmode>0</connectionmode><secondarydns>0.0.0.0</secondarydns><pppoemtu>1480</pppoemtu><dynamicsetdnsmanual>1</dynamicsetdnsmanual><maxidletime>600</maxidletime><pppoepwd></pppoepwd><netmask>255.255.255.0</netmask><dynamicsecondarydns>8.8.4.4</dynamicsecondarydns><dynamicipmtu>1500</dynamicipmtu><primarydns>0.0.0.0</primarydns><pppoeauth>1</pppoeauth><ipaddress>192.168.1.113</ipaddress><gateway>192.168.1.1</gateway><dynamicprimarydns>8.8.8.8</dynamicprimarydns></request>
DEBUG:huawei_lte.router:-------------
DEBUG:urllib3.connectionpool:http://192.168.9.1:80 "POST /api/cradle/basic-info HTTP/1.1" 200 61
INFO:huawei_lte.router:POST http://192.168.9.1/api/cradle/basic-info 200
DEBUG:huawei_lte.router:------------ RESPONSE to http://192.168.9.1/api/cradle/basic-info -------------
DEBUG:huawei_lte.router:-- HEADERS --
DEBUG:huawei_lte.router:{'Content-Length': '61', 'X-XSS-Protection': '1; mode=block', 'Content-Security-Policy': "default-src 'self' 'unsafe-inline' 'unsafe-eval'", 'X-Download-Options': 'noopen', '__RequestVerificationToken': '4cxNr20EENOeOkB4IFQhPwzmwdsFIzFn', 'X-Content-Type-Options': 'nosniff', 'Pragma': 'no-cache', 'Cache-Control': 'no-cache, no-store, max-age=0, must-revalidate', 'X-Frame-Options': 'SAMEORIGIN', 'Content-Type': 'text/html'}
DEBUG:huawei_lte.router:-------------
DEBUG:huawei_lte.router:-- DATA --
DEBUG:huawei_lte.router:<?xml version="1.0" encoding="UTF-8"?><response>OK</response>
DEBUG:huawei_lte.router:-------------
DEBUG:huawei_lte.router:------------ REQUEST to http://192.168.9.1/api/webserver/token -------------
DEBUG:huawei_lte.router:-- HEADERS --
DEBUG:huawei_lte.router:None
DEBUG:huawei_lte.router:-------------
DEBUG:urllib3.connectionpool:http://192.168.9.1:80 "GET /api/webserver/token HTTP/1.1" 200 138
INFO:huawei_lte.router:GET http://192.168.9.1/api/webserver/token 200
DEBUG:huawei_lte.router:------------ RESPONSE to http://192.168.9.1/api/webserver/token -------------
DEBUG:huawei_lte.router:-- HEADERS --
DEBUG:huawei_lte.router:{'Content-Length': '138', 'X-XSS-Protection': '1; mode=block', 'Content-Security-Policy': "default-src 'self' 'unsafe-inline' 'unsafe-eval'", 'X-Download-Options': 'noopen', 'X-Content-Type-Options': 'nosniff', 'Connection': 'Keep-Alive', 'Pragma': 'no-cache', 'Cache-Control': 'no-cache, no-store, max-age=0, must-revalidate', 'Date': 'Mon, 18 May 2020 07:56:18 GMT', 'X-Frame-Options': 'SAMEORIGIN', 'Content-Type': 'text/html'}
DEBUG:huawei_lte.router:-------------
DEBUG:huawei_lte.router:-- DATA --
DEBUG:huawei_lte.router:<?xml version="1.0" encoding="UTF-8"?><response><token>c0091Hf1yC2YHYJ0ymsNLazbh50Qg3hpGcQ8oevZQMKAB5eYk8FVtyJaeUM0cQac</token></response>
DEBUG:huawei_lte.router:-------------
DEBUG:huawei_lte.router:------------ REQUEST to http://192.168.9.1/api/cradle/basic-info -------------
DEBUG:huawei_lte.router:-- HEADERS --
DEBUG:huawei_lte.router:{'__RequestVerificationToken': 'GcQ8oevZQMKAB5eYk8FVtyJaeUM0cQac', 'Content-type': 'application/x-www-form-urlencoded; charset=UTF-8'}
DEBUG:huawei_lte.router:-------------
DEBUG:urllib3.connectionpool:http://192.168.9.1:80 "GET /api/cradle/basic-info HTTP/1.1" 200 620
INFO:huawei_lte.router:GET http://192.168.9.1/api/cradle/basic-info 200
DEBUG:huawei_lte.router:------------ RESPONSE to http://192.168.9.1/api/cradle/basic-info -------------
DEBUG:huawei_lte.router:-- HEADERS --
DEBUG:huawei_lte.router:{'Content-Length': '620', 'X-XSS-Protection': '1; mode=block', 'Content-Security-Policy': "default-src 'self' 'unsafe-inline' 'unsafe-eval'", 'X-Download-Options': 'noopen', 'X-Content-Type-Options': 'nosniff', 'Connection': 'Keep-Alive', 'Pragma': 'no-cache', 'Cache-Control': 'no-cache, no-store, max-age=0, must-revalidate', 'Date': 'Mon, 18 May 2020 07:56:18 GMT', 'X-Frame-Options': 'SAMEORIGIN', 'Content-Type': 'text/html'}
DEBUG:huawei_lte.router:-------------
DEBUG:huawei_lte.router:-- DATA --
DEBUG:huawei_lte.router:<?xml version="1.0" encoding="UTF-8"?><response><dynamicprimarydns>8.8.8.8</dynamicprimarydns><netmask>255.255.255.0</netmask><dynamicsetdnsmanual>1</dynamicsetdnsmanual><secondarydns>0.0.0.0</secondarydns><staticipmtu>1500</staticipmtu><dialmode>0</dialmode><maxidletime>600</maxidletime><pppoepwd>********</pppoepwd><dynamicsecondarydns>8.8.4.4</dynamicsecondarydns><ipaddress>192.168.1.113</ipaddress><pppoeuser>fred</pppoeuser><pppoeauth>1</pppoeauth><connectionmode>0</connectionmode><gateway>192.168.1.1</gateway><pppoemtu>1480</pppoemtu><dynamicipmtu>1500</dynamicipmtu><primarydns>0.0.0.0</primarydns></response>
DEBUG:huawei_lte.router:-------------
DEBUG:huawei_lte.router:------------ REQUEST to http://192.168.9.1/api/webserver/token -------------
DEBUG:huawei_lte.router:-- HEADERS --
DEBUG:huawei_lte.router:None
DEBUG:huawei_lte.router:-------------
DEBUG:urllib3.connectionpool:http://192.168.9.1:80 "GET /api/webserver/token HTTP/1.1" 200 138
INFO:huawei_lte.router:GET http://192.168.9.1/api/webserver/token 200
DEBUG:huawei_lte.router:------------ RESPONSE to http://192.168.9.1/api/webserver/token -------------
DEBUG:huawei_lte.router:-- HEADERS --
DEBUG:huawei_lte.router:{'Content-Length': '138', 'X-XSS-Protection': '1; mode=block', 'Content-Security-Policy': "default-src 'self' 'unsafe-inline' 'unsafe-eval'", 'X-Download-Options': 'noopen', 'X-Content-Type-Options': 'nosniff', 'Connection': 'Keep-Alive', 'Pragma': 'no-cache', 'Cache-Control': 'no-cache, no-store, max-age=0, must-revalidate', 'Date': 'Mon, 18 May 2020 07:56:18 GMT', 'X-Frame-Options': 'SAMEORIGIN', 'Content-Type': 'text/html'}
DEBUG:huawei_lte.router:-------------
DEBUG:huawei_lte.router:-- DATA --
DEBUG:huawei_lte.router:<?xml version="1.0" encoding="UTF-8"?><response><token>vGBpPSsuykEmXZGUTZTnbG9yxzyVKvIZ9KIlxg3MxGm9JpWK3OJ7c4zHpszTSMGt</token></response>
DEBUG:huawei_lte.router:-------------
DEBUG:huawei_lte.router:------------ REQUEST to http://192.168.9.1/api/cradle/basic-info -------------
DEBUG:huawei_lte.router:-- HEADERS --
DEBUG:huawei_lte.router:{'__RequestVerificationToken': '9KIlxg3MxGm9JpWK3OJ7c4zHpszTSMGt', 'Content-type': 'application/x-www-form-urlencoded; charset=UTF-8'}
DEBUG:huawei_lte.router:-------------
DEBUG:huawei_lte.router:-- DATA --
DEBUG:huawei_lte.router:<?xml version="1.0" encoding="UTF-8"?><request><pppoeuser>fred</pppoeuser><connectionmode>0</connectionmode><secondarydns>0.0.0.0</secondarydns><pppoemtu>1480</pppoemtu><dynamicsetdnsmanual>1</dynamicsetdnsmanual><maxidletime>600</maxidletime><pppoepwd>secret</pppoepwd><netmask>255.255.255.0</netmask><dynamicsecondarydns>8.8.4.4</dynamicsecondarydns><dynamicipmtu>1500</dynamicipmtu><primarydns>0.0.0.0</primarydns><pppoeauth>1</pppoeauth><ipaddress>192.168.1.113</ipaddress><gateway>192.168.1.1</gateway><dynamicprimarydns>8.8.8.8</dynamicprimarydns></request>
DEBUG:huawei_lte.router:-------------
DEBUG:urllib3.connectionpool:http://192.168.9.1:80 "POST /api/cradle/basic-info HTTP/1.1" 200 61
INFO:huawei_lte.router:POST http://192.168.9.1/api/cradle/basic-info 200
DEBUG:huawei_lte.router:------------ RESPONSE to http://192.168.9.1/api/cradle/basic-info -------------
DEBUG:huawei_lte.router:-- HEADERS --
DEBUG:huawei_lte.router:{'Content-Length': '61', 'X-XSS-Protection': '1; mode=block', 'Content-Security-Policy': "default-src 'self' 'unsafe-inline' 'unsafe-eval'", 'X-Download-Options': 'noopen', '__RequestVerificationToken': 'oP7tZ0KY0kVXKP0BJc81yFjeuk5n3VTT', 'X-Content-Type-Options': 'nosniff', 'Pragma': 'no-cache', 'Cache-Control': 'no-cache, no-store, max-age=0, must-revalidate', 'X-Frame-Options': 'SAMEORIGIN', 'Content-Type': 'text/html'}
DEBUG:huawei_lte.router:-------------
DEBUG:huawei_lte.router:-- DATA --
DEBUG:huawei_lte.router:<?xml version="1.0" encoding="UTF-8"?><response>OK</response>
DEBUG:huawei_lte.router:-------------
DEBUG:huawei_lte.router:------------ REQUEST to http://192.168.9.1/api/webserver/token -------------
DEBUG:huawei_lte.router:-- HEADERS --
DEBUG:huawei_lte.router:None
DEBUG:huawei_lte.router:-------------
DEBUG:urllib3.connectionpool:http://192.168.9.1:80 "GET /api/webserver/token HTTP/1.1" 200 138
INFO:huawei_lte.router:GET http://192.168.9.1/api/webserver/token 200
DEBUG:huawei_lte.router:------------ RESPONSE to http://192.168.9.1/api/webserver/token -------------
DEBUG:huawei_lte.router:-- HEADERS --
DEBUG:huawei_lte.router:{'Content-Length': '138', 'X-XSS-Protection': '1; mode=block', 'Content-Security-Policy': "default-src 'self' 'unsafe-inline' 'unsafe-eval'", 'X-Download-Options': 'noopen', 'X-Content-Type-Options': 'nosniff', 'Connection': 'Keep-Alive', 'Pragma': 'no-cache', 'Cache-Control': 'no-cache, no-store, max-age=0, must-revalidate', 'Date': 'Mon, 18 May 2020 07:56:18 GMT', 'X-Frame-Options': 'SAMEORIGIN', 'Content-Type': 'text/html'}
DEBUG:huawei_lte.router:-------------
DEBUG:huawei_lte.router:-- DATA --
DEBUG:huawei_lte.router:<?xml version="1.0" encoding="UTF-8"?><response><token>SQ7Cs4IHtxgDc0v7Ok1lHYe6sCMt02JA09l5GH85mqgrzCIb5jzGpo6cnDjFW9WJ</token></response>
DEBUG:huawei_lte.router:-------------
DEBUG:huawei_lte.router:------------ REQUEST to http://192.168.9.1/api/cradle/basic-info -------------
DEBUG:huawei_lte.router:-- HEADERS --
DEBUG:huawei_lte.router:{'__RequestVerificationToken': '09l5GH85mqgrzCIb5jzGpo6cnDjFW9WJ', 'Content-type': 'application/x-www-form-urlencoded; charset=UTF-8'}
DEBUG:huawei_lte.router:-------------
DEBUG:urllib3.connectionpool:http://192.168.9.1:80 "GET /api/cradle/basic-info HTTP/1.1" 200 620
INFO:huawei_lte.router:GET http://192.168.9.1/api/cradle/basic-info 200
DEBUG:huawei_lte.router:------------ RESPONSE to http://192.168.9.1/api/cradle/basic-info -------------
DEBUG:huawei_lte.router:-- HEADERS --
DEBUG:huawei_lte.router:{'Content-Length': '620', 'X-XSS-Protection': '1; mode=block', 'Content-Security-Policy': "default-src 'self' 'unsafe-inline' 'unsafe-eval'", 'X-Download-Options': 'noopen', 'X-Content-Type-Options': 'nosniff', 'Connection': 'Keep-Alive', 'Pragma': 'no-cache', 'Cache-Control': 'no-cache, no-store, max-age=0, must-revalidate', 'Date': 'Mon, 18 May 2020 07:56:18 GMT', 'X-Frame-Options': 'SAMEORIGIN', 'Content-Type': 'text/html'}
DEBUG:huawei_lte.router:-------------
DEBUG:huawei_lte.router:-- DATA --
DEBUG:huawei_lte.router:<?xml version="1.0" encoding="UTF-8"?><response><dynamicprimarydns>8.8.8.8</dynamicprimarydns><netmask>255.255.255.0</netmask><dynamicsetdnsmanual>1</dynamicsetdnsmanual><secondarydns>0.0.0.0</secondarydns><staticipmtu>1500</staticipmtu><dialmode>0</dialmode><maxidletime>600</maxidletime><pppoepwd>********</pppoepwd><dynamicsecondarydns>8.8.4.4</dynamicsecondarydns><ipaddress>192.168.1.113</ipaddress><pppoeuser>fred</pppoeuser><pppoeauth>1</pppoeauth><connectionmode>0</connectionmode><gateway>192.168.1.1</gateway><pppoemtu>1480</pppoemtu><dynamicipmtu>1500</dynamicipmtu><primarydns>0.0.0.0</primarydns></response>
DEBUG:huawei_lte.router:-------------
DEBUG:huawei_lte.router:------------ REQUEST to http://192.168.9.1/api/webserver/token -------------
DEBUG:huawei_lte.router:-- HEADERS --
DEBUG:huawei_lte.router:None
DEBUG:huawei_lte.router:-------------
DEBUG:urllib3.connectionpool:http://192.168.9.1:80 "GET /api/webserver/token HTTP/1.1" 200 138
INFO:huawei_lte.router:GET http://192.168.9.1/api/webserver/token 200
DEBUG:huawei_lte.router:------------ RESPONSE to http://192.168.9.1/api/webserver/token -------------
DEBUG:huawei_lte.router:-- HEADERS --
DEBUG:huawei_lte.router:{'Content-Length': '138', 'X-XSS-Protection': '1; mode=block', 'Content-Security-Policy': "default-src 'self' 'unsafe-inline' 'unsafe-eval'", 'X-Download-Options': 'noopen', 'X-Content-Type-Options': 'nosniff', 'Connection': 'Keep-Alive', 'Pragma': 'no-cache', 'Cache-Control': 'no-cache, no-store, max-age=0, must-revalidate', 'Date': 'Mon, 18 May 2020 07:56:18 GMT', 'X-Frame-Options': 'SAMEORIGIN', 'Content-Type': 'text/html'}
DEBUG:huawei_lte.router:-------------
DEBUG:huawei_lte.router:-- DATA --
DEBUG:huawei_lte.router:<?xml version="1.0" encoding="UTF-8"?><response><token>AjoomT2OEeYd0gmhWpkBgk052q5KX020lTus8grQfpo84oUBAJVyE3o5yxqxS2hF</token></response>
DEBUG:huawei_lte.router:-------------
DEBUG:huawei_lte.router:------------ REQUEST to http://192.168.9.1/api/cradle/status-info -------------
DEBUG:huawei_lte.router:-- HEADERS --
DEBUG:huawei_lte.router:{'__RequestVerificationToken': 'lTus8grQfpo84oUBAJVyE3o5yxqxS2hF', 'Content-type': 'application/x-www-form-urlencoded; charset=UTF-8'}
DEBUG:huawei_lte.router:-------------
DEBUG:urllib3.connectionpool:http://192.168.9.1:80 "GET /api/cradle/status-info HTTP/1.1" 200 455
INFO:huawei_lte.router:GET http://192.168.9.1/api/cradle/status-info 200
DEBUG:huawei_lte.router:------------ RESPONSE to http://192.168.9.1/api/cradle/status-info -------------
DEBUG:huawei_lte.router:-- HEADERS --
DEBUG:huawei_lte.router:{'Content-Length': '455', 'X-XSS-Protection': '1; mode=block', 'Content-Security-Policy': "default-src 'self' 'unsafe-inline' 'unsafe-eval'", 'X-Download-Options': 'noopen', 'X-Content-Type-Options': 'nosniff', 'Connection': 'Keep-Alive', 'Pragma': 'no-cache', 'Cache-Control': 'no-cache, no-store, max-age=0, must-revalidate', 'Date': 'Mon, 18 May 2020 07:56:18 GMT', 'X-Frame-Options': 'SAMEORIGIN', 'Content-Type': 'text/html'}
DEBUG:huawei_lte.router:-------------
DEBUG:huawei_lte.router:-- DATA --
DEBUG:huawei_lte.router:<?xml version="1.0" encoding="UTF-8"?><response><cradlestatus>1</cradlestatus><ipaddressipv6></ipaddressipv6><ipaddress>192.168.1.113</ipaddress><netmask>255.255.255.0</netmask><primarydnsipv6></primarydnsipv6><secondarydns>8.8.4.4</secondarydns><currenttime>1161</currenttime><secondarydnsipv6></secondarydnsipv6><connectstatus>901</connectstatus><connectionmode>3</connectionmode><gateway>192.168.1.1</gateway><primarydns>8.8.8.8</primarydns></response>
DEBUG:huawei_lte.router:-------------
DEBUG:huawei_lte.router:------------ REQUEST to http://192.168.9.1/api/webserver/token -------------
DEBUG:huawei_lte.router:-- HEADERS --
DEBUG:huawei_lte.router:None
DEBUG:huawei_lte.router:-------------
DEBUG:urllib3.connectionpool:http://192.168.9.1:80 "GET /api/webserver/token HTTP/1.1" 200 138
INFO:huawei_lte.router:GET http://192.168.9.1/api/webserver/token 200
DEBUG:huawei_lte.router:------------ RESPONSE to http://192.168.9.1/api/webserver/token -------------
DEBUG:huawei_lte.router:-- HEADERS --
DEBUG:huawei_lte.router:{'Content-Length': '138', 'X-XSS-Protection': '1; mode=block', 'Content-Security-Policy': "default-src 'self' 'unsafe-inline' 'unsafe-eval'", 'X-Download-Options': 'noopen', 'X-Content-Type-Options': 'nosniff', 'Connection': 'Keep-Alive', 'Pragma': 'no-cache', 'Cache-Control': 'no-cache, no-store, max-age=0, must-revalidate', 'Date': 'Mon, 18 May 2020 07:56:18 GMT', 'X-Frame-Options': 'SAMEORIGIN', 'Content-Type': 'text/html'}
DEBUG:huawei_lte.router:-------------
DEBUG:huawei_lte.router:-- DATA --
DEBUG:huawei_lte.router:<?xml version="1.0" encoding="UTF-8"?><response><token>0zbTT50IgZvfsnYPZGEcSxEmiY6ApIFm8QnSQkebqKvRwNJzYMOJ6luUQ4cnhSXu</token></response>
DEBUG:huawei_lte.router:-------------
DEBUG:huawei_lte.router:------------ REQUEST to http://192.168.9.1/api/cradle/status-info -------------
DEBUG:huawei_lte.router:-- HEADERS --
DEBUG:huawei_lte.router:{'__RequestVerificationToken': '8QnSQkebqKvRwNJzYMOJ6luUQ4cnhSXu', 'Content-type': 'application/x-www-form-urlencoded; charset=UTF-8'}
DEBUG:huawei_lte.router:-------------
DEBUG:urllib3.connectionpool:http://192.168.9.1:80 "GET /api/cradle/status-info HTTP/1.1" 200 455
INFO:huawei_lte.router:GET http://192.168.9.1/api/cradle/status-info 200
DEBUG:huawei_lte.router:------------ RESPONSE to http://192.168.9.1/api/cradle/status-info -------------
DEBUG:huawei_lte.router:-- HEADERS --
DEBUG:huawei_lte.router:{'Content-Length': '455', 'X-XSS-Protection': '1; mode=block', 'Content-Security-Policy': "default-src 'self' 'unsafe-inline' 'unsafe-eval'", 'X-Download-Options': 'noopen', 'X-Content-Type-Options': 'nosniff', 'Connection': 'Keep-Alive', 'Pragma': 'no-cache', 'Cache-Control': 'no-cache, no-store, max-age=0, must-revalidate', 'Date': 'Mon, 18 May 2020 07:56:18 GMT', 'X-Frame-Options': 'SAMEORIGIN', 'Content-Type': 'text/html'}
DEBUG:huawei_lte.router:-------------
DEBUG:huawei_lte.router:-- DATA --
DEBUG:huawei_lte.router:<?xml version="1.0" encoding="UTF-8"?><response><cradlestatus>1</cradlestatus><ipaddressipv6></ipaddressipv6><ipaddress>192.168.1.113</ipaddress><netmask>255.255.255.0</netmask><primarydnsipv6></primarydnsipv6><secondarydns>8.8.4.4</secondarydns><currenttime>1161</currenttime><secondarydnsipv6></secondarydnsipv6><connectstatus>901</connectstatus><connectionmode>3</connectionmode><gateway>192.168.1.1</gateway><primarydns>8.8.8.8</primarydns></response>
DEBUG:huawei_lte.router:-------------
INFO:huawei_lte.router:LOGOUT for user [admin]
DEBUG:huawei_lte.router:------------ REQUEST to http://192.168.9.1/api/webserver/token -------------
DEBUG:huawei_lte.router:-- HEADERS --
DEBUG:huawei_lte.router:None
DEBUG:huawei_lte.router:-------------
DEBUG:urllib3.connectionpool:http://192.168.9.1:80 "GET /api/webserver/token HTTP/1.1" 200 138
INFO:huawei_lte.router:GET http://192.168.9.1/api/webserver/token 200
DEBUG:huawei_lte.router:------------ RESPONSE to http://192.168.9.1/api/webserver/token -------------
DEBUG:huawei_lte.router:-- HEADERS --
DEBUG:huawei_lte.router:{'Content-Length': '138', 'X-XSS-Protection': '1; mode=block', 'Content-Security-Policy': "default-src 'self' 'unsafe-inline' 'unsafe-eval'", 'X-Download-Options': 'noopen', 'X-Content-Type-Options': 'nosniff', 'Connection': 'Keep-Alive', 'Pragma': 'no-cache', 'Cache-Control': 'no-cache, no-store, max-age=0, must-revalidate', 'Date': 'Mon, 18 May 2020 07:56:18 GMT', 'X-Frame-Options': 'SAMEORIGIN', 'Content-Type': 'text/html'}
DEBUG:huawei_lte.router:-------------
DEBUG:huawei_lte.router:-- DATA --
DEBUG:huawei_lte.router:<?xml version="1.0" encoding="UTF-8"?><response><token>HLfpDfHA7i7rwHlyo16vMCSWUtKHi00z8vrunEDI1sEIHEhMWuv9NBC0JaQgzVX0</token></response>
DEBUG:huawei_lte.router:-------------
DEBUG:huawei_lte.router:------------ REQUEST to http://192.168.9.1/api/user/logout -------------
DEBUG:huawei_lte.router:-- HEADERS --
DEBUG:huawei_lte.router:{'__RequestVerificationToken': '8vrunEDI1sEIHEhMWuv9NBC0JaQgzVX0', 'Content-type': 'application/x-www-form-urlencoded; charset=UTF-8'}
DEBUG:huawei_lte.router:-------------
DEBUG:huawei_lte.router:-- DATA --
DEBUG:huawei_lte.router:<?xml version="1.0" encoding="UTF-8"?><request><Logout>1</Logout></request>
DEBUG:huawei_lte.router:-------------
DEBUG:urllib3.connectionpool:http://192.168.9.1:80 "POST /api/user/logout HTTP/1.1" 200 61
INFO:huawei_lte.router:POST http://192.168.9.1/api/user/logout 200
DEBUG:huawei_lte.router:------------ RESPONSE to http://192.168.9.1/api/user/logout -------------
DEBUG:huawei_lte.router:-- HEADERS --
DEBUG:huawei_lte.router:{'Content-Length': '61', 'X-XSS-Protection': '1; mode=block', 'Content-Security-Policy': "default-src 'self' 'unsafe-inline' 'unsafe-eval'", 'X-Download-Options': 'noopen', '__RequestVerificationToken': 'Bg9oligcJBrkOtWIIrXbi97aTWnDc3hm', 'X-Content-Type-Options': 'nosniff', 'Pragma': 'no-cache', 'Cache-Control': 'no-cache, no-store, max-age=0, must-revalidate', 'X-Frame-Options': 'SAMEORIGIN', 'Content-Type': 'text/html'}
DEBUG:huawei_lte.router:-------------
DEBUG:huawei_lte.router:-- DATA --
DEBUG:huawei_lte.router:<?xml version="1.0" encoding="UTF-8"?><response>OK</response>
DEBUG:huawei_lte.router:-------------
INFO:huawei_lte.router:LOGIN for user [admin]
DEBUG:huawei_lte.router:------------ REQUEST to http://None/ -------------
DEBUG:huawei_lte.router:-- HEADERS --
DEBUG:huawei_lte.router:None
DEBUG:huawei_lte.router:-------------
DEBUG:urllib3.connectionpool:Starting new HTTP connection (1): none:80
INFO:huawei_lte.router:LOGIN for user [admin]
DEBUG:huawei_lte.router:------------ REQUEST to http://None/ -------------
DEBUG:huawei_lte.router:-- HEADERS --
DEBUG:huawei_lte.router:None
DEBUG:huawei_lte.router:-------------
DEBUG:urllib3.connectionpool:Starting new HTTP connection (1): none:80
ERROR:huawei_lte.router:message
Traceback (most recent call last):
  File "c:\Users\Hamish\Dropbox\Documents\Hamish\Development\GitHub\HuaweiB525Router\huawei_lte\router.py", line 46, in decorated_function
    return f(*args, **kwargs)
  File "c:\Users\Hamish\Dropbox\Documents\Hamish\Development\GitHub\HuaweiB525Router\huawei_lte\router.py", line 790, in api
    timed_out = datetime.now() - self.__last_login
AttributeError: 'B525Router' object has no attribute '_B525Router__last_login'
ERROR:huawei_lte.router:message
Traceback (most recent call last):
  File "c:\Users\Hamish\Dropbox\Documents\Hamish\Development\GitHub\HuaweiB525Router\huawei_lte\router.py", line 46, in decorated_function
    return f(*args, **kwargs)
  File "c:\Users\Hamish\Dropbox\Documents\Hamish\Development\GitHub\HuaweiB525Router\huawei_lte\router.py", line 790, in api
    timed_out = datetime.now() - self.__last_login
AttributeError: 'B525Router' object has no attribute '_B525Router__last_login'
ERROR:huawei_lte.router:message
Traceback (most recent call last):
  File "c:\Users\Hamish\Dropbox\Documents\Hamish\Development\GitHub\HuaweiB525Router\huawei_lte\router.py", line 46, in decorated_function
    return f(*args, **kwargs)
  File "c:\Users\Hamish\Dropbox\Documents\Hamish\Development\GitHub\HuaweiB525Router\huawei_lte\router.py", line 790, in api
    timed_out = datetime.now() - self.__last_login
AttributeError: 'B525Router' object has no attribute '_B525Router__last_login'
ERROR:huawei_lte.router:message
Traceback (most recent call last):
  File "c:\Users\Hamish\Dropbox\Documents\Hamish\Development\GitHub\HuaweiB525Router\huawei_lte\router.py", line 46, in decorated_function
    return f(*args, **kwargs)
  File "c:\Users\Hamish\Dropbox\Documents\Hamish\Development\GitHub\HuaweiB525Router\huawei_lte\router.py", line 790, in api
    timed_out = datetime.now() - self.__last_login
AttributeError: 'B525Router' object has no attribute '_B525Router__last_login'
ERROR:huawei_lte.router:message
Traceback (most recent call last):
  File "c:\Users\Hamish\Dropbox\Documents\Hamish\Development\GitHub\HuaweiB525Router\huawei_lte\router.py", line 46, in decorated_function
    return f(*args, **kwargs)
  File "c:\Users\Hamish\Dropbox\Documents\Hamish\Development\GitHub\HuaweiB525Router\huawei_lte\router.py", line 790, in api
    timed_out = datetime.now() - self.__last_login
AttributeError: 'B525Router' object has no attribute '_B525Router__last_login'
ERROR:huawei_lte.router:message
Traceback (most recent call last):
  File "c:\Users\Hamish\Dropbox\Documents\Hamish\Development\GitHub\HuaweiB525Router\huawei_lte\router.py", line 46, in decorated_function
    return f(*args, **kwargs)
  File "c:\Users\Hamish\Dropbox\Documents\Hamish\Development\GitHub\HuaweiB525Router\huawei_lte\router.py", line 790, in api
    timed_out = datetime.now() - self.__last_login
AttributeError: 'B525Router' object has no attribute '_B525Router__last_login'
ERROR:huawei_lte.router:message
Traceback (most recent call last):
  File "c:\Users\Hamish\Dropbox\Documents\Hamish\Development\GitHub\HuaweiB525Router\huawei_lte\router.py", line 46, in decorated_function
    return f(*args, **kwargs)
  File "c:\Users\Hamish\Dropbox\Documents\Hamish\Development\GitHub\HuaweiB525Router\huawei_lte\router.py", line 790, in api
    timed_out = datetime.now() - self.__last_login
AttributeError: 'B525Router' object has no attribute '_B525Router__last_login'
ERROR:huawei_lte.router:message
Traceback (most recent call last):
  File "c:\Users\Hamish\Dropbox\Documents\Hamish\Development\GitHub\HuaweiB525Router\huawei_lte\router.py", line 46, in decorated_function
    return f(*args, **kwargs)
  File "c:\Users\Hamish\Dropbox\Documents\Hamish\Development\GitHub\HuaweiB525Router\huawei_lte\router.py", line 790, in api
    timed_out = datetime.now() - self.__last_login
AttributeError: 'B525Router' object has no attribute '_B525Router__last_login'
ERROR:huawei_lte.router:message
Traceback (most recent call last):
  File "c:\Users\Hamish\Dropbox\Documents\Hamish\Development\GitHub\HuaweiB525Router\huawei_lte\router.py", line 46, in decorated_function
    return f(*args, **kwargs)
  File "c:\Users\Hamish\Dropbox\Documents\Hamish\Development\GitHub\HuaweiB525Router\huawei_lte\router.py", line 790, in api
    timed_out = datetime.now() - self.__last_login
AttributeError: 'B525Router' object has no attribute '_B525Router__last_login'
ERROR:huawei_lte.router:message
Traceback (most recent call last):
  File "c:\Users\Hamish\Dropbox\Documents\Hamish\Development\GitHub\HuaweiB525Router\huawei_lte\router.py", line 46, in decorated_function
    return f(*args, **kwargs)
  File "c:\Users\Hamish\Dropbox\Documents\Hamish\Development\GitHub\HuaweiB525Router\huawei_lte\router.py", line 790, in api
    timed_out = datetime.now() - self.__last_login
AttributeError: 'B525Router' object has no attribute '_B525Router__last_login'
ERROR:huawei_lte.router:message
Traceback (most recent call last):
  File "c:\Users\Hamish\Dropbox\Documents\Hamish\Development\GitHub\HuaweiB525Router\huawei_lte\router.py", line 46, in decorated_function
    return f(*args, **kwargs)
  File "c:\Users\Hamish\Dropbox\Documents\Hamish\Development\GitHub\HuaweiB525Router\huawei_lte\router.py", line 790, in api
    timed_out = datetime.now() - self.__last_login
AttributeError: 'B525Router' object has no attribute '_B525Router__last_login'
ERROR:huawei_lte.router:message
Traceback (most recent call last):
  File "c:\Users\Hamish\Dropbox\Documents\Hamish\Development\GitHub\HuaweiB525Router\huawei_lte\router.py", line 46, in decorated_function
    return f(*args, **kwargs)
  File "c:\Users\Hamish\Dropbox\Documents\Hamish\Development\GitHub\HuaweiB525Router\huawei_lte\router.py", line 790, in api
    timed_out = datetime.now() - self.__last_login
AttributeError: 'B525Router' object has no attribute '_B525Router__last_login'
ERROR:huawei_lte.router:message
Traceback (most recent call last):
  File "c:\Users\Hamish\Dropbox\Documents\Hamish\Development\GitHub\HuaweiB525Router\huawei_lte\router.py", line 46, in decorated_function
    return f(*args, **kwargs)
  File "c:\Users\Hamish\Dropbox\Documents\Hamish\Development\GitHub\HuaweiB525Router\huawei_lte\router.py", line 790, in api
    timed_out = datetime.now() - self.__last_login
AttributeError: 'B525Router' object has no attribute '_B525Router__last_login'
ERROR:huawei_lte.router:message
Traceback (most recent call last):
  File "c:\Users\Hamish\Dropbox\Documents\Hamish\Development\GitHub\HuaweiB525Router\huawei_lte\router.py", line 46, in decorated_function
    return f(*args, **kwargs)
  File "c:\Users\Hamish\Dropbox\Documents\Hamish\Development\GitHub\HuaweiB525Router\huawei_lte\router.py", line 790, in api
    timed_out = datetime.now() - self.__last_login
AttributeError: 'B525Router' object has no attribute '_B525Router__last_login'
ERROR:huawei_lte.router:message
Traceback (most recent call last):
  File "c:\Users\Hamish\Dropbox\Documents\Hamish\Development\GitHub\HuaweiB525Router\huawei_lte\router.py", line 46, in decorated_function
    return f(*args, **kwargs)
  File "c:\Users\Hamish\Dropbox\Documents\Hamish\Development\GitHub\HuaweiB525Router\huawei_lte\router.py", line 790, in api
    timed_out = datetime.now() - self.__last_login
AttributeError: 'B525Router' object has no attribute '_B525Router__last_login'
ERROR:huawei_lte.router:message
Traceback (most recent call last):
  File "c:\Users\Hamish\Dropbox\Documents\Hamish\Development\GitHub\HuaweiB525Router\huawei_lte\router.py", line 46, in decorated_function
    return f(*args, **kwargs)
  File "c:\Users\Hamish\Dropbox\Documents\Hamish\Development\GitHub\HuaweiB525Router\huawei_lte\router.py", line 790, in api
    timed_out = datetime.now() - self.__last_login
AttributeError: 'B525Router' object has no attribute '_B525Router__last_login'
ERROR:huawei_lte.router:message
Traceback (most recent call last):
  File "c:\Users\Hamish\Dropbox\Documents\Hamish\Development\GitHub\HuaweiB525Router\huawei_lte\router.py", line 46, in decorated_function
    return f(*args, **kwargs)
  File "c:\Users\Hamish\Dropbox\Documents\Hamish\Development\GitHub\HuaweiB525Router\huawei_lte\router.py", line 790, in api
    timed_out = datetime.now() - self.__last_login
AttributeError: 'B525Router' object has no attribute '_B525Router__last_login'
ERROR:huawei_lte.router:message
Traceback (most recent call last):
  File "c:\Users\Hamish\Dropbox\Documents\Hamish\Development\GitHub\HuaweiB525Router\huawei_lte\router.py", line 46, in decorated_function
    return f(*args, **kwargs)
  File "c:\Users\Hamish\Dropbox\Documents\Hamish\Development\GitHub\HuaweiB525Router\huawei_lte\router.py", line 790, in api
    timed_out = datetime.now() - self.__last_login
AttributeError: 'B525Router' object has no attribute '_B525Router__last_login'
ERROR:huawei_lte.router:message
Traceback (most recent call last):
  File "c:\Users\Hamish\Dropbox\Documents\Hamish\Development\GitHub\HuaweiB525Router\huawei_lte\router.py", line 46, in decorated_function
    return f(*args, **kwargs)
  File "c:\Users\Hamish\Dropbox\Documents\Hamish\Development\GitHub\HuaweiB525Router\huawei_lte\router.py", line 790, in api
    timed_out = datetime.now() - self.__last_login
AttributeError: 'B525Router' object has no attribute '_B525Router__last_login'
ERROR:huawei_lte.router:message
Traceback (most recent call last):
  File "c:\Users\Hamish\Dropbox\Documents\Hamish\Development\GitHub\HuaweiB525Router\huawei_lte\router.py", line 46, in decorated_function
    return f(*args, **kwargs)
  File "c:\Users\Hamish\Dropbox\Documents\Hamish\Development\GitHub\HuaweiB525Router\huawei_lte\router.py", line 790, in api
    timed_out = datetime.now() - self.__last_login
AttributeError: 'B525Router' object has no attribute '_B525Router__last_login'
ERROR:huawei_lte.router:message
Traceback (most recent call last):
  File "c:\Users\Hamish\Dropbox\Documents\Hamish\Development\GitHub\HuaweiB525Router\huawei_lte\router.py", line 46, in decorated_function
    return f(*args, **kwargs)
  File "c:\Users\Hamish\Dropbox\Documents\Hamish\Development\GitHub\HuaweiB525Router\huawei_lte\router.py", line 790, in api
    timed_out = datetime.now() - self.__last_login
AttributeError: 'B525Router' object has no attribute '_B525Router__last_login'
ERROR:huawei_lte.router:message
Traceback (most recent call last):
  File "c:\Users\Hamish\Dropbox\Documents\Hamish\Development\GitHub\HuaweiB525Router\huawei_lte\router.py", line 46, in decorated_function
    return f(*args, **kwargs)
  File "c:\Users\Hamish\Dropbox\Documents\Hamish\Development\GitHub\HuaweiB525Router\huawei_lte\router.py", line 790, in api
    timed_out = datetime.now() - self.__last_login
AttributeError: 'B525Router' object has no attribute '_B525Router__last_login'
ERROR:huawei_lte.router:message
Traceback (most recent call last):
  File "c:\Users\Hamish\Dropbox\Documents\Hamish\Development\GitHub\HuaweiB525Router\huawei_lte\router.py", line 46, in decorated_function
    return f(*args, **kwargs)
  File "c:\Users\Hamish\Dropbox\Documents\Hamish\Development\GitHub\HuaweiB525Router\huawei_lte\router.py", line 790, in api
    timed_out = datetime.now() - self.__last_login
AttributeError: 'B525Router' object has no attribute '_B525Router__last_login'
ERROR:huawei_lte.router:message
Traceback (most recent call last):
  File "c:\Users\Hamish\Dropbox\Documents\Hamish\Development\GitHub\HuaweiB525Router\huawei_lte\router.py", line 46, in decorated_function
    return f(*args, **kwargs)
  File "c:\Users\Hamish\Dropbox\Documents\Hamish\Development\GitHub\HuaweiB525Router\huawei_lte\router.py", line 790, in api
    timed_out = datetime.now() - self.__last_login
AttributeError: 'B525Router' object has no attribute '_B525Router__last_login'
ERROR:huawei_lte.router:message
Traceback (most recent call last):
  File "c:\Users\Hamish\Dropbox\Documents\Hamish\Development\GitHub\HuaweiB525Router\huawei_lte\router.py", line 46, in decorated_function
    return f(*args, **kwargs)
  File "c:\Users\Hamish\Dropbox\Documents\Hamish\Development\GitHub\HuaweiB525Router\huawei_lte\router.py", line 790, in api
    timed_out = datetime.now() - self.__last_login
AttributeError: 'B525Router' object has no attribute '_B525Router__last_login'
ERROR:huawei_lte.router:message
Traceback (most recent call last):
  File "c:\Users\Hamish\Dropbox\Documents\Hamish\Development\GitHub\HuaweiB525Router\huawei_lte\router.py", line 46, in decorated_function
    return f(*args, **kwargs)
  File "c:\Users\Hamish\Dropbox\Documents\Hamish\Development\GitHub\HuaweiB525Router\huawei_lte\router.py", line 790, in api
    timed_out = datetime.now() - self.__last_login
AttributeError: 'B525Router' object has no attribute '_B525Router__last_login'
ERROR:huawei_lte.router:message
Traceback (most recent call last):
  File "c:\Users\Hamish\Dropbox\Documents\Hamish\Development\GitHub\HuaweiB525Router\huawei_lte\router.py", line 46, in decorated_function
    return f(*args, **kwargs)
  File "c:\Users\Hamish\Dropbox\Documents\Hamish\Development\GitHub\HuaweiB525Router\huawei_lte\router.py", line 790, in api
    timed_out = datetime.now() - self.__last_login
AttributeError: 'B525Router' object has no attribute '_B525Router__last_login'
ERROR:huawei_lte.router:message
Traceback (most recent call last):
  File "c:\Users\Hamish\Dropbox\Documents\Hamish\Development\GitHub\HuaweiB525Router\huawei_lte\router.py", line 46, in decorated_function
    return f(*args, **kwargs)
  File "c:\Users\Hamish\Dropbox\Documents\Hamish\Development\GitHub\HuaweiB525Router\huawei_lte\router.py", line 790, in api
    timed_out = datetime.now() - self.__last_login
AttributeError: 'B525Router' object has no attribute '_B525Router__last_login'
ERROR:huawei_lte.router:message
Traceback (most recent call last):
  File "c:\Users\Hamish\Dropbox\Documents\Hamish\Development\GitHub\HuaweiB525Router\huawei_lte\router.py", line 46, in decorated_function
    return f(*args, **kwargs)
  File "c:\Users\Hamish\Dropbox\Documents\Hamish\Development\GitHub\HuaweiB525Router\huawei_lte\router.py", line 790, in api
    timed_out = datetime.now() - self.__last_login
AttributeError: 'B525Router' object has no attribute '_B525Router__last_login'
ERROR:huawei_lte.router:message
Traceback (most recent call last):
  File "c:\Users\Hamish\Dropbox\Documents\Hamish\Development\GitHub\HuaweiB525Router\huawei_lte\router.py", line 46, in decorated_function
    return f(*args, **kwargs)
  File "c:\Users\Hamish\Dropbox\Documents\Hamish\Development\GitHub\HuaweiB525Router\huawei_lte\router.py", line 790, in api
    timed_out = datetime.now() - self.__last_login
AttributeError: 'B525Router' object has no attribute '_B525Router__last_login'
ERROR:huawei_lte.router:message
Traceback (most recent call last):
  File "c:\Users\Hamish\Dropbox\Documents\Hamish\Development\GitHub\HuaweiB525Router\huawei_lte\router.py", line 46, in decorated_function
    return f(*args, **kwargs)
  File "c:\Users\Hamish\Dropbox\Documents\Hamish\Development\GitHub\HuaweiB525Router\huawei_lte\router.py", line 790, in api
    timed_out = datetime.now() - self.__last_login
AttributeError: 'B525Router' object has no attribute '_B525Router__last_login'
ERROR:huawei_lte.router:message
Traceback (most recent call last):
  File "c:\Users\Hamish\Dropbox\Documents\Hamish\Development\GitHub\HuaweiB525Router\huawei_lte\router.py", line 46, in decorated_function
    return f(*args, **kwargs)
  File "c:\Users\Hamish\Dropbox\Documents\Hamish\Development\GitHub\HuaweiB525Router\huawei_lte\router.py", line 790, in api
    timed_out = datetime.now() - self.__last_login
AttributeError: 'B525Router' object has no attribute '_B525Router__last_login'
ERROR:huawei_lte.router:message
Traceback (most recent call last):
  File "c:\Users\Hamish\Dropbox\Documents\Hamish\Development\GitHub\HuaweiB525Router\huawei_lte\router.py", line 46, in decorated_function
    return f(*args, **kwargs)
  File "c:\Users\Hamish\Dropbox\Documents\Hamish\Development\GitHub\HuaweiB525Router\huawei_lte\router.py", line 790, in api
    timed_out = datetime.now() - self.__last_login
AttributeError: 'B525Router' object has no attribute '_B525Router__last_login'
ERROR:huawei_lte.router:message
Traceback (most recent call last):
  File "c:\Users\Hamish\Dropbox\Documents\Hamish\Development\GitHub\HuaweiB525Router\huawei_lte\router.py", line 46, in decorated_function
    return f(*args, **kwargs)
  File "c:\Users\Hamish\Dropbox\Documents\Hamish\Development\GitHub\HuaweiB525Router\huawei_lte\router.py", line 790, in api
    timed_out = datetime.now() - self.__last_login
AttributeError: 'B525Router' object has no attribute '_B525Router__last_login'
ERROR:huawei_lte.router:message
Traceback (most recent call last):
  File "c:\Users\Hamish\Dropbox\Documents\Hamish\Development\GitHub\HuaweiB525Router\huawei_lte\router.py", line 46, in decorated_function
    return f(*args, **kwargs)
  File "c:\Users\Hamish\Dropbox\Documents\Hamish\Development\GitHub\HuaweiB525Router\huawei_lte\router.py", line 790, in api
    timed_out = datetime.now() - self.__last_login
AttributeError: 'B525Router' object has no attribute '_B525Router__last_login'
ERROR:huawei_lte.router:message
Traceback (most recent call last):
  File "c:\Users\Hamish\Dropbox\Documents\Hamish\Development\GitHub\HuaweiB525Router\huawei_lte\router.py", line 46, in decorated_function
    return f(*args, **kwargs)
  File "c:\Users\Hamish\Dropbox\Documents\Hamish\Development\GitHub\HuaweiB525Router\huawei_lte\router.py", line 790, in api
    timed_out = datetime.now() - self.__last_login
AttributeError: 'B525Router' object has no attribute '_B525Router__last_login'
ERROR:huawei_lte.router:message
Traceback (most recent call last):
  File "c:\Users\Hamish\Dropbox\Documents\Hamish\Development\GitHub\HuaweiB525Router\huawei_lte\router.py", line 46, in decorated_function
    return f(*args, **kwargs)
  File "c:\Users\Hamish\Dropbox\Documents\Hamish\Development\GitHub\HuaweiB525Router\huawei_lte\router.py", line 790, in api
    timed_out = datetime.now() - self.__last_login
AttributeError: 'B525Router' object has no attribute '_B525Router__last_login'
ERROR:huawei_lte.router:message
Traceback (most recent call last):
  File "c:\Users\Hamish\Dropbox\Documents\Hamish\Development\GitHub\HuaweiB525Router\huawei_lte\router.py", line 46, in decorated_function
    return f(*args, **kwargs)
  File "c:\Users\Hamish\Dropbox\Documents\Hamish\Development\GitHub\HuaweiB525Router\huawei_lte\router.py", line 790, in api
    timed_out = datetime.now() - self.__last_login
AttributeError: 'B525Router' object has no attribute '_B525Router__last_login'
ERROR:huawei_lte.router:message
Traceback (most recent call last):
  File "c:\Users\Hamish\Dropbox\Documents\Hamish\Development\GitHub\HuaweiB525Router\huawei_lte\router.py", line 46, in decorated_function
    return f(*args, **kwargs)
  File "c:\Users\Hamish\Dropbox\Documents\Hamish\Development\GitHub\HuaweiB525Router\huawei_lte\router.py", line 790, in api
    timed_out = datetime.now() - self.__last_login
AttributeError: 'B525Router' object has no attribute '_B525Router__last_login'
ERROR:huawei_lte.router:message
Traceback (most recent call last):
  File "c:\Users\Hamish\Dropbox\Documents\Hamish\Development\GitHub\HuaweiB525Router\huawei_lte\router.py", line 46, in decorated_function
    return f(*args, **kwargs)
  File "c:\Users\Hamish\Dropbox\Documents\Hamish\Development\GitHub\HuaweiB525Router\huawei_lte\router.py", line 790, in api
    timed_out = datetime.now() - self.__last_login
AttributeError: 'B525Router' object has no attribute '_B525Router__last_login'
ERROR:huawei_lte.router:message
Traceback (most recent call last):
  File "c:\Users\Hamish\Dropbox\Documents\Hamish\Development\GitHub\HuaweiB525Router\huawei_lte\router.py", line 46, in decorated_function
    return f(*args, **kwargs)
  File "c:\Users\Hamish\Dropbox\Documents\Hamish\Development\GitHub\HuaweiB525Router\huawei_lte\router.py", line 790, in api
    timed_out = datetime.now() - self.__last_login
AttributeError: 'B525Router' object has no attribute '_B525Router__last_login'
ERROR:huawei_lte.router:message
Traceback (most recent call last):
  File "c:\Users\Hamish\Dropbox\Documents\Hamish\Development\GitHub\HuaweiB525Router\huawei_lte\router.py", line 46, in decorated_function
    return f(*args, **kwargs)
  File "c:\Users\Hamish\Dropbox\Documents\Hamish\Development\GitHub\HuaweiB525Router\huawei_lte\router.py", line 790, in api
    timed_out = datetime.now() - self.__last_login
AttributeError: 'B525Router' object has no attribute '_B525Router__last_login'
ERROR:huawei_lte.router:message
Traceback (most recent call last):
  File "c:\Users\Hamish\Dropbox\Documents\Hamish\Development\GitHub\HuaweiB525Router\huawei_lte\router.py", line 46, in decorated_function
    return f(*args, **kwargs)
  File "c:\Users\Hamish\Dropbox\Documents\Hamish\Development\GitHub\HuaweiB525Router\huawei_lte\router.py", line 790, in api
    timed_out = datetime.now() - self.__last_login
AttributeError: 'B525Router' object has no attribute '_B525Router__last_login'
ERROR:huawei_lte.router:message
Traceback (most recent call last):
  File "c:\Users\Hamish\Dropbox\Documents\Hamish\Development\GitHub\HuaweiB525Router\huawei_lte\router.py", line 46, in decorated_function
    return f(*args, **kwargs)
  File "c:\Users\Hamish\Dropbox\Documents\Hamish\Development\GitHub\HuaweiB525Router\huawei_lte\router.py", line 790, in api
    timed_out = datetime.now() - self.__last_login
AttributeError: 'B525Router' object has no attribute '_B525Router__last_login'
ERROR:huawei_lte.router:message
Traceback (most recent call last):
  File "c:\Users\Hamish\Dropbox\Documents\Hamish\Development\GitHub\HuaweiB525Router\huawei_lte\router.py", line 46, in decorated_function
    return f(*args, **kwargs)
  File "c:\Users\Hamish\Dropbox\Documents\Hamish\Development\GitHub\HuaweiB525Router\huawei_lte\router.py", line 790, in api
    timed_out = datetime.now() - self.__last_login
AttributeError: 'B525Router' object has no attribute '_B525Router__last_login'
ERROR:huawei_lte.router:message
Traceback (most recent call last):
  File "c:\Users\Hamish\Dropbox\Documents\Hamish\Development\GitHub\HuaweiB525Router\huawei_lte\router.py", line 46, in decorated_function
    return f(*args, **kwargs)
  File "c:\Users\Hamish\Dropbox\Documents\Hamish\Development\GitHub\HuaweiB525Router\huawei_lte\router.py", line 790, in api
    timed_out = datetime.now() - self.__last_login
AttributeError: 'B525Router' object has no attribute '_B525Router__last_login'
ERROR:huawei_lte.router:message
Traceback (most recent call last):
  File "c:\Users\Hamish\Dropbox\Documents\Hamish\Development\GitHub\HuaweiB525Router\huawei_lte\router.py", line 46, in decorated_function
    return f(*args, **kwargs)
  File "c:\Users\Hamish\Dropbox\Documents\Hamish\Development\GitHub\HuaweiB525Router\huawei_lte\router.py", line 790, in api
    timed_out = datetime.now() - self.__last_login
AttributeError: 'B525Router' object has no attribute '_B525Router__last_login'
ERROR:huawei_lte.router:message
Traceback (most recent call last):
  File "c:\Users\Hamish\Dropbox\Documents\Hamish\Development\GitHub\HuaweiB525Router\huawei_lte\router.py", line 46, in decorated_function
    return f(*args, **kwargs)
  File "c:\Users\Hamish\Dropbox\Documents\Hamish\Development\GitHub\HuaweiB525Router\huawei_lte\router.py", line 790, in api
    timed_out = datetime.now() - self.__last_login
AttributeError: 'B525Router' object has no attribute '_B525Router__last_login'
ERROR:huawei_lte.router:message
Traceback (most recent call last):
  File "c:\Users\Hamish\Dropbox\Documents\Hamish\Development\GitHub\HuaweiB525Router\huawei_lte\router.py", line 46, in decorated_function
    return f(*args, **kwargs)
  File "c:\Users\Hamish\Dropbox\Documents\Hamish\Development\GitHub\HuaweiB525Router\huawei_lte\router.py", line 790, in api
    timed_out = datetime.now() - self.__last_login
AttributeError: 'B525Router' object has no attribute '_B525Router__last_login'
ERROR:huawei_lte.router:message
Traceback (most recent call last):
  File "c:\Users\Hamish\Dropbox\Documents\Hamish\Development\GitHub\HuaweiB525Router\huawei_lte\router.py", line 46, in decorated_function
    return f(*args, **kwargs)
  File "c:\Users\Hamish\Dropbox\Documents\Hamish\Development\GitHub\HuaweiB525Router\huawei_lte\router.py", line 790, in api
    timed_out = datetime.now() - self.__last_login
AttributeError: 'B525Router' object has no attribute '_B525Router__last_login'
ERROR:huawei_lte.router:message
Traceback (most recent call last):
  File "c:\Users\Hamish\Dropbox\Documents\Hamish\Development\GitHub\HuaweiB525Router\huawei_lte\router.py", line 46, in decorated_function
    return f(*args, **kwargs)
  File "c:\Users\Hamish\Dropbox\Documents\Hamish\Development\GitHub\HuaweiB525Router\huawei_lte\router.py", line 790, in api
    timed_out = datetime.now() - self.__last_login
AttributeError: 'B525Router' object has no attribute '_B525Router__last_login'
ERROR:huawei_lte.router:message
Traceback (most recent call last):
  File "c:\Users\Hamish\Dropbox\Documents\Hamish\Development\GitHub\HuaweiB525Router\huawei_lte\router.py", line 46, in decorated_function
    return f(*args, **kwargs)
  File "c:\Users\Hamish\Dropbox\Documents\Hamish\Development\GitHub\HuaweiB525Router\huawei_lte\router.py", line 790, in api
    timed_out = datetime.now() - self.__last_login
AttributeError: 'B525Router' object has no attribute '_B525Router__last_login'
ERROR:huawei_lte.router:message
Traceback (most recent call last):
  File "c:\Users\Hamish\Dropbox\Documents\Hamish\Development\GitHub\HuaweiB525Router\huawei_lte\router.py", line 46, in decorated_function
    return f(*args, **kwargs)
  File "c:\Users\Hamish\Dropbox\Documents\Hamish\Development\GitHub\HuaweiB525Router\huawei_lte\router.py", line 790, in api
    timed_out = datetime.now() - self.__last_login
AttributeError: 'B525Router' object has no attribute '_B525Router__last_login'
ERROR:huawei_lte.router:message
Traceback (most recent call last):
  File "c:\Users\Hamish\Dropbox\Documents\Hamish\Development\GitHub\HuaweiB525Router\huawei_lte\router.py", line 46, in decorated_function
    return f(*args, **kwargs)
  File "c:\Users\Hamish\Dropbox\Documents\Hamish\Development\GitHub\HuaweiB525Router\huawei_lte\router.py", line 790, in api
    timed_out = datetime.now() - self.__last_login
AttributeError: 'B525Router' object has no attribute '_B525Router__last_login'
ERROR:huawei_lte.router:message
Traceback (most recent call last):
  File "c:\Users\Hamish\Dropbox\Documents\Hamish\Development\GitHub\HuaweiB525Router\huawei_lte\router.py", line 46, in decorated_function
    return f(*args, **kwargs)
  File "c:\Users\Hamish\Dropbox\Documents\Hamish\Development\GitHub\HuaweiB525Router\huawei_lte\router.py", line 790, in api
    timed_out = datetime.now() - self.__last_login
AttributeError: 'B525Router' object has no attribute '_B525Router__last_login'
ERROR:huawei_lte.router:message
Traceback (most recent call last):
  File "c:\Users\Hamish\Dropbox\Documents\Hamish\Development\GitHub\HuaweiB525Router\huawei_lte\router.py", line 46, in decorated_function
    return f(*args, **kwargs)
  File "c:\Users\Hamish\Dropbox\Documents\Hamish\Development\GitHub\HuaweiB525Router\huawei_lte\router.py", line 790, in api
    timed_out = datetime.now() - self.__last_login
AttributeError: 'B525Router' object has no attribute '_B525Router__last_login'
ERROR:huawei_lte.router:message
Traceback (most recent call last):
  File "c:\Users\Hamish\Dropbox\Documents\Hamish\Development\GitHub\HuaweiB525Router\huawei_lte\router.py", line 46, in decorated_function
    return f(*args, **kwargs)
  File "c:\Users\Hamish\Dropbox\Documents\Hamish\Development\GitHub\HuaweiB525Router\huawei_lte\router.py", line 790, in api
    timed_out = datetime.now() - self.__last_login
AttributeError: 'B525Router' object has no attribute '_B525Router__last_login'
ERROR:huawei_lte.router:message
Traceback (most recent call last):
  File "c:\Users\Hamish\Dropbox\Documents\Hamish\Development\GitHub\HuaweiB525Router\huawei_lte\router.py", line 46, in decorated_function
    return f(*args, **kwargs)
  File "c:\Users\Hamish\Dropbox\Documents\Hamish\Development\GitHub\HuaweiB525Router\huawei_lte\router.py", line 790, in api
    timed_out = datetime.now() - self.__last_login
AttributeError: 'B525Router' object has no attribute '_B525Router__last_login'
INFO:huawei_lte.router:LOGIN for user [admin]
DEBUG:huawei_lte.router:------------ REQUEST to http://192.168.9.1/ -------------
DEBUG:huawei_lte.router:-- HEADERS --
DEBUG:huawei_lte.router:None
DEBUG:huawei_lte.router:-------------
DEBUG:urllib3.connectionpool:Starting new HTTP connection (1): 192.168.9.1:80
DEBUG:urllib3.connectionpool:http://192.168.9.1:80 "GET / HTTP/1.1" 200 6612
INFO:huawei_lte.router:GET http://192.168.9.1/ 200
DEBUG:huawei_lte.router:------------ RESPONSE to http://192.168.9.1/ -------------
DEBUG:huawei_lte.router:-- HEADERS --
DEBUG:huawei_lte.router:{'Content-Length': '6612', 'X-XSS-Protection': '1; mode=block', 'Content-Security-Policy': "default-src 'self' 'unsafe-inline' 'unsafe-eval'", 'X-Download-Options': 'noopen', 'Set-Cookie': 'SessionID=pNdz2MAEqiV9H1UU0BZDk5lH5y7EbN9TDLgxZfEOhQI3i7Anz2Jfzc6apx3NhG10YeQ53zvQ4n8wcxAQXPaXqbHGax3MubDR4WsN4EHcYgcMEbbbXLNDHi9VU0InXzZ7; path=/; HttpOnly;', 'X-Content-Type-Options': 'nosniff', 'Connection': 'Keep-Alive', 'Pragma': 'no-cache', 'Cache-Control': 'no-cache, no-store, max-age=0, must-revalidate', 'Date': 'Mon, 18 May 2020 08:09:16 GMT', 'X-Frame-Options': 'SAMEORIGIN', 'Content-Type': 'text/html'}
DEBUG:huawei_lte.router:-------------
DEBUG:huawei_lte.router:-- DATA --
DEBUG:huawei_lte.router:ï»¿<!DOCTYPE html>
<html id="html">
    <head><meta name="csrf_token" content="zkD4mGusa30JxBxVFjRsNPpoJXC0Rks2">
<meta name="csrf_token" content="UYj2L3b0hmI3bj56MYICerOptNh2da8n">

        <meta http-equiv="X-UA-Compatible" content="IE=edge,chrome=1" />
        <meta http-equiv="Content-Type" content="text/html; charset=UTF-8" />
        <meta name="format-detection" content="telephone=no" />
        <meta http-equiv='Pragma' content='no-cache'/>
        <meta http-equiv="Cache-Control" content="no-cache, must-revalidate" />
        <meta name="description" content="emui webui 6.0" />
        <meta name="author" content="emui webui 6.0" />
        <meta name="viewport" content="initial-scale=0.4;user-scalable=yes" />
        <link type="text/css" rel="stylesheet" href="../css/emui-style.css" />
        <script type="text/javascript" src="../lib/emui-jquery.js"></script>
        <script type="text/javascript" src="../js/public.js"></script>

        <script type="text/javascript">
            var DEFAULT_GATEWAY_IP = "";
            function isHandheldBrowser() {
                var hardwarePlatform = navigator.platform.toLowerCase();
                var agent = navigator.userAgent.toLowerCase();
                var isIpod = hardwarePlatform.indexOf("ipod") != -1;
                var isIphone = hardwarePlatform.indexOf("iphone") != -1;
                var isIpad =  hardwarePlatform.indexOf("ipad") != -1;
                var isAndroid = agent.indexOf("android") !=-1;

                if(0 == login_status) {
                    return false;
                }
                if (isIphone || isIpod || isIpad || isAndroid ) {
                    return true;
                } else {
                    if (screen.height <= 320 || screen.width <= 320) {
                        return true;
                    }
                }
                return false;
            }
            var login_status = null;
            // get connection status
            getAjaxData('config/global/config.xml', function(xml) {
                    var config_ret = xml;
                    login_status = config_ret.config.login;
                }, {
                    sync : true
                }
            );
            getConfigData('config/lan/config.xml', function(xml) {
                    var ret = xml;
                    if ('config' == ret.type) {
                        DEFAULT_GATEWAY_IP = ret.config.dhcps.ipaddress;
                    }
                }, {
                    sync: true
                }
            );
            var href = "http://" + DEFAULT_GATEWAY_IP;
            try {
                href = window.location.href;
            } catch(exception) {
                href = "http://" + DEFAULT_GATEWAY_IP;
            }

            //check login status
            var LOGIN_STATES_SUCCEED = "0";
            var userLoginState = LOGIN_STATES_SUCCEED;
            getAjaxData('api/user/state-login', function(xml) { //æ¥è¯¢ç»å½ç¶æ
                var ret = xml;
                if (ret.type == 'response') {
                    userLoginState=ret.response.State;
                }
            }, {
                sync: true
            });
            var g_auto_update_redirect = '';
            getAjaxData('api/device/basic_information', function(xml) { //æ¥è¯¢è®¾å¤åºæ¬ä¿¡æ¯
                var ret = xml;
                if (ret.type == 'response') {
                    g_auto_update_redirect = ret.response.restore_default_status;
                }
            }, {
                sync:true
            });
            var g_current_connection_status = '';
            var g_module = '';
            var sim_ret = '';
            var cradle_ret = '';
            var CRADLE_NETLINE_EXIST = 1;
            var ETHERNET_LAN_MODE = '5';
            var CRADLEAUTOMODE = '0';
            var MACRO_CONNECTION_CONNECTED = '901';
            var Login = '';
            getAjaxData('api/global/module-switch', function(xml) { //è·åé¡µé¢éç½®æ¨¡åå¼å³
                var ret = xml;
                if (ret.type == 'response') {
                    g_module = ret.response;
                }
            }, {
                sync:true
            });
            getAjaxData('api/monitoring/status', function(xml) { // æ¥è¯¢ç½ç»ç¶æä¿¡æ¯
                var ret = xml;
                if (ret.type == 'response') {
                    sim_ret = ret.response;
                }
            }, {
                sync:true
            });
            if (g_module.cradle_enabled) {
                getAjaxData('api/cradle/status-info', function(xml) { //è·åå½åè¿æ¥ä¿¡æ¯
                    var ret = xml;
                    if (ret.type == 'response') {
                        cradle_ret = ret.response;
                    }
                }, {
                    sync:true
                });
            }
            /*è·åæ¨å·ç¶æ*/
            if (g_module.cradle_enabled && cradle_ret !== '' && typeof(cradle_ret) !== 'undefined' && CRADLE_NETLINE_EXIST === cradle_ret.cradlestatus
                && ETHERNET_LAN_MODE !== cradle_ret.connectionmode && (CRADLEAUTOMODE !== cradle_ret.connectionmode)) {
                g_current_connection_status = cradle_ret.connectstatus;
            } else if (g_module.wifioffload_enabled && MACRO_CONNECTION_CONNECTED === sim_ret.WifiConnectionStatus) {
                g_current_connection_status = sim_ret.WifiConnectionStatus;
            } else {
                g_current_connection_status = sim_ret.ConnectionStatus;
            }
            $(document).ready( function() {

                /* è·åæ¯å¦æ¯æMCæ¨èé¡µé¢*/
                getAjaxData('config/global/config.xml', function(xml) {
                    var ret = xml;
                    if(ret.type == 'config' ) {
                        Login = ret.config;
                    }
                }, {
                    sync: true
                });

                if( true == isHandheldBrowser()
                    && (userLoginState != LOGIN_STATES_SUCCEED)
                    && (typeof Login.commend_enable != 'undefined')
                    && Login.commend_enable === '1'
                    && MACRO_CONNECTION_CONNECTED === g_current_connection_status) {
                    gotoPageWithoutHistory("../html/commend.html");
                } else {
                    gotoPageWithoutHistory("../html/index.html");
                }
            });
        </script>
        <title></title>
    </head>
    <body style="background-color: #FFFFFF;">
    </body>
</html>

DEBUG:huawei_lte.router:-------------
DEBUG:huawei_lte.router:------------ REQUEST to http://192.168.9.1/api/webserver/token -------------
DEBUG:huawei_lte.router:-- HEADERS --
DEBUG:huawei_lte.router:None
DEBUG:huawei_lte.router:-------------
DEBUG:urllib3.connectionpool:Resetting dropped connection: 192.168.9.1
DEBUG:urllib3.connectionpool:http://192.168.9.1:80 "GET /api/webserver/token HTTP/1.1" 200 138
INFO:huawei_lte.router:GET http://192.168.9.1/api/webserver/token 200
DEBUG:huawei_lte.router:------------ RESPONSE to http://192.168.9.1/api/webserver/token -------------
DEBUG:huawei_lte.router:-- HEADERS --
DEBUG:huawei_lte.router:{'Content-Length': '138', 'X-XSS-Protection': '1; mode=block', 'Content-Security-Policy': "default-src 'self' 'unsafe-inline' 'unsafe-eval'", 'X-Download-Options': 'noopen', 'X-Content-Type-Options': 'nosniff', 'Connection': 'Keep-Alive', 'Pragma': 'no-cache', 'Cache-Control': 'no-cache, no-store, max-age=0, must-revalidate', 'Date': 'Mon, 18 May 2020 08:09:17 GMT', 'X-Frame-Options': 'SAMEORIGIN', 'Content-Type': 'text/html'}
DEBUG:huawei_lte.router:-------------
DEBUG:huawei_lte.router:-- DATA --
DEBUG:huawei_lte.router:<?xml version="1.0" encoding="UTF-8"?><response><token>Lwaz3ighav5N9WzI4gDnvKVi371z62OjbcZMC0xOZHaAAfdZwCcdL4pe0jMWqozc</token></response>
DEBUG:huawei_lte.router:-------------
DEBUG:huawei_lte.router:------------ REQUEST to http://192.168.9.1/api/user/challenge_login -------------
DEBUG:huawei_lte.router:-- HEADERS --
DEBUG:huawei_lte.router:{'__RequestVerificationToken': 'bcZMC0xOZHaAAfdZwCcdL4pe0jMWqozc', 'Content-type': 'text/html'}
DEBUG:huawei_lte.router:-------------
DEBUG:huawei_lte.router:-- DATA --
DEBUG:huawei_lte.router:<?xml version="1.0" encoding="UTF-8"?><request><username>admin</username><firstnonce>e35eeaa3761e4e2cb543fa448ee99d367efad58b10e144dfb8eee99f5e50b5f9</firstnonce><mode>1</mode></request>
DEBUG:huawei_lte.router:-------------
DEBUG:urllib3.connectionpool:http://192.168.9.1:80 "POST /api/user/challenge_login HTTP/1.1" 200 337
INFO:huawei_lte.router:POST http://192.168.9.1/api/user/challenge_login 200
DEBUG:huawei_lte.router:------------ RESPONSE to http://192.168.9.1/api/user/challenge_login -------------
DEBUG:huawei_lte.router:-- HEADERS --
DEBUG:huawei_lte.router:{'Content-Length': '337', 'X-XSS-Protection': '1; mode=block', 'Content-Security-Policy': "default-src 'self' 'unsafe-inline' 'unsafe-eval'", 'X-Download-Options': 'noopen', '__RequestVerificationToken': 'jsZXKVvp425TnjqU4CymaAw50O0CRkS3', 'X-Content-Type-Options': 'nosniff', 'Pragma': 'no-cache', 'Cache-Control': 'no-cache, no-store, max-age=0, must-revalidate', 'X-Frame-Options': 'SAMEORIGIN', 'Content-Type': 'text/html'}
DEBUG:huawei_lte.router:-------------
DEBUG:huawei_lte.router:-- DATA --
DEBUG:huawei_lte.router:<?xml version="1.0" encoding="UTF-8"?><response><iterations>100</iterations><servernonce>e35eeaa3761e4e2cb543fa448ee99d367efad58b10e144dfb8eee99f5e50b5f9dcuL5Re0sC6IoD2Euj26FAJiCgwjQ54F</servernonce><modeselected>1</modeselected><salt>844b89b04c8a9d0a3b7422ad70d404fd8cb0bfb6eac3bb1366e6aca09f77da24</salt><newType>0</newType></response>
DEBUG:huawei_lte.router:-------------
DEBUG:huawei_lte.router:------------ REQUEST to http://192.168.9.1/api/user/authentication_login -------------
DEBUG:huawei_lte.router:-- HEADERS --
DEBUG:huawei_lte.router:{'__RequestVerificationToken': 'jsZXKVvp425TnjqU4CymaAw50O0CRkS3', 'Content-type': 'application/x-www-form-urlencoded; charset=UTF-8'}
DEBUG:huawei_lte.router:-------------
DEBUG:huawei_lte.router:-- DATA --
DEBUG:huawei_lte.router:<?xml version="1.0" encoding="UTF-8"?><request><clientproof>04c4c0a931b24de272690d21371300b8df0f8703188b3176259d91a8e4aef6a4</clientproof><finalnonce>e35eeaa3761e4e2cb543fa448ee99d367efad58b10e144dfb8eee99f5e50b5f9dcuL5Re0sC6IoD2Euj26FAJiCgwjQ54F</finalnonce></request>
DEBUG:huawei_lte.router:-------------
DEBUG:urllib3.connectionpool:http://192.168.9.1:80 "POST /api/user/authentication_login HTTP/1.1" 200 807
INFO:huawei_lte.router:POST http://192.168.9.1/api/user/authentication_login 200
DEBUG:huawei_lte.router:------------ RESPONSE to http://192.168.9.1/api/user/authentication_login -------------
DEBUG:huawei_lte.router:-- HEADERS --
DEBUG:huawei_lte.router:{'Content-Length': '807', 'X-XSS-Protection': '1; mode=block', 'Content-Security-Policy': "default-src 'self' 'unsafe-inline' 'unsafe-eval'", 'X-Download-Options': 'noopen', '__RequestVerificationToken': 'WylDVOO1Qgg58MxSukcNx0mFKfu7Yp5t#R0mmsT0ByhTLpqAE2ha9eeUvTL2gYp7J#7zLNJM4v0aQFNxKSGDzi4X4RZWungW0Z#bxxwyMkU2M9HHNzGzMcl6ajECgQufFYa#IZgfw2FFGRAf24RCZ9AxoNcDNEJV3eHh#n3jIfgQ4YuS0o7wjApeT7jHaPzUvW5eE#yN9P2Dx5oyP6tKdXiJlXr5ZJQq0LBsCP#W5f4ItehwiqqswNCfph9OR0QdvFGDgDG#lqOdHYOVNnk2SWRZDamchSTaC5FNZDK1#6QILDAFf7O6kVeadgqnKzfkJ0Jfb66qJ#V2jSP16Gf2A5GPHIKWQ6JjaEk2Y4dVA3#Dg0L1DgtPUFl5ukVcHACgDUcuLWwF0ce#1SRIB0MjXfYtA1A4cSeRjn61VtbpVIk0#KTX7K0FQhqspkUYj1KtQ8roUz2eGukbK#l4Efz5xKSljT3waGFENeDBOzj0si6vXf#fpptNysOLn3z2RMyRIVxqhpm6nyM2Wnm#rRKovOr6aarJRN3NTgWuhNI6U0DFl0Dy#STL0YB5P5w2OJV0iFodmeFEGoHgaY10m#iOlfXRNhLtKJ1VxudXisBkbvIT4cjxOu#7a8oJ5gildLfMRNDQwpHM0XJt83RfKay#KOoRqN0b8igaWwF00XZiL6C3r45q4dFa#SJbu77Vs005g80zdZ0UiHj6rq4C0u0cP#4pQMaH0doPyKVWi5OHwiS9YtcJ5kQYSL#I4gZro04R33T4bJiY3rMepsvOmUI5EL0#HXl4Ojl2xpp01nrFSV6KTu8rF5KhKEcC#9tIBYN4jmPNbcWyWeVNHchomzPeGs0vu#oNRV4Av7iTweMUpQu7FoJnYEEjtGkoKh#RZMli0OUMxZKGGvTjj5zcvTTs2PWFJzA#kGzZIx4KV0VZaELbLzgzNY0lCVXfXdNP#TePr6CSrXIWFg9As1CX0A3Efdcz84eTG#JP7AMvItGOnwMvRLw7k2ZN83aQSXRYj2#2guXFXEnOTTyJ5k2aL6r0nv863O090Qv', 'Set-Cookie': 'SessionID=UAl3DjkGgMHXK56oFvPDLAzhvs6OsDlpTwXIrkdom3sw3EHtwH0vY09SN4hOLAwenncrbqo5XVIU6KwczXHr6YBrylpCM6Q2IClEoPo0nKRbWYcx854CAUAysirZRuyQ; path=/; HttpOnly;', '__RequestVerificationTokentwo': 'R0mmsT0ByhTLpqAE2ha9eeUvTL2gYp7J', 'X-Content-Type-Options': 'nosniff', '__RequestVerificationTokenone': 'WylDVOO1Qgg58MxSukcNx0mFKfu7Yp5t', 'Pragma': 'no-cache', 'Cache-Control': 'no-cache, no-store, max-age=0, must-revalidate', 'X-Frame-Options': 'SAMEORIGIN', 'Content-Type': 'text/html'}
DEBUG:huawei_lte.router:-------------
DEBUG:huawei_lte.router:-- DATA --
DEBUG:huawei_lte.router:<?xml version="1.0" encoding="UTF-8"?><response><rsan>b2516d802ecb467bc61ec9a7443be11f0c50fe4a1a7b6acdcb8e5902c99d42cf213475b65625647923283487e8bae8496acbf783ed54c3d56daa0efcafc11d52f6cf3f48990edf1c96a57f7f32292794bf6bdc96e2895bcb2fbcc6b53a670b3bfafac4b039f23d57e693f713af775d9a35f5bab7d973cb284318ba403f92a048b67b3d41a15ba846aa0ab370830a492f7fafd589aa1c84646f6fff25d21e26190ec842fb95b5ca3724cb1cb45535b40088eb465716e171932eb83a77372ae94dffb743ba6c65f3c18fa70762306838d857e301166ceaaa4ebac9929d7d834cb695908ed14e9c2bed0d478c331d03031dcd1095fa4ee4dd8697c2e7b4137f3c39</rsan><rsae>010001</rsae><serversignature>20fde23a3b63d0c39d0246572963319774a41dcc5a511562dc700468447c22aa</serversignature><rsapubkeysignature>5e4e339d5db47f7d13e18fcebc4c27a49e8b93a42a6737ad62e284a3be312a45</rsapubkeysignature></response>
DEBUG:huawei_lte.router:-------------
INFO:huawei_lte.router:LOGIN for user [admin]
DEBUG:huawei_lte.router:------------ REQUEST to http://192.168.9.1/ -------------
DEBUG:huawei_lte.router:-- HEADERS --
DEBUG:huawei_lte.router:None
DEBUG:huawei_lte.router:-------------
DEBUG:urllib3.connectionpool:Starting new HTTP connection (1): 192.168.9.1:80
DEBUG:urllib3.connectionpool:http://192.168.9.1:80 "GET / HTTP/1.1" 200 6612
INFO:huawei_lte.router:GET http://192.168.9.1/ 200
DEBUG:huawei_lte.router:------------ RESPONSE to http://192.168.9.1/ -------------
DEBUG:huawei_lte.router:-- HEADERS --
DEBUG:huawei_lte.router:{'Content-Length': '6612', 'X-XSS-Protection': '1; mode=block', 'Content-Security-Policy': "default-src 'self' 'unsafe-inline' 'unsafe-eval'", 'X-Download-Options': 'noopen', 'Set-Cookie': 'SessionID=jyE5bJvemV7ujDj5xl1gVTPp0WhUFv9QPR0c0KpXZ9Fcw8VOKcUrKbe9QEJ8xmPLJQceUcSL0lAdVE1xYwBT2Ap679OSBUxmn4UDtRZoKIlBekJhkXVqkKjoeAXT0Xns; path=/; HttpOnly;', 'X-Content-Type-Options': 'nosniff', 'Connection': 'Keep-Alive', 'Pragma': 'no-cache', 'Cache-Control': 'no-cache, no-store, max-age=0, must-revalidate', 'Date': 'Mon, 18 May 2020 08:09:23 GMT', 'X-Frame-Options': 'SAMEORIGIN', 'Content-Type': 'text/html'}
DEBUG:huawei_lte.router:-------------
DEBUG:huawei_lte.router:-- DATA --
DEBUG:huawei_lte.router:ï»¿<!DOCTYPE html>
<html id="html">
    <head><meta name="csrf_token" content="AnqY5kvmJLf0MEme5g2ODOVnyJ4pQrkP">
<meta name="csrf_token" content="ffAGRhKRAb2Xv00Raogh2R7E6uwu0dgG">

        <meta http-equiv="X-UA-Compatible" content="IE=edge,chrome=1" />
        <meta http-equiv="Content-Type" content="text/html; charset=UTF-8" />
        <meta name="format-detection" content="telephone=no" />
        <meta http-equiv='Pragma' content='no-cache'/>
        <meta http-equiv="Cache-Control" content="no-cache, must-revalidate" />
        <meta name="description" content="emui webui 6.0" />
        <meta name="author" content="emui webui 6.0" />
        <meta name="viewport" content="initial-scale=0.4;user-scalable=yes" />
        <link type="text/css" rel="stylesheet" href="../css/emui-style.css" />
        <script type="text/javascript" src="../lib/emui-jquery.js"></script>
        <script type="text/javascript" src="../js/public.js"></script>

        <script type="text/javascript">
            var DEFAULT_GATEWAY_IP = "";
            function isHandheldBrowser() {
                var hardwarePlatform = navigator.platform.toLowerCase();
                var agent = navigator.userAgent.toLowerCase();
                var isIpod = hardwarePlatform.indexOf("ipod") != -1;
                var isIphone = hardwarePlatform.indexOf("iphone") != -1;
                var isIpad =  hardwarePlatform.indexOf("ipad") != -1;
                var isAndroid = agent.indexOf("android") !=-1;

                if(0 == login_status) {
                    return false;
                }
                if (isIphone || isIpod || isIpad || isAndroid ) {
                    return true;
                } else {
                    if (screen.height <= 320 || screen.width <= 320) {
                        return true;
                    }
                }
                return false;
            }
            var login_status = null;
            // get connection status
            getAjaxData('config/global/config.xml', function(xml) {
                    var config_ret = xml;
                    login_status = config_ret.config.login;
                }, {
                    sync : true
                }
            );
            getConfigData('config/lan/config.xml', function(xml) {
                    var ret = xml;
                    if ('config' == ret.type) {
                        DEFAULT_GATEWAY_IP = ret.config.dhcps.ipaddress;
                    }
                }, {
                    sync: true
                }
            );
            var href = "http://" + DEFAULT_GATEWAY_IP;
            try {
                href = window.location.href;
            } catch(exception) {
                href = "http://" + DEFAULT_GATEWAY_IP;
            }

            //check login status
            var LOGIN_STATES_SUCCEED = "0";
            var userLoginState = LOGIN_STATES_SUCCEED;
            getAjaxData('api/user/state-login', function(xml) { //æ¥è¯¢ç»å½ç¶æ
                var ret = xml;
                if (ret.type == 'response') {
                    userLoginState=ret.response.State;
                }
            }, {
                sync: true
            });
            var g_auto_update_redirect = '';
            getAjaxData('api/device/basic_information', function(xml) { //æ¥è¯¢è®¾å¤åºæ¬ä¿¡æ¯
                var ret = xml;
                if (ret.type == 'response') {
                    g_auto_update_redirect = ret.response.restore_default_status;
                }
            }, {
                sync:true
            });
            var g_current_connection_status = '';
            var g_module = '';
            var sim_ret = '';
            var cradle_ret = '';
            var CRADLE_NETLINE_EXIST = 1;
            var ETHERNET_LAN_MODE = '5';
            var CRADLEAUTOMODE = '0';
            var MACRO_CONNECTION_CONNECTED = '901';
            var Login = '';
            getAjaxData('api/global/module-switch', function(xml) { //è·åé¡µé¢éç½®æ¨¡åå¼å³
                var ret = xml;
                if (ret.type == 'response') {
                    g_module = ret.response;
                }
            }, {
                sync:true
            });
            getAjaxData('api/monitoring/status', function(xml) { // æ¥è¯¢ç½ç»ç¶æä¿¡æ¯
                var ret = xml;
                if (ret.type == 'response') {
                    sim_ret = ret.response;
                }
            }, {
                sync:true
            });
            if (g_module.cradle_enabled) {
                getAjaxData('api/cradle/status-info', function(xml) { //è·åå½åè¿æ¥ä¿¡æ¯
                    var ret = xml;
                    if (ret.type == 'response') {
                        cradle_ret = ret.response;
                    }
                }, {
                    sync:true
                });
            }
            /*è·åæ¨å·ç¶æ*/
            if (g_module.cradle_enabled && cradle_ret !== '' && typeof(cradle_ret) !== 'undefined' && CRADLE_NETLINE_EXIST === cradle_ret.cradlestatus
                && ETHERNET_LAN_MODE !== cradle_ret.connectionmode && (CRADLEAUTOMODE !== cradle_ret.connectionmode)) {
                g_current_connection_status = cradle_ret.connectstatus;
            } else if (g_module.wifioffload_enabled && MACRO_CONNECTION_CONNECTED === sim_ret.WifiConnectionStatus) {
                g_current_connection_status = sim_ret.WifiConnectionStatus;
            } else {
                g_current_connection_status = sim_ret.ConnectionStatus;
            }
            $(document).ready( function() {

                /* è·åæ¯å¦æ¯æMCæ¨èé¡µé¢*/
                getAjaxData('config/global/config.xml', function(xml) {
                    var ret = xml;
                    if(ret.type == 'config' ) {
                        Login = ret.config;
                    }
                }, {
                    sync: true
                });

                if( true == isHandheldBrowser()
                    && (userLoginState != LOGIN_STATES_SUCCEED)
                    && (typeof Login.commend_enable != 'undefined')
                    && Login.commend_enable === '1'
                    && MACRO_CONNECTION_CONNECTED === g_current_connection_status) {
                    gotoPageWithoutHistory("../html/commend.html");
                } else {
                    gotoPageWithoutHistory("../html/index.html");
                }
            });
        </script>
        <title></title>
    </head>
    <body style="background-color: #FFFFFF;">
    </body>
</html>

DEBUG:huawei_lte.router:-------------
DEBUG:huawei_lte.router:------------ REQUEST to http://192.168.9.1/api/webserver/token -------------
DEBUG:huawei_lte.router:-- HEADERS --
DEBUG:huawei_lte.router:None
DEBUG:huawei_lte.router:-------------
DEBUG:urllib3.connectionpool:Resetting dropped connection: 192.168.9.1
DEBUG:urllib3.connectionpool:http://192.168.9.1:80 "GET /api/webserver/token HTTP/1.1" 200 138
INFO:huawei_lte.router:GET http://192.168.9.1/api/webserver/token 200
DEBUG:huawei_lte.router:------------ RESPONSE to http://192.168.9.1/api/webserver/token -------------
DEBUG:huawei_lte.router:-- HEADERS --
DEBUG:huawei_lte.router:{'Content-Length': '138', 'X-XSS-Protection': '1; mode=block', 'Content-Security-Policy': "default-src 'self' 'unsafe-inline' 'unsafe-eval'", 'X-Download-Options': 'noopen', 'X-Content-Type-Options': 'nosniff', 'Connection': 'Keep-Alive', 'Pragma': 'no-cache', 'Cache-Control': 'no-cache, no-store, max-age=0, must-revalidate', 'Date': 'Mon, 18 May 2020 08:09:24 GMT', 'X-Frame-Options': 'SAMEORIGIN', 'Content-Type': 'text/html'}
DEBUG:huawei_lte.router:-------------
DEBUG:huawei_lte.router:-- DATA --
DEBUG:huawei_lte.router:<?xml version="1.0" encoding="UTF-8"?><response><token>KExX4xk8TrgUR39sSA1VwX6Iqzde54nl0On2lNR56rCUw2yY1kf7jiKaYxXBV40P</token></response>
DEBUG:huawei_lte.router:-------------
DEBUG:huawei_lte.router:------------ REQUEST to http://192.168.9.1/api/user/challenge_login -------------
DEBUG:huawei_lte.router:-- HEADERS --
DEBUG:huawei_lte.router:{'__RequestVerificationToken': '0On2lNR56rCUw2yY1kf7jiKaYxXBV40P', 'Content-type': 'text/html'}
DEBUG:huawei_lte.router:-------------
DEBUG:huawei_lte.router:-- DATA --
DEBUG:huawei_lte.router:<?xml version="1.0" encoding="UTF-8"?><request><username>admin</username><firstnonce>9f9637ab201049f5ab36dfc08ba2e527a6791dfc888c4f8bb1b9444bb5252a3e</firstnonce><mode>1</mode></request>
DEBUG:huawei_lte.router:-------------
DEBUG:urllib3.connectionpool:http://192.168.9.1:80 "POST /api/user/challenge_login HTTP/1.1" 200 337
INFO:huawei_lte.router:POST http://192.168.9.1/api/user/challenge_login 200
DEBUG:huawei_lte.router:------------ RESPONSE to http://192.168.9.1/api/user/challenge_login -------------
DEBUG:huawei_lte.router:-- HEADERS --
DEBUG:huawei_lte.router:{'Content-Length': '337', 'X-XSS-Protection': '1; mode=block', 'Content-Security-Policy': "default-src 'self' 'unsafe-inline' 'unsafe-eval'", 'X-Download-Options': 'noopen', '__RequestVerificationToken': 'd0uf53fWOqjWobr0GJc8KXAfQR00HIGS', 'X-Content-Type-Options': 'nosniff', 'Pragma': 'no-cache', 'Cache-Control': 'no-cache, no-store, max-age=0, must-revalidate', 'X-Frame-Options': 'SAMEORIGIN', 'Content-Type': 'text/html'}
DEBUG:huawei_lte.router:-------------
DEBUG:huawei_lte.router:-- DATA --
DEBUG:huawei_lte.router:<?xml version="1.0" encoding="UTF-8"?><response><iterations>100</iterations><servernonce>9f9637ab201049f5ab36dfc08ba2e527a6791dfc888c4f8bb1b9444bb5252a3e95H492hZgcnkfgSGWyaWG5WPCEbQpeV2</servernonce><modeselected>1</modeselected><salt>844b89b04c8a9d0a3b7422ad70d404fd8cb0bfb6eac3bb1366e6aca09f77da24</salt><newType>0</newType></response>
DEBUG:huawei_lte.router:-------------
DEBUG:huawei_lte.router:------------ REQUEST to http://192.168.9.1/api/user/authentication_login -------------
DEBUG:huawei_lte.router:-- HEADERS --
DEBUG:huawei_lte.router:{'__RequestVerificationToken': 'd0uf53fWOqjWobr0GJc8KXAfQR00HIGS', 'Content-type': 'application/x-www-form-urlencoded; charset=UTF-8'}
DEBUG:huawei_lte.router:-------------
DEBUG:huawei_lte.router:-- DATA --
DEBUG:huawei_lte.router:<?xml version="1.0" encoding="UTF-8"?><request><clientproof>9a5f8d044e698142ce951fc21d6f6b11caf1da682aec05503e1f847cde09c807</clientproof><finalnonce>9f9637ab201049f5ab36dfc08ba2e527a6791dfc888c4f8bb1b9444bb5252a3e95H492hZgcnkfgSGWyaWG5WPCEbQpeV2</finalnonce></request>
DEBUG:huawei_lte.router:-------------
DEBUG:urllib3.connectionpool:http://192.168.9.1:80 "POST /api/user/authentication_login HTTP/1.1" 200 807
INFO:huawei_lte.router:POST http://192.168.9.1/api/user/authentication_login 200
DEBUG:huawei_lte.router:------------ RESPONSE to http://192.168.9.1/api/user/authentication_login -------------
DEBUG:huawei_lte.router:-- HEADERS --
DEBUG:huawei_lte.router:{'Content-Length': '807', 'X-XSS-Protection': '1; mode=block', 'Content-Security-Policy': "default-src 'self' 'unsafe-inline' 'unsafe-eval'", 'X-Download-Options': 'noopen', '__RequestVerificationToken': 'Oen6H4m1te100uCsdZcHU0FkK2kH9rCs#nwLa1BrSkAo00U6Kv070bF0RmGiZyE9m#Jh96iV60a6Z5n4PzIWgwHWOwIxnhlJkr#3ovxMGDINgpXu7A1020tCESHsYilhnis#EB4eOkmlRTzEjgL6uvQMolvBXFu0lNqM#6Biq0dddbCrnIQNVMuHs0pxl4dswrn9y#kt00tkwqQEZRCrpAsIaxS2XH0LWzav0q#i9d9sehECDzNh1ndTZ5DLRsJ2ubJxqoV#q55bRwsWxoHC00cjldTDhOHXHFdJYyyy#SNpTE9J0rA99SOvgBhKdK3n0cWSksbOv#YYX0coNizecewfcmWV06mZv90CrfzBn0#DrmT9bqqu704HUf01Bop6BVjUuZrxuFN#LfJzFwrWA203uLmPA1VvYokP5vudDUi9#kln0tMeMDY6A3oyfDGrJqyxROEBInYBb#OTMJHXQCJZiMLyKHPkElN6zr0Oxy6U2H#y0sQfi3EirzBtC9VgiIhaSQ8aFIDUlv7#Xjdo0bihgI9K4B8WJxHRGkuwo1VLqkv4#1xNOlDJ50CQ8tRT5wbB9MwKzjjx7BAqQ#Mkg0KwQoUfBAr3GrwtfmLOiCYTSlF5Sa#N67068rs0uJI0k6ifPYaRnQkMTdU6b0L#FMr01bUUaPVVlKjJ9Ccx4RW3I7dzo2ff#Q0OXMNP8DWdJgA0rajVDx0vIRuy1Lgx7#KChTPo5wt4e0CmO4I0O0RHoc5FIyrycR#W0AsS0oy8tlZgjnVct16jSOK9OEHc5Gw#Y1vZ98bWaCxWw1uw89VqRPfYIuc2XicJ#zT9fnD0G05dRfRUk0bgl3AKGriw0R2WR#t8bhZmh0HZPyBNKTZryCKOHMOxXdiTBv#ejgG5doxmdqCmr3SkxAsoB83W6EJVARL#5S66XmrZ7Z7Menf8knIxZYvznIlnCZ9N#glEQUKpnBcvquh7z9gxYB2jK0K0EvGmB#vvhX0O092GsvTHBaiKjR3Z1OyNP9q15S#Y9J9RFu1rsWhwM8wPMXbsXX0m8hlwRrh', 'Set-Cookie': 'SessionID=vkX70Xka5w8UNVK1KL8z3TMezM2NdPImGS4Ghz32vejn1IeVK59AUBdPw6P6jKDDRRPNEpFH90rIip0bHsIqvSQorDJNaGzzOLMHACLB0vAgfGF8u0IIZTLstqKrL0pj; path=/; HttpOnly;', '__RequestVerificationTokentwo': 'nwLa1BrSkAo00U6Kv070bF0RmGiZyE9m', 'X-Content-Type-Options': 'nosniff', '__RequestVerificationTokenone': 'Oen6H4m1te100uCsdZcHU0FkK2kH9rCs', 'Pragma': 'no-cache', 'Cache-Control': 'no-cache, no-store, max-age=0, must-revalidate', 'X-Frame-Options': 'SAMEORIGIN', 'Content-Type': 'text/html'}
DEBUG:huawei_lte.router:-------------
DEBUG:huawei_lte.router:-- DATA --
DEBUG:huawei_lte.router:<?xml version="1.0" encoding="UTF-8"?><response><rsan>b2516d802ecb467bc61ec9a7443be11f0c50fe4a1a7b6acdcb8e5902c99d42cf213475b65625647923283487e8bae8496acbf783ed54c3d56daa0efcafc11d52f6cf3f48990edf1c96a57f7f32292794bf6bdc96e2895bcb2fbcc6b53a670b3bfafac4b039f23d57e693f713af775d9a35f5bab7d973cb284318ba403f92a048b67b3d41a15ba846aa0ab370830a492f7fafd589aa1c84646f6fff25d21e26190ec842fb95b5ca3724cb1cb45535b40088eb465716e171932eb83a77372ae94dffb743ba6c65f3c18fa70762306838d857e301166ceaaa4ebac9929d7d834cb695908ed14e9c2bed0d478c331d03031dcd1095fa4ee4dd8697c2e7b4137f3c39</rsan><rsae>010001</rsae><serversignature>86cd6b76346eb227d8fef7e98f87dbd9ba27704fbf9fdba06002268214b5c12b</serversignature><rsapubkeysignature>5e4e339d5db47f7d13e18fcebc4c27a49e8b93a42a6737ad62e284a3be312a45</rsapubkeysignature></response>
DEBUG:huawei_lte.router:-------------
DEBUG:huawei_lte.router:------------ REQUEST to http://192.168.9.1/api/webserver/token -------------
DEBUG:huawei_lte.router:-- HEADERS --
DEBUG:huawei_lte.router:None
DEBUG:huawei_lte.router:-------------
DEBUG:urllib3.connectionpool:http://192.168.9.1:80 "GET /api/webserver/token HTTP/1.1" 200 138
INFO:huawei_lte.router:GET http://192.168.9.1/api/webserver/token 200
DEBUG:huawei_lte.router:------------ RESPONSE to http://192.168.9.1/api/webserver/token -------------
DEBUG:huawei_lte.router:-- HEADERS --
DEBUG:huawei_lte.router:{'Content-Length': '138', 'X-XSS-Protection': '1; mode=block', 'Content-Security-Policy': "default-src 'self' 'unsafe-inline' 'unsafe-eval'", 'X-Download-Options': 'noopen', 'X-Content-Type-Options': 'nosniff', 'Connection': 'Keep-Alive', 'Pragma': 'no-cache', 'Cache-Control': 'no-cache, no-store, max-age=0, must-revalidate', 'Date': 'Mon, 18 May 2020 08:09:24 GMT', 'X-Frame-Options': 'SAMEORIGIN', 'Content-Type': 'text/html'}
DEBUG:huawei_lte.router:-------------
DEBUG:huawei_lte.router:-- DATA --
DEBUG:huawei_lte.router:<?xml version="1.0" encoding="UTF-8"?><response><token>dWFMGnVjEnZLRPjYM4hqF0BRPD3RTXN7t5aTkANkWW9ttZzxMSsNZj6BaiDcJyTq</token></response>
DEBUG:huawei_lte.router:-------------
DEBUG:huawei_lte.router:------------ REQUEST to http://192.168.9.1/api/cradle/basic-info -------------
DEBUG:huawei_lte.router:-- HEADERS --
DEBUG:huawei_lte.router:{'__RequestVerificationToken': 't5aTkANkWW9ttZzxMSsNZj6BaiDcJyTq', 'Content-type': 'application/x-www-form-urlencoded; charset=UTF-8'}
DEBUG:huawei_lte.router:-------------
DEBUG:urllib3.connectionpool:http://192.168.9.1:80 "GET /api/cradle/basic-info HTTP/1.1" 200 620
INFO:huawei_lte.router:GET http://192.168.9.1/api/cradle/basic-info 200
DEBUG:huawei_lte.router:------------ RESPONSE to http://192.168.9.1/api/cradle/basic-info -------------
DEBUG:huawei_lte.router:-- HEADERS --
DEBUG:huawei_lte.router:{'Content-Length': '620', 'X-XSS-Protection': '1; mode=block', 'Content-Security-Policy': "default-src 'self' 'unsafe-inline' 'unsafe-eval'", 'X-Download-Options': 'noopen', 'X-Content-Type-Options': 'nosniff', 'Connection': 'Keep-Alive', 'Pragma': 'no-cache', 'Cache-Control': 'no-cache, no-store, max-age=0, must-revalidate', 'Date': 'Mon, 18 May 2020 08:09:24 GMT', 'X-Frame-Options': 'SAMEORIGIN', 'Content-Type': 'text/html'}
DEBUG:huawei_lte.router:-------------
DEBUG:huawei_lte.router:-- DATA --
DEBUG:huawei_lte.router:<?xml version="1.0" encoding="UTF-8"?><response><dynamicprimarydns>8.8.8.8</dynamicprimarydns><netmask>255.255.255.0</netmask><dynamicsetdnsmanual>1</dynamicsetdnsmanual><secondarydns>0.0.0.0</secondarydns><staticipmtu>1500</staticipmtu><dialmode>0</dialmode><maxidletime>600</maxidletime><pppoepwd>********</pppoepwd><dynamicsecondarydns>8.8.4.4</dynamicsecondarydns><ipaddress>192.168.1.113</ipaddress><pppoeuser>fred</pppoeuser><pppoeauth>1</pppoeauth><connectionmode>0</connectionmode><gateway>192.168.1.1</gateway><pppoemtu>1480</pppoemtu><dynamicipmtu>1500</dynamicipmtu><primarydns>0.0.0.0</primarydns></response>
DEBUG:huawei_lte.router:-------------
DEBUG:huawei_lte.router:------------ REQUEST to http://192.168.9.1/api/webserver/token -------------
DEBUG:huawei_lte.router:-- HEADERS --
DEBUG:huawei_lte.router:None
DEBUG:huawei_lte.router:-------------
DEBUG:urllib3.connectionpool:http://192.168.9.1:80 "GET /api/webserver/token HTTP/1.1" 200 138
INFO:huawei_lte.router:GET http://192.168.9.1/api/webserver/token 200
DEBUG:huawei_lte.router:------------ RESPONSE to http://192.168.9.1/api/webserver/token -------------
DEBUG:huawei_lte.router:-- HEADERS --
DEBUG:huawei_lte.router:{'Content-Length': '138', 'X-XSS-Protection': '1; mode=block', 'Content-Security-Policy': "default-src 'self' 'unsafe-inline' 'unsafe-eval'", 'X-Download-Options': 'noopen', 'X-Content-Type-Options': 'nosniff', 'Connection': 'Keep-Alive', 'Pragma': 'no-cache', 'Cache-Control': 'no-cache, no-store, max-age=0, must-revalidate', 'Date': 'Mon, 18 May 2020 08:09:24 GMT', 'X-Frame-Options': 'SAMEORIGIN', 'Content-Type': 'text/html'}
DEBUG:huawei_lte.router:-------------
DEBUG:huawei_lte.router:-- DATA --
DEBUG:huawei_lte.router:<?xml version="1.0" encoding="UTF-8"?><response><token>IDfw0I7znAMDmhUrNKoJrvRjylRNqe9D7uvXEUlTcbYW9sHyHagThJGxmCg08Hi8</token></response>
DEBUG:huawei_lte.router:-------------
DEBUG:huawei_lte.router:------------ REQUEST to http://192.168.9.1/api/cradle/basic-info -------------
DEBUG:huawei_lte.router:-- HEADERS --
DEBUG:huawei_lte.router:{'__RequestVerificationToken': '7uvXEUlTcbYW9sHyHagThJGxmCg08Hi8', 'Content-type': 'application/x-www-form-urlencoded; charset=UTF-8'}
DEBUG:huawei_lte.router:-------------
DEBUG:huawei_lte.router:-- DATA --
DEBUG:huawei_lte.router:<?xml version="1.0" encoding="UTF-8"?><request><pppoeuser>fred</pppoeuser><connectionmode>0</connectionmode><secondarydns>0.0.0.0</secondarydns><pppoemtu>1480</pppoemtu><dynamicsetdnsmanual>1</dynamicsetdnsmanual><maxidletime>600</maxidletime><pppoepwd></pppoepwd><netmask>255.255.255.0</netmask><dynamicsecondarydns>8.8.4.4</dynamicsecondarydns><dynamicipmtu>1500</dynamicipmtu><primarydns>0.0.0.0</primarydns><pppoeauth>1</pppoeauth><ipaddress>192.168.1.113</ipaddress><gateway>192.168.1.1</gateway><dynamicprimarydns>8.8.8.8</dynamicprimarydns></request>
DEBUG:huawei_lte.router:-------------
DEBUG:urllib3.connectionpool:http://192.168.9.1:80 "POST /api/cradle/basic-info HTTP/1.1" 200 61
INFO:huawei_lte.router:POST http://192.168.9.1/api/cradle/basic-info 200
DEBUG:huawei_lte.router:------------ RESPONSE to http://192.168.9.1/api/cradle/basic-info -------------
DEBUG:huawei_lte.router:-- HEADERS --
DEBUG:huawei_lte.router:{'Content-Length': '61', 'X-XSS-Protection': '1; mode=block', 'Content-Security-Policy': "default-src 'self' 'unsafe-inline' 'unsafe-eval'", 'X-Download-Options': 'noopen', '__RequestVerificationToken': 'kon5c8nndpPwYlQr6a0D4n0Bcre8B6bw', 'X-Content-Type-Options': 'nosniff', 'Pragma': 'no-cache', 'Cache-Control': 'no-cache, no-store, max-age=0, must-revalidate', 'X-Frame-Options': 'SAMEORIGIN', 'Content-Type': 'text/html'}
DEBUG:huawei_lte.router:-------------
DEBUG:huawei_lte.router:-- DATA --
DEBUG:huawei_lte.router:<?xml version="1.0" encoding="UTF-8"?><response>OK</response>
DEBUG:huawei_lte.router:-------------
DEBUG:huawei_lte.router:------------ REQUEST to http://192.168.9.1/api/webserver/token -------------
DEBUG:huawei_lte.router:-- HEADERS --
DEBUG:huawei_lte.router:None
DEBUG:huawei_lte.router:-------------
DEBUG:urllib3.connectionpool:http://192.168.9.1:80 "GET /api/webserver/token HTTP/1.1" 200 138
INFO:huawei_lte.router:GET http://192.168.9.1/api/webserver/token 200
DEBUG:huawei_lte.router:------------ RESPONSE to http://192.168.9.1/api/webserver/token -------------
DEBUG:huawei_lte.router:-- HEADERS --
DEBUG:huawei_lte.router:{'Content-Length': '138', 'X-XSS-Protection': '1; mode=block', 'Content-Security-Policy': "default-src 'self' 'unsafe-inline' 'unsafe-eval'", 'X-Download-Options': 'noopen', 'X-Content-Type-Options': 'nosniff', 'Connection': 'Keep-Alive', 'Pragma': 'no-cache', 'Cache-Control': 'no-cache, no-store, max-age=0, must-revalidate', 'Date': 'Mon, 18 May 2020 08:09:24 GMT', 'X-Frame-Options': 'SAMEORIGIN', 'Content-Type': 'text/html'}
DEBUG:huawei_lte.router:-------------
DEBUG:huawei_lte.router:-- DATA --
DEBUG:huawei_lte.router:<?xml version="1.0" encoding="UTF-8"?><response><token>2OqkNVb9xKH7YhF5WeRIsjMukZzJJ76JzwKQ4KzEizL6litp2n9SS74Z2wYuSYAr</token></response>
DEBUG:huawei_lte.router:-------------
DEBUG:huawei_lte.router:------------ REQUEST to http://192.168.9.1/api/cradle/basic-info -------------
DEBUG:huawei_lte.router:-- HEADERS --
DEBUG:huawei_lte.router:{'__RequestVerificationToken': 'zwKQ4KzEizL6litp2n9SS74Z2wYuSYAr', 'Content-type': 'application/x-www-form-urlencoded; charset=UTF-8'}
DEBUG:huawei_lte.router:-------------
DEBUG:urllib3.connectionpool:http://192.168.9.1:80 "GET /api/cradle/basic-info HTTP/1.1" 200 620
INFO:huawei_lte.router:GET http://192.168.9.1/api/cradle/basic-info 200
DEBUG:huawei_lte.router:------------ RESPONSE to http://192.168.9.1/api/cradle/basic-info -------------
DEBUG:huawei_lte.router:-- HEADERS --
DEBUG:huawei_lte.router:{'Content-Length': '620', 'X-XSS-Protection': '1; mode=block', 'Content-Security-Policy': "default-src 'self' 'unsafe-inline' 'unsafe-eval'", 'X-Download-Options': 'noopen', 'X-Content-Type-Options': 'nosniff', 'Connection': 'Keep-Alive', 'Pragma': 'no-cache', 'Cache-Control': 'no-cache, no-store, max-age=0, must-revalidate', 'Date': 'Mon, 18 May 2020 08:09:24 GMT', 'X-Frame-Options': 'SAMEORIGIN', 'Content-Type': 'text/html'}
DEBUG:huawei_lte.router:-------------
DEBUG:huawei_lte.router:-- DATA --
DEBUG:huawei_lte.router:<?xml version="1.0" encoding="UTF-8"?><response><dynamicprimarydns>8.8.8.8</dynamicprimarydns><netmask>255.255.255.0</netmask><dynamicsetdnsmanual>1</dynamicsetdnsmanual><secondarydns>0.0.0.0</secondarydns><staticipmtu>1500</staticipmtu><dialmode>0</dialmode><maxidletime>600</maxidletime><pppoepwd>********</pppoepwd><dynamicsecondarydns>8.8.4.4</dynamicsecondarydns><ipaddress>192.168.1.113</ipaddress><pppoeuser>fred</pppoeuser><pppoeauth>1</pppoeauth><connectionmode>0</connectionmode><gateway>192.168.1.1</gateway><pppoemtu>1480</pppoemtu><dynamicipmtu>1500</dynamicipmtu><primarydns>0.0.0.0</primarydns></response>
DEBUG:huawei_lte.router:-------------
DEBUG:huawei_lte.router:------------ REQUEST to http://192.168.9.1/api/webserver/token -------------
DEBUG:huawei_lte.router:-- HEADERS --
DEBUG:huawei_lte.router:None
DEBUG:huawei_lte.router:-------------
DEBUG:urllib3.connectionpool:http://192.168.9.1:80 "GET /api/webserver/token HTTP/1.1" 200 138
INFO:huawei_lte.router:GET http://192.168.9.1/api/webserver/token 200
DEBUG:huawei_lte.router:------------ RESPONSE to http://192.168.9.1/api/webserver/token -------------
DEBUG:huawei_lte.router:-- HEADERS --
DEBUG:huawei_lte.router:{'Content-Length': '138', 'X-XSS-Protection': '1; mode=block', 'Content-Security-Policy': "default-src 'self' 'unsafe-inline' 'unsafe-eval'", 'X-Download-Options': 'noopen', 'X-Content-Type-Options': 'nosniff', 'Connection': 'Keep-Alive', 'Pragma': 'no-cache', 'Cache-Control': 'no-cache, no-store, max-age=0, must-revalidate', 'Date': 'Mon, 18 May 2020 08:09:24 GMT', 'X-Frame-Options': 'SAMEORIGIN', 'Content-Type': 'text/html'}
DEBUG:huawei_lte.router:-------------
DEBUG:huawei_lte.router:-- DATA --
DEBUG:huawei_lte.router:<?xml version="1.0" encoding="UTF-8"?><response><token>wu8geuRNSDdvpminKZjJqkV0nu0sFxh84ktSoSukEbThQUVKUBhXeWuhYimfiMzb</token></response>
DEBUG:huawei_lte.router:-------------
DEBUG:huawei_lte.router:------------ REQUEST to http://192.168.9.1/api/cradle/basic-info -------------
DEBUG:huawei_lte.router:-- HEADERS --
DEBUG:huawei_lte.router:{'__RequestVerificationToken': '4ktSoSukEbThQUVKUBhXeWuhYimfiMzb', 'Content-type': 'application/x-www-form-urlencoded; charset=UTF-8'}
DEBUG:huawei_lte.router:-------------
DEBUG:huawei_lte.router:-- DATA --
DEBUG:huawei_lte.router:<?xml version="1.0" encoding="UTF-8"?><request><pppoeuser>fred</pppoeuser><connectionmode>0</connectionmode><secondarydns>0.0.0.0</secondarydns><pppoemtu>1480</pppoemtu><dynamicsetdnsmanual>1</dynamicsetdnsmanual><maxidletime>600</maxidletime><pppoepwd>secret</pppoepwd><netmask>255.255.255.0</netmask><dynamicsecondarydns>8.8.4.4</dynamicsecondarydns><dynamicipmtu>1500</dynamicipmtu><primarydns>0.0.0.0</primarydns><pppoeauth>1</pppoeauth><ipaddress>192.168.1.113</ipaddress><gateway>192.168.1.1</gateway><dynamicprimarydns>8.8.8.8</dynamicprimarydns></request>
DEBUG:huawei_lte.router:-------------
DEBUG:urllib3.connectionpool:http://192.168.9.1:80 "POST /api/cradle/basic-info HTTP/1.1" 200 61
INFO:huawei_lte.router:POST http://192.168.9.1/api/cradle/basic-info 200
DEBUG:huawei_lte.router:------------ RESPONSE to http://192.168.9.1/api/cradle/basic-info -------------
DEBUG:huawei_lte.router:-- HEADERS --
DEBUG:huawei_lte.router:{'Content-Length': '61', 'X-XSS-Protection': '1; mode=block', 'Content-Security-Policy': "default-src 'self' 'unsafe-inline' 'unsafe-eval'", 'X-Download-Options': 'noopen', '__RequestVerificationToken': 'SKJmbsA0ro9s0q0apVxwqREQZObGN564', 'X-Content-Type-Options': 'nosniff', 'Pragma': 'no-cache', 'Cache-Control': 'no-cache, no-store, max-age=0, must-revalidate', 'X-Frame-Options': 'SAMEORIGIN', 'Content-Type': 'text/html'}
DEBUG:huawei_lte.router:-------------
DEBUG:huawei_lte.router:-- DATA --
DEBUG:huawei_lte.router:<?xml version="1.0" encoding="UTF-8"?><response>OK</response>
DEBUG:huawei_lte.router:-------------
DEBUG:huawei_lte.router:------------ REQUEST to http://192.168.9.1/api/webserver/token -------------
DEBUG:huawei_lte.router:-- HEADERS --
DEBUG:huawei_lte.router:None
DEBUG:huawei_lte.router:-------------
DEBUG:urllib3.connectionpool:http://192.168.9.1:80 "GET /api/webserver/token HTTP/1.1" 200 138
INFO:huawei_lte.router:GET http://192.168.9.1/api/webserver/token 200
DEBUG:huawei_lte.router:------------ RESPONSE to http://192.168.9.1/api/webserver/token -------------
DEBUG:huawei_lte.router:-- HEADERS --
DEBUG:huawei_lte.router:{'Content-Length': '138', 'X-XSS-Protection': '1; mode=block', 'Content-Security-Policy': "default-src 'self' 'unsafe-inline' 'unsafe-eval'", 'X-Download-Options': 'noopen', 'X-Content-Type-Options': 'nosniff', 'Connection': 'Keep-Alive', 'Pragma': 'no-cache', 'Cache-Control': 'no-cache, no-store, max-age=0, must-revalidate', 'Date': 'Mon, 18 May 2020 08:09:24 GMT', 'X-Frame-Options': 'SAMEORIGIN', 'Content-Type': 'text/html'}
DEBUG:huawei_lte.router:-------------
DEBUG:huawei_lte.router:-- DATA --
DEBUG:huawei_lte.router:<?xml version="1.0" encoding="UTF-8"?><response><token>iPWeqT70oBj6aCQ2f6Isfp4Si7KXc525M2dtrT9yyrt9OPJN0ow0q0fda3Ytka2b</token></response>
DEBUG:huawei_lte.router:-------------
DEBUG:huawei_lte.router:------------ REQUEST to http://192.168.9.1/api/cradle/basic-info -------------
DEBUG:huawei_lte.router:-- HEADERS --
DEBUG:huawei_lte.router:{'__RequestVerificationToken': 'M2dtrT9yyrt9OPJN0ow0q0fda3Ytka2b', 'Content-type': 'application/x-www-form-urlencoded; charset=UTF-8'}
DEBUG:huawei_lte.router:-------------
DEBUG:urllib3.connectionpool:http://192.168.9.1:80 "GET /api/cradle/basic-info HTTP/1.1" 200 620
INFO:huawei_lte.router:GET http://192.168.9.1/api/cradle/basic-info 200
DEBUG:huawei_lte.router:------------ RESPONSE to http://192.168.9.1/api/cradle/basic-info -------------
DEBUG:huawei_lte.router:-- HEADERS --
DEBUG:huawei_lte.router:{'Content-Length': '620', 'X-XSS-Protection': '1; mode=block', 'Content-Security-Policy': "default-src 'self' 'unsafe-inline' 'unsafe-eval'", 'X-Download-Options': 'noopen', 'X-Content-Type-Options': 'nosniff', 'Connection': 'Keep-Alive', 'Pragma': 'no-cache', 'Cache-Control': 'no-cache, no-store, max-age=0, must-revalidate', 'Date': 'Mon, 18 May 2020 08:09:24 GMT', 'X-Frame-Options': 'SAMEORIGIN', 'Content-Type': 'text/html'}
DEBUG:huawei_lte.router:-------------
DEBUG:huawei_lte.router:-- DATA --
DEBUG:huawei_lte.router:<?xml version="1.0" encoding="UTF-8"?><response><dynamicprimarydns>8.8.8.8</dynamicprimarydns><netmask>255.255.255.0</netmask><dynamicsetdnsmanual>1</dynamicsetdnsmanual><secondarydns>0.0.0.0</secondarydns><staticipmtu>1500</staticipmtu><dialmode>0</dialmode><maxidletime>600</maxidletime><pppoepwd>********</pppoepwd><dynamicsecondarydns>8.8.4.4</dynamicsecondarydns><ipaddress>192.168.1.113</ipaddress><pppoeuser>fred</pppoeuser><pppoeauth>1</pppoeauth><connectionmode>0</connectionmode><gateway>192.168.1.1</gateway><pppoemtu>1480</pppoemtu><dynamicipmtu>1500</dynamicipmtu><primarydns>0.0.0.0</primarydns></response>
DEBUG:huawei_lte.router:-------------
DEBUG:huawei_lte.router:------------ REQUEST to http://192.168.9.1/api/webserver/token -------------
DEBUG:huawei_lte.router:-- HEADERS --
DEBUG:huawei_lte.router:None
DEBUG:huawei_lte.router:-------------
DEBUG:urllib3.connectionpool:http://192.168.9.1:80 "GET /api/webserver/token HTTP/1.1" 200 138
INFO:huawei_lte.router:GET http://192.168.9.1/api/webserver/token 200
DEBUG:huawei_lte.router:------------ RESPONSE to http://192.168.9.1/api/webserver/token -------------
DEBUG:huawei_lte.router:-- HEADERS --
DEBUG:huawei_lte.router:{'Content-Length': '138', 'X-XSS-Protection': '1; mode=block', 'Content-Security-Policy': "default-src 'self' 'unsafe-inline' 'unsafe-eval'", 'X-Download-Options': 'noopen', 'X-Content-Type-Options': 'nosniff', 'Connection': 'Keep-Alive', 'Pragma': 'no-cache', 'Cache-Control': 'no-cache, no-store, max-age=0, must-revalidate', 'Date': 'Mon, 18 May 2020 08:09:24 GMT', 'X-Frame-Options': 'SAMEORIGIN', 'Content-Type': 'text/html'}
DEBUG:huawei_lte.router:-------------
DEBUG:huawei_lte.router:-- DATA --
DEBUG:huawei_lte.router:<?xml version="1.0" encoding="UTF-8"?><response><token>G4TCs6iZLMFLqe2uaXLJuVXMvMg97MAj8UrxWAQCVb90OSwM06lPHoqVTI2nPqWb</token></response>
DEBUG:huawei_lte.router:-------------
DEBUG:huawei_lte.router:------------ REQUEST to http://192.168.9.1/api/cradle/status-info -------------
DEBUG:huawei_lte.router:-- HEADERS --
DEBUG:huawei_lte.router:{'__RequestVerificationToken': '8UrxWAQCVb90OSwM06lPHoqVTI2nPqWb', 'Content-type': 'application/x-www-form-urlencoded; charset=UTF-8'}
DEBUG:huawei_lte.router:-------------
DEBUG:urllib3.connectionpool:http://192.168.9.1:80 "GET /api/cradle/status-info HTTP/1.1" 200 455
INFO:huawei_lte.router:GET http://192.168.9.1/api/cradle/status-info 200
DEBUG:huawei_lte.router:------------ RESPONSE to http://192.168.9.1/api/cradle/status-info -------------
DEBUG:huawei_lte.router:-- HEADERS --
DEBUG:huawei_lte.router:{'Content-Length': '455', 'X-XSS-Protection': '1; mode=block', 'Content-Security-Policy': "default-src 'self' 'unsafe-inline' 'unsafe-eval'", 'X-Download-Options': 'noopen', 'X-Content-Type-Options': 'nosniff', 'Connection': 'Keep-Alive', 'Pragma': 'no-cache', 'Cache-Control': 'no-cache, no-store, max-age=0, must-revalidate', 'Date': 'Mon, 18 May 2020 08:09:24 GMT', 'X-Frame-Options': 'SAMEORIGIN', 'Content-Type': 'text/html'}
DEBUG:huawei_lte.router:-------------
DEBUG:huawei_lte.router:-- DATA --
DEBUG:huawei_lte.router:<?xml version="1.0" encoding="UTF-8"?><response><cradlestatus>1</cradlestatus><ipaddressipv6></ipaddressipv6><ipaddress>192.168.1.113</ipaddress><netmask>255.255.255.0</netmask><primarydnsipv6></primarydnsipv6><secondarydns>8.8.4.4</secondarydns><currenttime>1947</currenttime><secondarydnsipv6></secondarydnsipv6><connectstatus>901</connectstatus><connectionmode>3</connectionmode><gateway>192.168.1.1</gateway><primarydns>8.8.8.8</primarydns></response>
DEBUG:huawei_lte.router:-------------
DEBUG:huawei_lte.router:------------ REQUEST to http://192.168.9.1/api/webserver/token -------------
DEBUG:huawei_lte.router:-- HEADERS --
DEBUG:huawei_lte.router:None
DEBUG:huawei_lte.router:-------------
DEBUG:urllib3.connectionpool:http://192.168.9.1:80 "GET /api/webserver/token HTTP/1.1" 200 138
INFO:huawei_lte.router:GET http://192.168.9.1/api/webserver/token 200
DEBUG:huawei_lte.router:------------ RESPONSE to http://192.168.9.1/api/webserver/token -------------
DEBUG:huawei_lte.router:-- HEADERS --
DEBUG:huawei_lte.router:{'Content-Length': '138', 'X-XSS-Protection': '1; mode=block', 'Content-Security-Policy': "default-src 'self' 'unsafe-inline' 'unsafe-eval'", 'X-Download-Options': 'noopen', 'X-Content-Type-Options': 'nosniff', 'Connection': 'Keep-Alive', 'Pragma': 'no-cache', 'Cache-Control': 'no-cache, no-store, max-age=0, must-revalidate', 'Date': 'Mon, 18 May 2020 08:09:24 GMT', 'X-Frame-Options': 'SAMEORIGIN', 'Content-Type': 'text/html'}
DEBUG:huawei_lte.router:-------------
DEBUG:huawei_lte.router:-- DATA --
DEBUG:huawei_lte.router:<?xml version="1.0" encoding="UTF-8"?><response><token>QNVrtQUSAIk3w5tOb0JcDcawdCgbxeI9fNT8rx8cWGjKURPZoAySrpxILFbU5f3N</token></response>
DEBUG:huawei_lte.router:-------------
DEBUG:huawei_lte.router:------------ REQUEST to http://192.168.9.1/api/cradle/status-info -------------
DEBUG:huawei_lte.router:-- HEADERS --
DEBUG:huawei_lte.router:{'__RequestVerificationToken': 'fNT8rx8cWGjKURPZoAySrpxILFbU5f3N', 'Content-type': 'application/x-www-form-urlencoded; charset=UTF-8'}
DEBUG:huawei_lte.router:-------------
DEBUG:urllib3.connectionpool:http://192.168.9.1:80 "GET /api/cradle/status-info HTTP/1.1" 200 455
INFO:huawei_lte.router:GET http://192.168.9.1/api/cradle/status-info 200
DEBUG:huawei_lte.router:------------ RESPONSE to http://192.168.9.1/api/cradle/status-info -------------
DEBUG:huawei_lte.router:-- HEADERS --
DEBUG:huawei_lte.router:{'Content-Length': '455', 'X-XSS-Protection': '1; mode=block', 'Content-Security-Policy': "default-src 'self' 'unsafe-inline' 'unsafe-eval'", 'X-Download-Options': 'noopen', 'X-Content-Type-Options': 'nosniff', 'Connection': 'Keep-Alive', 'Pragma': 'no-cache', 'Cache-Control': 'no-cache, no-store, max-age=0, must-revalidate', 'Date': 'Mon, 18 May 2020 08:09:24 GMT', 'X-Frame-Options': 'SAMEORIGIN', 'Content-Type': 'text/html'}
DEBUG:huawei_lte.router:-------------
DEBUG:huawei_lte.router:-- DATA --
DEBUG:huawei_lte.router:<?xml version="1.0" encoding="UTF-8"?><response><cradlestatus>1</cradlestatus><ipaddressipv6></ipaddressipv6><ipaddress>192.168.1.113</ipaddress><netmask>255.255.255.0</netmask><primarydnsipv6></primarydnsipv6><secondarydns>8.8.4.4</secondarydns><currenttime>1947</currenttime><secondarydnsipv6></secondarydnsipv6><connectstatus>901</connectstatus><connectionmode>3</connectionmode><gateway>192.168.1.1</gateway><primarydns>8.8.8.8</primarydns></response>
DEBUG:huawei_lte.router:-------------
INFO:huawei_lte.router:LOGOUT for user [admin]
DEBUG:huawei_lte.router:------------ REQUEST to http://192.168.9.1/api/webserver/token -------------
DEBUG:huawei_lte.router:-- HEADERS --
DEBUG:huawei_lte.router:None
DEBUG:huawei_lte.router:-------------
DEBUG:urllib3.connectionpool:http://192.168.9.1:80 "GET /api/webserver/token HTTP/1.1" 200 138
INFO:huawei_lte.router:GET http://192.168.9.1/api/webserver/token 200
DEBUG:huawei_lte.router:------------ RESPONSE to http://192.168.9.1/api/webserver/token -------------
DEBUG:huawei_lte.router:-- HEADERS --
DEBUG:huawei_lte.router:{'Content-Length': '138', 'X-XSS-Protection': '1; mode=block', 'Content-Security-Policy': "default-src 'self' 'unsafe-inline' 'unsafe-eval'", 'X-Download-Options': 'noopen', 'X-Content-Type-Options': 'nosniff', 'Connection': 'Keep-Alive', 'Pragma': 'no-cache', 'Cache-Control': 'no-cache, no-store, max-age=0, must-revalidate', 'Date': 'Mon, 18 May 2020 08:09:24 GMT', 'X-Frame-Options': 'SAMEORIGIN', 'Content-Type': 'text/html'}
DEBUG:huawei_lte.router:-------------
DEBUG:huawei_lte.router:-- DATA --
DEBUG:huawei_lte.router:<?xml version="1.0" encoding="UTF-8"?><response><token>QpLYjvVy5r0AP00VwYtNdgrI6Iup1Yuc0pNmJ5glSAB7bOW8Kk1dXSeBHFelaEwe</token></response>
DEBUG:huawei_lte.router:-------------
DEBUG:huawei_lte.router:------------ REQUEST to http://192.168.9.1/api/user/logout -------------
DEBUG:huawei_lte.router:-- HEADERS --
DEBUG:huawei_lte.router:{'__RequestVerificationToken': '0pNmJ5glSAB7bOW8Kk1dXSeBHFelaEwe', 'Content-type': 'application/x-www-form-urlencoded; charset=UTF-8'}
DEBUG:huawei_lte.router:-------------
DEBUG:huawei_lte.router:-- DATA --
DEBUG:huawei_lte.router:<?xml version="1.0" encoding="UTF-8"?><request><Logout>1</Logout></request>
DEBUG:huawei_lte.router:-------------
DEBUG:urllib3.connectionpool:http://192.168.9.1:80 "POST /api/user/logout HTTP/1.1" 200 61
INFO:huawei_lte.router:POST http://192.168.9.1/api/user/logout 200
DEBUG:huawei_lte.router:------------ RESPONSE to http://192.168.9.1/api/user/logout -------------
DEBUG:huawei_lte.router:-- HEADERS --
DEBUG:huawei_lte.router:{'Content-Length': '61', 'X-XSS-Protection': '1; mode=block', 'Content-Security-Policy': "default-src 'self' 'unsafe-inline' 'unsafe-eval'", 'X-Download-Options': 'noopen', '__RequestVerificationToken': 'X91E99P1DYTXTZjVvOqFdqeXFOKhReHO', 'X-Content-Type-Options': 'nosniff', 'Pragma': 'no-cache', 'Cache-Control': 'no-cache, no-store, max-age=0, must-revalidate', 'X-Frame-Options': 'SAMEORIGIN', 'Content-Type': 'text/html'}
DEBUG:huawei_lte.router:-------------
DEBUG:huawei_lte.router:-- DATA --
DEBUG:huawei_lte.router:<?xml version="1.0" encoding="UTF-8"?><response>OK</response>
DEBUG:huawei_lte.router:-------------
INFO:huawei_lte.router:LOGIN for user [admin]
DEBUG:huawei_lte.router:------------ REQUEST to http://192.168.9.1/ -------------
DEBUG:huawei_lte.router:-- HEADERS --
DEBUG:huawei_lte.router:None
DEBUG:huawei_lte.router:-------------
DEBUG:urllib3.connectionpool:Starting new HTTP connection (1): 192.168.9.1:80
DEBUG:urllib3.connectionpool:http://192.168.9.1:80 "GET / HTTP/1.1" 200 6612
INFO:huawei_lte.router:GET http://192.168.9.1/ 200
DEBUG:huawei_lte.router:------------ RESPONSE to http://192.168.9.1/ -------------
DEBUG:huawei_lte.router:-- HEADERS --
DEBUG:huawei_lte.router:{'Content-Length': '6612', 'X-XSS-Protection': '1; mode=block', 'Content-Security-Policy': "default-src 'self' 'unsafe-inline' 'unsafe-eval'", 'X-Download-Options': 'noopen', 'Set-Cookie': 'SessionID=JkLmQes4Now6ikM56egXoHwKt3VtTg5mqpGu46MniyWuhNHh0yTUyZZWIsVtnFve406ui9TaDiLfdrkjM6dFB8bV4txVYbdJU3XubjwyI20UaGTnh3BmNDQkCDCCNYMi; path=/; HttpOnly;', 'X-Content-Type-Options': 'nosniff', 'Connection': 'Keep-Alive', 'Pragma': 'no-cache', 'Cache-Control': 'no-cache, no-store, max-age=0, must-revalidate', 'Date': 'Mon, 18 May 2020 08:09:30 GMT', 'X-Frame-Options': 'SAMEORIGIN', 'Content-Type': 'text/html'}
DEBUG:huawei_lte.router:-------------
DEBUG:huawei_lte.router:-- DATA --
DEBUG:huawei_lte.router:ï»¿<!DOCTYPE html>
<html id="html">
    <head><meta name="csrf_token" content="qRACjAhzjteV1jWWTXMeM0c2w80W9Hi4">
<meta name="csrf_token" content="Z47jTbBvhJrpe9MFLQwsm0lX9hCAF8Ml">

        <meta http-equiv="X-UA-Compatible" content="IE=edge,chrome=1" />
        <meta http-equiv="Content-Type" content="text/html; charset=UTF-8" />
        <meta name="format-detection" content="telephone=no" />
        <meta http-equiv='Pragma' content='no-cache'/>
        <meta http-equiv="Cache-Control" content="no-cache, must-revalidate" />
        <meta name="description" content="emui webui 6.0" />
        <meta name="author" content="emui webui 6.0" />
        <meta name="viewport" content="initial-scale=0.4;user-scalable=yes" />
        <link type="text/css" rel="stylesheet" href="../css/emui-style.css" />
        <script type="text/javascript" src="../lib/emui-jquery.js"></script>
        <script type="text/javascript" src="../js/public.js"></script>

        <script type="text/javascript">
            var DEFAULT_GATEWAY_IP = "";
            function isHandheldBrowser() {
                var hardwarePlatform = navigator.platform.toLowerCase();
                var agent = navigator.userAgent.toLowerCase();
                var isIpod = hardwarePlatform.indexOf("ipod") != -1;
                var isIphone = hardwarePlatform.indexOf("iphone") != -1;
                var isIpad =  hardwarePlatform.indexOf("ipad") != -1;
                var isAndroid = agent.indexOf("android") !=-1;

                if(0 == login_status) {
                    return false;
                }
                if (isIphone || isIpod || isIpad || isAndroid ) {
                    return true;
                } else {
                    if (screen.height <= 320 || screen.width <= 320) {
                        return true;
                    }
                }
                return false;
            }
            var login_status = null;
            // get connection status
            getAjaxData('config/global/config.xml', function(xml) {
                    var config_ret = xml;
                    login_status = config_ret.config.login;
                }, {
                    sync : true
                }
            );
            getConfigData('config/lan/config.xml', function(xml) {
                    var ret = xml;
                    if ('config' == ret.type) {
                        DEFAULT_GATEWAY_IP = ret.config.dhcps.ipaddress;
                    }
                }, {
                    sync: true
                }
            );
            var href = "http://" + DEFAULT_GATEWAY_IP;
            try {
                href = window.location.href;
            } catch(exception) {
                href = "http://" + DEFAULT_GATEWAY_IP;
            }

            //check login status
            var LOGIN_STATES_SUCCEED = "0";
            var userLoginState = LOGIN_STATES_SUCCEED;
            getAjaxData('api/user/state-login', function(xml) { //æ¥è¯¢ç»å½ç¶æ
                var ret = xml;
                if (ret.type == 'response') {
                    userLoginState=ret.response.State;
                }
            }, {
                sync: true
            });
            var g_auto_update_redirect = '';
            getAjaxData('api/device/basic_information', function(xml) { //æ¥è¯¢è®¾å¤åºæ¬ä¿¡æ¯
                var ret = xml;
                if (ret.type == 'response') {
                    g_auto_update_redirect = ret.response.restore_default_status;
                }
            }, {
                sync:true
            });
            var g_current_connection_status = '';
            var g_module = '';
            var sim_ret = '';
            var cradle_ret = '';
            var CRADLE_NETLINE_EXIST = 1;
            var ETHERNET_LAN_MODE = '5';
            var CRADLEAUTOMODE = '0';
            var MACRO_CONNECTION_CONNECTED = '901';
            var Login = '';
            getAjaxData('api/global/module-switch', function(xml) { //è·åé¡µé¢éç½®æ¨¡åå¼å³
                var ret = xml;
                if (ret.type == 'response') {
                    g_module = ret.response;
                }
            }, {
                sync:true
            });
            getAjaxData('api/monitoring/status', function(xml) { // æ¥è¯¢ç½ç»ç¶æä¿¡æ¯
                var ret = xml;
                if (ret.type == 'response') {
                    sim_ret = ret.response;
                }
            }, {
                sync:true
            });
            if (g_module.cradle_enabled) {
                getAjaxData('api/cradle/status-info', function(xml) { //è·åå½åè¿æ¥ä¿¡æ¯
                    var ret = xml;
                    if (ret.type == 'response') {
                        cradle_ret = ret.response;
                    }
                }, {
                    sync:true
                });
            }
            /*è·åæ¨å·ç¶æ*/
            if (g_module.cradle_enabled && cradle_ret !== '' && typeof(cradle_ret) !== 'undefined' && CRADLE_NETLINE_EXIST === cradle_ret.cradlestatus
                && ETHERNET_LAN_MODE !== cradle_ret.connectionmode && (CRADLEAUTOMODE !== cradle_ret.connectionmode)) {
                g_current_connection_status = cradle_ret.connectstatus;
            } else if (g_module.wifioffload_enabled && MACRO_CONNECTION_CONNECTED === sim_ret.WifiConnectionStatus) {
                g_current_connection_status = sim_ret.WifiConnectionStatus;
            } else {
                g_current_connection_status = sim_ret.ConnectionStatus;
            }
            $(document).ready( function() {

                /* è·åæ¯å¦æ¯æMCæ¨èé¡µé¢*/
                getAjaxData('config/global/config.xml', function(xml) {
                    var ret = xml;
                    if(ret.type == 'config' ) {
                        Login = ret.config;
                    }
                }, {
                    sync: true
                });

                if( true == isHandheldBrowser()
                    && (userLoginState != LOGIN_STATES_SUCCEED)
                    && (typeof Login.commend_enable != 'undefined')
                    && Login.commend_enable === '1'
                    && MACRO_CONNECTION_CONNECTED === g_current_connection_status) {
                    gotoPageWithoutHistory("../html/commend.html");
                } else {
                    gotoPageWithoutHistory("../html/index.html");
                }
            });
        </script>
        <title></title>
    </head>
    <body style="background-color: #FFFFFF;">
    </body>
</html>

DEBUG:huawei_lte.router:-------------
DEBUG:huawei_lte.router:------------ REQUEST to http://192.168.9.1/api/webserver/token -------------
DEBUG:huawei_lte.router:-- HEADERS --
DEBUG:huawei_lte.router:None
DEBUG:huawei_lte.router:-------------
DEBUG:urllib3.connectionpool:Resetting dropped connection: 192.168.9.1
DEBUG:urllib3.connectionpool:http://192.168.9.1:80 "GET /api/webserver/token HTTP/1.1" 200 138
INFO:huawei_lte.router:GET http://192.168.9.1/api/webserver/token 200
DEBUG:huawei_lte.router:------------ RESPONSE to http://192.168.9.1/api/webserver/token -------------
DEBUG:huawei_lte.router:-- HEADERS --
DEBUG:huawei_lte.router:{'Content-Length': '138', 'X-XSS-Protection': '1; mode=block', 'Content-Security-Policy': "default-src 'self' 'unsafe-inline' 'unsafe-eval'", 'X-Download-Options': 'noopen', 'X-Content-Type-Options': 'nosniff', 'Connection': 'Keep-Alive', 'Pragma': 'no-cache', 'Cache-Control': 'no-cache, no-store, max-age=0, must-revalidate', 'Date': 'Mon, 18 May 2020 08:09:31 GMT', 'X-Frame-Options': 'SAMEORIGIN', 'Content-Type': 'text/html'}
DEBUG:huawei_lte.router:-------------
DEBUG:huawei_lte.router:-- DATA --
DEBUG:huawei_lte.router:<?xml version="1.0" encoding="UTF-8"?><response><token>P0GQWNSjv456D7Wf7a7TE70z0oYu4v2Uol4mYkSaXFKAxlZChQLy0GU8fcEr6NTd</token></response>
DEBUG:huawei_lte.router:-------------
DEBUG:huawei_lte.router:------------ REQUEST to http://192.168.9.1/api/user/challenge_login -------------
DEBUG:huawei_lte.router:-- HEADERS --
DEBUG:huawei_lte.router:{'__RequestVerificationToken': 'ol4mYkSaXFKAxlZChQLy0GU8fcEr6NTd', 'Content-type': 'text/html'}
DEBUG:huawei_lte.router:-------------
DEBUG:huawei_lte.router:-- DATA --
DEBUG:huawei_lte.router:<?xml version="1.0" encoding="UTF-8"?><request><username>admin</username><firstnonce>b808e3e8a181477ab0a82b9dd40a5687cd733f67fd8b4460a36e63955919eda6</firstnonce><mode>1</mode></request>
DEBUG:huawei_lte.router:-------------
DEBUG:urllib3.connectionpool:http://192.168.9.1:80 "POST /api/user/challenge_login HTTP/1.1" 200 337
INFO:huawei_lte.router:POST http://192.168.9.1/api/user/challenge_login 200
DEBUG:huawei_lte.router:------------ RESPONSE to http://192.168.9.1/api/user/challenge_login -------------
DEBUG:huawei_lte.router:-- HEADERS --
DEBUG:huawei_lte.router:{'Content-Length': '337', 'X-XSS-Protection': '1; mode=block', 'Content-Security-Policy': "default-src 'self' 'unsafe-inline' 'unsafe-eval'", 'X-Download-Options': 'noopen', '__RequestVerificationToken': 'af0WgdzfHIGEWLCa1ZAooHOqMa01fObz', 'X-Content-Type-Options': 'nosniff', 'Pragma': 'no-cache', 'Cache-Control': 'no-cache, no-store, max-age=0, must-revalidate', 'X-Frame-Options': 'SAMEORIGIN', 'Content-Type': 'text/html'}
DEBUG:huawei_lte.router:-------------
DEBUG:huawei_lte.router:-- DATA --
DEBUG:huawei_lte.router:<?xml version="1.0" encoding="UTF-8"?><response><iterations>100</iterations><servernonce>b808e3e8a181477ab0a82b9dd40a5687cd733f67fd8b4460a36e63955919eda6V1r3vhfsD7mxhDAn6DgqHRsLPcUaxjgT</servernonce><modeselected>1</modeselected><salt>844b89b04c8a9d0a3b7422ad70d404fd8cb0bfb6eac3bb1366e6aca09f77da24</salt><newType>0</newType></response>
DEBUG:huawei_lte.router:-------------
DEBUG:huawei_lte.router:------------ REQUEST to http://192.168.9.1/api/user/authentication_login -------------
DEBUG:huawei_lte.router:-- HEADERS --
DEBUG:huawei_lte.router:{'__RequestVerificationToken': 'af0WgdzfHIGEWLCa1ZAooHOqMa01fObz', 'Content-type': 'application/x-www-form-urlencoded; charset=UTF-8'}
DEBUG:huawei_lte.router:-------------
DEBUG:huawei_lte.router:-- DATA --
DEBUG:huawei_lte.router:<?xml version="1.0" encoding="UTF-8"?><request><clientproof>ede56fe5479ac0e5d2c9e6b875d653749f23508285a70613a14ce3850de55de5</clientproof><finalnonce>b808e3e8a181477ab0a82b9dd40a5687cd733f67fd8b4460a36e63955919eda6V1r3vhfsD7mxhDAn6DgqHRsLPcUaxjgT</finalnonce></request>
DEBUG:huawei_lte.router:-------------
DEBUG:urllib3.connectionpool:http://192.168.9.1:80 "POST /api/user/authentication_login HTTP/1.1" 200 807
INFO:huawei_lte.router:POST http://192.168.9.1/api/user/authentication_login 200
DEBUG:huawei_lte.router:------------ RESPONSE to http://192.168.9.1/api/user/authentication_login -------------
DEBUG:huawei_lte.router:-- HEADERS --
DEBUG:huawei_lte.router:{'Content-Length': '807', 'X-XSS-Protection': '1; mode=block', 'Content-Security-Policy': "default-src 'self' 'unsafe-inline' 'unsafe-eval'", 'X-Download-Options': 'noopen', '__RequestVerificationToken': 'UV0StZVyN1Kd934ZMA5F5Vf1HAhWirg8#t0rSfCvkb9PbqeLbDOXgiUsC5WSU9mj0#kbj80O5nIYG58Dxa7rTZXsN63lKfVCcT#ye63lUjXg4NYKDGJSX18CSTSANzooxyD#CZ1BZml5gLcSQrlc6QQ3YzTomwdnuRLI#78Ia0QyTzVxR9h14XTZ501XL8S3P5Hw2#aEXuM2cH0FJ7csgCCmRPFs3M0ASUUiRk#0GWieIklD1lSavUOIIGLW0AGTj0JtdLX#ZTaBviysA900PJFujBNO9ODqGfjsP7QA#mnnwqqtbmoSQSR9XGWfda0Q0jKadrs9p#x27F3k7MRF3NOY002eAQs1Sm4Az14XNK#zSwhP00HvuTRiwMlPsSGES5BaZ0B1oOp#YB0Ic2XUPkSD8xh00GMBHjumhcjN0dU6#neSIipXT0XR4bIV6txg6hQiWSj7XqjnI#J2j37GOywR2hAOuucaPq8GjxVzcsTHwO#TRRE0EhHmcLaP0nFkUlckId19lUErEQQ#v090nF9awC2Alh33i0DK6dW1NqhRXlxj#cFXj5LRyAhOSejy1v4YNY0EAunQfpNRu#38eUxcj0VeM3PghMTZpgPyMVJCtf9Axg#AZ5zU7afSLfQTni6tJ7kTAu0yutAgslt#V3xvk0QmlIGVmSKpxlgdetKZHjtiidHI#7UwfB7kWtfC7FjpomwWbvIlGjESWw2rl#nZ9UwFaKRu0KUMk2xL20zjy9BKzUz2sA#rss3fifXQbwPtqOnRKJMEev85I29wRZc#HT0LpI71TIfqB950f6tTHFw3lr8Gy58k#ZXMQWAsv2AL0dE2yUKhObTj0SPzspoO8#zwd6z0a7kBn506dnsmnJAhvtNJpjRRfF#XpZVFhjCNkxHppyARMIL2Bglwpohigzo#Atvk0eQksoruPZBrJvqpnuQ1BQBJe0YM#PlKLrluOPCA4iCQmWG7Z62batE0GaoLl#NcjVjKIFIAptpAE790OO0kAh0wQuUYbX#4okhYDnFu2xgvp1mxOvypXUTu05uWdfn', 'Set-Cookie': 'SessionID=2ZlSA0N2spou0psIB2fLtSkTBgPkCH0v08GfB0Q0OVMkf20rm9en3F23VNDJW7iUNfGF8hqsO050V3oKYd9kUH7AoBEeAhNJKKNiQNbpcnV6Chmn0x7hXwxyQULEh27H; path=/; HttpOnly;', '__RequestVerificationTokentwo': 't0rSfCvkb9PbqeLbDOXgiUsC5WSU9mj0', 'X-Content-Type-Options': 'nosniff', '__RequestVerificationTokenone': 'UV0StZVyN1Kd934ZMA5F5Vf1HAhWirg8', 'Pragma': 'no-cache', 'Cache-Control': 'no-cache, no-store, max-age=0, must-revalidate', 'X-Frame-Options': 'SAMEORIGIN', 'Content-Type': 'text/html'}
DEBUG:huawei_lte.router:-------------
DEBUG:huawei_lte.router:-- DATA --
DEBUG:huawei_lte.router:<?xml version="1.0" encoding="UTF-8"?><response><rsan>b2516d802ecb467bc61ec9a7443be11f0c50fe4a1a7b6acdcb8e5902c99d42cf213475b65625647923283487e8bae8496acbf783ed54c3d56daa0efcafc11d52f6cf3f48990edf1c96a57f7f32292794bf6bdc96e2895bcb2fbcc6b53a670b3bfafac4b039f23d57e693f713af775d9a35f5bab7d973cb284318ba403f92a048b67b3d41a15ba846aa0ab370830a492f7fafd589aa1c84646f6fff25d21e26190ec842fb95b5ca3724cb1cb45535b40088eb465716e171932eb83a77372ae94dffb743ba6c65f3c18fa70762306838d857e301166ceaaa4ebac9929d7d834cb695908ed14e9c2bed0d478c331d03031dcd1095fa4ee4dd8697c2e7b4137f3c39</rsan><rsae>010001</rsae><serversignature>efece9c1f4ef368ccda36531c8ad21141714f3ff37838bcc6282d846d2911f2d</serversignature><rsapubkeysignature>5e4e339d5db47f7d13e18fcebc4c27a49e8b93a42a6737ad62e284a3be312a45</rsapubkeysignature></response>
DEBUG:huawei_lte.router:-------------
DEBUG:huawei_lte.router:------------ REQUEST to http://192.168.9.1/api/webserver/token -------------
DEBUG:huawei_lte.router:-- HEADERS --
DEBUG:huawei_lte.router:None
DEBUG:huawei_lte.router:-------------
DEBUG:urllib3.connectionpool:http://192.168.9.1:80 "GET /api/webserver/token HTTP/1.1" 200 138
INFO:huawei_lte.router:GET http://192.168.9.1/api/webserver/token 200
DEBUG:huawei_lte.router:------------ RESPONSE to http://192.168.9.1/api/webserver/token -------------
DEBUG:huawei_lte.router:-- HEADERS --
DEBUG:huawei_lte.router:{'Content-Length': '138', 'X-XSS-Protection': '1; mode=block', 'Content-Security-Policy': "default-src 'self' 'unsafe-inline' 'unsafe-eval'", 'X-Download-Options': 'noopen', 'X-Content-Type-Options': 'nosniff', 'Connection': 'Keep-Alive', 'Pragma': 'no-cache', 'Cache-Control': 'no-cache, no-store, max-age=0, must-revalidate', 'Date': 'Mon, 18 May 2020 08:09:31 GMT', 'X-Frame-Options': 'SAMEORIGIN', 'Content-Type': 'text/html'}
DEBUG:huawei_lte.router:-------------
DEBUG:huawei_lte.router:-- DATA --
DEBUG:huawei_lte.router:<?xml version="1.0" encoding="UTF-8"?><response><token>IWaetD3VpgK0lW2U00sX7vJhpvit87rzwZ7T3WCn0p7WEUGGuFOLz906bsZm5mLg</token></response>
DEBUG:huawei_lte.router:-------------
DEBUG:huawei_lte.router:------------ REQUEST to http://192.168.9.1/api/device/information -------------
DEBUG:huawei_lte.router:-- HEADERS --
DEBUG:huawei_lte.router:{'__RequestVerificationToken': 'wZ7T3WCn0p7WEUGGuFOLz906bsZm5mLg', 'Content-type': 'application/x-www-form-urlencoded; charset=UTF-8'}
DEBUG:huawei_lte.router:-------------
DEBUG:urllib3.connectionpool:http://192.168.9.1:80 "GET /api/device/information HTTP/1.1" 200 1159
INFO:huawei_lte.router:GET http://192.168.9.1/api/device/information 200
DEBUG:huawei_lte.router:------------ RESPONSE to http://192.168.9.1/api/device/information -------------
DEBUG:huawei_lte.router:-- HEADERS --
DEBUG:huawei_lte.router:{'Content-Length': '1159', 'X-XSS-Protection': '1; mode=block', 'Content-Security-Policy': "default-src 'self' 'unsafe-inline' 'unsafe-eval'", 'X-Download-Options': 'noopen', 'X-Content-Type-Options': 'nosniff', 'Connection': 'Keep-Alive', 'Pragma': 'no-cache', 'Cache-Control': 'no-cache, no-store, max-age=0, must-revalidate', 'X-Frame-Options': 'SAMEORIGIN', 'Content-Type': 'text/html'}
DEBUG:huawei_lte.router:-------------
DEBUG:huawei_lte.router:-- DATA --
DEBUG:huawei_lte.router:<?xml version="1.0" encoding="UTF-8"?>
<response>
<DeviceName>B525s-65a</DeviceName>
<SerialNumber>YXFDW18C24005634</SerialNumber>
<Imei>864005035359102</Imei>
<Imsi>505025704299232</Imsi>
<Iccid>8961025717446377231</Iccid>
<Msisdn></Msisdn>
<HardwareVersion>WL2B520M</HardwareVersion>
<SoftwareVersion>81.191.11.00.00</SoftwareVersion>
<WebUIVersion>21.100.44.00.03</WebUIVersion>
<MacAddress1>D0:16:B4:F2:30:92</MacAddress1>
<MacAddress2></MacAddress2>
<WanIPAddress>192.168.1.113</WanIPAddress>
<wan_dns_address>8.8.8.8,8.8.4.4</wan_dns_address>
<WanIPv6Address></WanIPv6Address>
<wan_ipv6_dns_address></wan_ipv6_dns_address>
<ProductFamily>LTE</ProductFamily>
<Classify>cpe</Classify>
<supportmode>LTE|WCDMA|GSM</supportmode>
<workmode>NO SERVICE</workmode>
<submask>255.255.255.0</submask>
<Mccmnc>50502</Mccmnc>
<iniversion>B525s-65aCUST-B01C74</iniversion>
<uptime>206640</uptime>
<ImeiSvn>01</ImeiSvn>
<WifiMacAddrWl0>D0:16:B4:F2:30:93</WifiMacAddrWl0>
<WifiMacAddrWl1>D0:16:B4:F2:30:95</WifiMacAddrWl1>
<spreadname_en>Huawei 4G Router B525</spreadname_en>
<spreadname_zh>åä¸º4Gè·¯ç± B525</spreadname_zh>
</response>

DEBUG:huawei_lte.router:-------------
DEBUG:huawei_lte.router:------------ REQUEST to http://192.168.9.1/api/webserver/token -------------
DEBUG:huawei_lte.router:-- HEADERS --
DEBUG:huawei_lte.router:None
DEBUG:huawei_lte.router:-------------
DEBUG:urllib3.connectionpool:http://192.168.9.1:80 "GET /api/webserver/token HTTP/1.1" 200 138
INFO:huawei_lte.router:GET http://192.168.9.1/api/webserver/token 200
DEBUG:huawei_lte.router:------------ RESPONSE to http://192.168.9.1/api/webserver/token -------------
DEBUG:huawei_lte.router:-- HEADERS --
DEBUG:huawei_lte.router:{'Content-Length': '138', 'X-XSS-Protection': '1; mode=block', 'Content-Security-Policy': "default-src 'self' 'unsafe-inline' 'unsafe-eval'", 'X-Download-Options': 'noopen', 'X-Content-Type-Options': 'nosniff', 'Connection': 'Keep-Alive', 'Pragma': 'no-cache', 'Cache-Control': 'no-cache, no-store, max-age=0, must-revalidate', 'Date': 'Mon, 18 May 2020 08:09:31 GMT', 'X-Frame-Options': 'SAMEORIGIN', 'Content-Type': 'text/html'}
DEBUG:huawei_lte.router:-------------
DEBUG:huawei_lte.router:-- DATA --
DEBUG:huawei_lte.router:<?xml version="1.0" encoding="UTF-8"?><response><token>QRjJE1eEYEyEg1xkrRLbG60ZcwHIHtGyUxv6fovop8F1KqnpXx5KAM6xk8P8mWoj</token></response>
DEBUG:huawei_lte.router:-------------
DEBUG:huawei_lte.router:------------ REQUEST to http://192.168.9.1/api/dhcp/settings -------------
DEBUG:huawei_lte.router:-- HEADERS --
DEBUG:huawei_lte.router:{'__RequestVerificationToken': 'Uxv6fovop8F1KqnpXx5KAM6xk8P8mWoj', 'Content-type': 'application/x-www-form-urlencoded; charset=UTF-8'}
DEBUG:huawei_lte.router:-------------
DEBUG:urllib3.connectionpool:http://192.168.9.1:80 "GET /api/dhcp/settings HTTP/1.1" 200 468
INFO:huawei_lte.router:GET http://192.168.9.1/api/dhcp/settings 200
DEBUG:huawei_lte.router:------------ RESPONSE to http://192.168.9.1/api/dhcp/settings -------------
DEBUG:huawei_lte.router:-- HEADERS --
DEBUG:huawei_lte.router:{'Content-Length': '468', 'X-XSS-Protection': '1; mode=block', 'Content-Security-Policy': "default-src 'self' 'unsafe-inline' 'unsafe-eval'", 'X-Download-Options': 'noopen', 'X-Content-Type-Options': 'nosniff', 'Connection': 'Keep-Alive', 'Pragma': 'no-cache', 'Cache-Control': 'no-cache, no-store, max-age=0, must-revalidate', 'Date': 'Mon, 18 May 2020 08:09:31 GMT', 'X-Frame-Options': 'SAMEORIGIN', 'Content-Type': 'text/html'}
DEBUG:huawei_lte.router:-------------
DEBUG:huawei_lte.router:-- DATA --
DEBUG:huawei_lte.router:<?xml version="1.0" encoding="UTF-8"?><response><DhcpLanNetmask>255.255.255.0</DhcpLanNetmask><homeurl>homerouter.cpe</homeurl><DnsStatus>0</DnsStatus><PrimaryDns>192.168.1.1</PrimaryDns><accessipaddress></accessipaddress><DhcpIPAddress>192.168.9.1</DhcpIPAddress><DhcpStartIPAddress>192.168.9.2</DhcpStartIPAddress><DhcpEndIPAddress>192.168.9.254</DhcpEndIPAddress><SecondaryDns></SecondaryDns><DhcpStatus>1</DhcpStatus><DhcpLeaseTime>86400</DhcpLeaseTime></response>
DEBUG:huawei_lte.router:-------------
DEBUG:huawei_lte.router:------------ REQUEST to http://192.168.9.1/api/webserver/token -------------
DEBUG:huawei_lte.router:-- HEADERS --
DEBUG:huawei_lte.router:None
DEBUG:huawei_lte.router:-------------
DEBUG:urllib3.connectionpool:http://192.168.9.1:80 "GET /api/webserver/token HTTP/1.1" 200 138
INFO:huawei_lte.router:GET http://192.168.9.1/api/webserver/token 200
DEBUG:huawei_lte.router:------------ RESPONSE to http://192.168.9.1/api/webserver/token -------------
DEBUG:huawei_lte.router:-- HEADERS --
DEBUG:huawei_lte.router:{'Content-Length': '138', 'X-XSS-Protection': '1; mode=block', 'Content-Security-Policy': "default-src 'self' 'unsafe-inline' 'unsafe-eval'", 'X-Download-Options': 'noopen', 'X-Content-Type-Options': 'nosniff', 'Connection': 'Keep-Alive', 'Pragma': 'no-cache', 'Cache-Control': 'no-cache, no-store, max-age=0, must-revalidate', 'Date': 'Mon, 18 May 2020 08:09:31 GMT', 'X-Frame-Options': 'SAMEORIGIN', 'Content-Type': 'text/html'}
DEBUG:huawei_lte.router:-------------
DEBUG:huawei_lte.router:-- DATA --
DEBUG:huawei_lte.router:<?xml version="1.0" encoding="UTF-8"?><response><token>WEms3HTbcCWHLRmoOvjqI5D5bjoDNVTGGf91YsS96QuGwNDLHVgd9H9jbwr30Ry6</token></response>
DEBUG:huawei_lte.router:-------------
DEBUG:huawei_lte.router:------------ REQUEST to http://192.168.9.1/api/dhcp/settings -------------
DEBUG:huawei_lte.router:-- HEADERS --
DEBUG:huawei_lte.router:{'__RequestVerificationToken': 'Gf91YsS96QuGwNDLHVgd9H9jbwr30Ry6', 'Content-type': 'application/x-www-form-urlencoded; charset=UTF-8'}
DEBUG:huawei_lte.router:-------------
DEBUG:urllib3.connectionpool:http://192.168.9.1:80 "GET /api/dhcp/settings HTTP/1.1" 200 468
INFO:huawei_lte.router:GET http://192.168.9.1/api/dhcp/settings 200
DEBUG:huawei_lte.router:------------ RESPONSE to http://192.168.9.1/api/dhcp/settings -------------
DEBUG:huawei_lte.router:-- HEADERS --
DEBUG:huawei_lte.router:{'Content-Length': '468', 'X-XSS-Protection': '1; mode=block', 'Content-Security-Policy': "default-src 'self' 'unsafe-inline' 'unsafe-eval'", 'X-Download-Options': 'noopen', 'X-Content-Type-Options': 'nosniff', 'Connection': 'Keep-Alive', 'Pragma': 'no-cache', 'Cache-Control': 'no-cache, no-store, max-age=0, must-revalidate', 'Date': 'Mon, 18 May 2020 08:09:31 GMT', 'X-Frame-Options': 'SAMEORIGIN', 'Content-Type': 'text/html'}
DEBUG:huawei_lte.router:-------------
DEBUG:huawei_lte.router:-- DATA --
DEBUG:huawei_lte.router:<?xml version="1.0" encoding="UTF-8"?><response><DhcpLanNetmask>255.255.255.0</DhcpLanNetmask><homeurl>homerouter.cpe</homeurl><DnsStatus>0</DnsStatus><PrimaryDns>192.168.1.1</PrimaryDns><accessipaddress></accessipaddress><DhcpIPAddress>192.168.9.1</DhcpIPAddress><DhcpStartIPAddress>192.168.9.2</DhcpStartIPAddress><DhcpEndIPAddress>192.168.9.254</DhcpEndIPAddress><SecondaryDns></SecondaryDns><DhcpStatus>1</DhcpStatus><DhcpLeaseTime>86400</DhcpLeaseTime></response>
DEBUG:huawei_lte.router:-------------
DEBUG:huawei_lte.router:------------ REQUEST to http://192.168.9.1/api/webserver/token -------------
DEBUG:huawei_lte.router:-- HEADERS --
DEBUG:huawei_lte.router:None
DEBUG:huawei_lte.router:-------------
DEBUG:urllib3.connectionpool:http://192.168.9.1:80 "GET /api/webserver/token HTTP/1.1" 200 138
INFO:huawei_lte.router:GET http://192.168.9.1/api/webserver/token 200
DEBUG:huawei_lte.router:------------ RESPONSE to http://192.168.9.1/api/webserver/token -------------
DEBUG:huawei_lte.router:-- HEADERS --
DEBUG:huawei_lte.router:{'Content-Length': '138', 'X-XSS-Protection': '1; mode=block', 'Content-Security-Policy': "default-src 'self' 'unsafe-inline' 'unsafe-eval'", 'X-Download-Options': 'noopen', 'X-Content-Type-Options': 'nosniff', 'Connection': 'Keep-Alive', 'Pragma': 'no-cache', 'Cache-Control': 'no-cache, no-store, max-age=0, must-revalidate', 'Date': 'Mon, 18 May 2020 08:09:31 GMT', 'X-Frame-Options': 'SAMEORIGIN', 'Content-Type': 'text/html'}
DEBUG:huawei_lte.router:-------------
DEBUG:huawei_lte.router:-- DATA --
DEBUG:huawei_lte.router:<?xml version="1.0" encoding="UTF-8"?><response><token>G2X5x0IKGwTjSMQ3MG09cyr0L8TJ0NGVpPQl003aRs15JlbucSJu6GonOPOzcWXw</token></response>
DEBUG:huawei_lte.router:-------------
DEBUG:huawei_lte.router:------------ REQUEST to http://192.168.9.1/api/dhcp/static-addr-info -------------
DEBUG:huawei_lte.router:-- HEADERS --
DEBUG:huawei_lte.router:{'__RequestVerificationToken': 'pPQl003aRs15JlbucSJu6GonOPOzcWXw', 'Content-type': 'application/x-www-form-urlencoded; charset=UTF-8'}
DEBUG:huawei_lte.router:-------------
DEBUG:urllib3.connectionpool:http://192.168.9.1:80 "GET /api/dhcp/static-addr-info HTTP/1.1" 200 74
INFO:huawei_lte.router:GET http://192.168.9.1/api/dhcp/static-addr-info 200
DEBUG:huawei_lte.router:------------ RESPONSE to http://192.168.9.1/api/dhcp/static-addr-info -------------
DEBUG:huawei_lte.router:-- HEADERS --
DEBUG:huawei_lte.router:{'Content-Length': '74', 'X-XSS-Protection': '1; mode=block', 'Content-Security-Policy': "default-src 'self' 'unsafe-inline' 'unsafe-eval'", 'X-Download-Options': 'noopen', 'X-Content-Type-Options': 'nosniff', 'Connection': 'Keep-Alive', 'Pragma': 'no-cache', 'Cache-Control': 'no-cache, no-store, max-age=0, must-revalidate', 'Date': 'Mon, 18 May 2020 08:09:31 GMT', 'X-Frame-Options': 'SAMEORIGIN', 'Content-Type': 'text/html'}
DEBUG:huawei_lte.router:-------------
DEBUG:huawei_lte.router:-- DATA --
DEBUG:huawei_lte.router:<?xml version="1.0" encoding="UTF-8"?><response><Hosts></Hosts></response>
DEBUG:huawei_lte.router:-------------
DEBUG:huawei_lte.router:------------ REQUEST to http://192.168.9.1/api/webserver/token -------------
DEBUG:huawei_lte.router:-- HEADERS --
DEBUG:huawei_lte.router:None
DEBUG:huawei_lte.router:-------------
DEBUG:urllib3.connectionpool:http://192.168.9.1:80 "GET /api/webserver/token HTTP/1.1" 200 138
INFO:huawei_lte.router:GET http://192.168.9.1/api/webserver/token 200
DEBUG:huawei_lte.router:------------ RESPONSE to http://192.168.9.1/api/webserver/token -------------
DEBUG:huawei_lte.router:-- HEADERS --
DEBUG:huawei_lte.router:{'Content-Length': '138', 'X-XSS-Protection': '1; mode=block', 'Content-Security-Policy': "default-src 'self' 'unsafe-inline' 'unsafe-eval'", 'X-Download-Options': 'noopen', 'X-Content-Type-Options': 'nosniff', 'Connection': 'Keep-Alive', 'Pragma': 'no-cache', 'Cache-Control': 'no-cache, no-store, max-age=0, must-revalidate', 'Date': 'Mon, 18 May 2020 08:09:31 GMT', 'X-Frame-Options': 'SAMEORIGIN', 'Content-Type': 'text/html'}
DEBUG:huawei_lte.router:-------------
DEBUG:huawei_lte.router:-- DATA --
DEBUG:huawei_lte.router:<?xml version="1.0" encoding="UTF-8"?><response><token>SEelEjSGiIfTcsM5QRZTEXFWKM0nNP0zec7KHSiJo00SXsjuZSpRhLRmZrohsl0Q</token></response>
DEBUG:huawei_lte.router:-------------
DEBUG:huawei_lte.router:------------ REQUEST to http://192.168.9.1/api/dhcp/static-addr-info -------------
DEBUG:huawei_lte.router:-- HEADERS --
DEBUG:huawei_lte.router:{'__RequestVerificationToken': 'ec7KHSiJo00SXsjuZSpRhLRmZrohsl0Q', 'Content-type': 'application/x-www-form-urlencoded; charset=UTF-8'}
DEBUG:huawei_lte.router:-------------
DEBUG:urllib3.connectionpool:http://192.168.9.1:80 "GET /api/dhcp/static-addr-info HTTP/1.1" 200 74
INFO:huawei_lte.router:GET http://192.168.9.1/api/dhcp/static-addr-info 200
DEBUG:huawei_lte.router:------------ RESPONSE to http://192.168.9.1/api/dhcp/static-addr-info -------------
DEBUG:huawei_lte.router:-- HEADERS --
DEBUG:huawei_lte.router:{'Content-Length': '74', 'X-XSS-Protection': '1; mode=block', 'Content-Security-Policy': "default-src 'self' 'unsafe-inline' 'unsafe-eval'", 'X-Download-Options': 'noopen', 'X-Content-Type-Options': 'nosniff', 'Connection': 'Keep-Alive', 'Pragma': 'no-cache', 'Cache-Control': 'no-cache, no-store, max-age=0, must-revalidate', 'Date': 'Mon, 18 May 2020 08:09:31 GMT', 'X-Frame-Options': 'SAMEORIGIN', 'Content-Type': 'text/html'}
DEBUG:huawei_lte.router:-------------
DEBUG:huawei_lte.router:-- DATA --
DEBUG:huawei_lte.router:<?xml version="1.0" encoding="UTF-8"?><response><Hosts></Hosts></response>
DEBUG:huawei_lte.router:-------------
DEBUG:huawei_lte.router:------------ REQUEST to http://192.168.9.1/api/webserver/token -------------
DEBUG:huawei_lte.router:-- HEADERS --
DEBUG:huawei_lte.router:None
DEBUG:huawei_lte.router:-------------
DEBUG:urllib3.connectionpool:http://192.168.9.1:80 "GET /api/webserver/token HTTP/1.1" 200 138
INFO:huawei_lte.router:GET http://192.168.9.1/api/webserver/token 200
DEBUG:huawei_lte.router:------------ RESPONSE to http://192.168.9.1/api/webserver/token -------------
DEBUG:huawei_lte.router:-- HEADERS --
DEBUG:huawei_lte.router:{'Content-Length': '138', 'X-XSS-Protection': '1; mode=block', 'Content-Security-Policy': "default-src 'self' 'unsafe-inline' 'unsafe-eval'", 'X-Download-Options': 'noopen', 'X-Content-Type-Options': 'nosniff', 'Connection': 'Keep-Alive', 'Pragma': 'no-cache', 'Cache-Control': 'no-cache, no-store, max-age=0, must-revalidate', 'Date': 'Mon, 18 May 2020 08:09:31 GMT', 'X-Frame-Options': 'SAMEORIGIN', 'Content-Type': 'text/html'}
DEBUG:huawei_lte.router:-------------
DEBUG:huawei_lte.router:-- DATA --
DEBUG:huawei_lte.router:<?xml version="1.0" encoding="UTF-8"?><response><token>YKSkq5l2DUBkmlyQE1SSbGapslfLgQHcoXB8C9TiBlHovKcYfKB8Ot209CCuQLx0</token></response>
DEBUG:huawei_lte.router:-------------
DEBUG:huawei_lte.router:------------ REQUEST to http://192.168.9.1/api/wlan/host-list -------------
DEBUG:huawei_lte.router:-- HEADERS --
DEBUG:huawei_lte.router:{'__RequestVerificationToken': 'oXB8C9TiBlHovKcYfKB8Ot209CCuQLx0', 'Content-type': 'application/x-www-form-urlencoded; charset=UTF-8'}
DEBUG:huawei_lte.router:-------------
DEBUG:urllib3.connectionpool:http://192.168.9.1:80 "GET /api/wlan/host-list HTTP/1.1" 200 2149
INFO:huawei_lte.router:GET http://192.168.9.1/api/wlan/host-list 200
DEBUG:huawei_lte.router:------------ RESPONSE to http://192.168.9.1/api/wlan/host-list -------------
DEBUG:huawei_lte.router:-- HEADERS --
DEBUG:huawei_lte.router:{'Content-Length': '2149', 'X-XSS-Protection': '1; mode=block', 'Content-Security-Policy': "default-src 'self' 'unsafe-inline' 'unsafe-eval'", 'X-Download-Options': 'noopen', 'X-Content-Type-Options': 'nosniff', 'Connection': 'Keep-Alive', 'Pragma': 'no-cache', 'Cache-Control': 'no-cache, no-store, max-age=0, must-revalidate', 'Date': 'Mon, 18 May 2020 08:09:31 GMT', 'X-Frame-Options': 'SAMEORIGIN', 'Content-Type': 'text/html'}
DEBUG:huawei_lte.router:-------------
DEBUG:huawei_lte.router:-- DATA --
DEBUG:huawei_lte.router:<?xml version="1.0" encoding="UTF-8"?><response><Hosts><Host><ActualName>desktop</ActualName><MacAddress>E8:4E:06:31:61:BA</MacAddress><IpAddress>192.168.9.111</IpAddress><ID>InternetGatewayDevice.LANDevice.1.Hosts.Host.13.</ID><AssociatedSsid>TARDIS2</AssociatedSsid><AssociatedTime>2179</AssociatedTime><HostName>desktop</HostName></Host><Host><ActualName>UBadLmao</ActualName><MacAddress>28:16:A8:62:98:A3</MacAddress><IpAddress>192.168.9.110</IpAddress><ID>InternetGatewayDevice.LANDevice.1.Hosts.Host.11.</ID><AssociatedSsid>TARDIS2</AssociatedSsid><AssociatedTime>40316</AssociatedTime><HostName>UBadLmao</HostName></Host><Host><ActualName>20S000442495157</ActualName><MacAddress>70:BC:10:7F:70:21</MacAddress><IpAddress>192.168.9.113</IpAddress><ID>InternetGatewayDevice.LANDevice.1.Hosts.Host.10.</ID><AssociatedSsid>TARDIS2</AssociatedSsid><AssociatedTime>155303</AssociatedTime><HostName>20S000442495157</HostName></Host><Host><ActualName>D4-F0-57-4F-4E-7D</ActualName><MacAddress>D4:F0:57:4F:4E:7D</MacAddress><IpAddress>192.168.9.106</IpAddress><ID>InternetGatewayDevice.LANDevice.1.Hosts.Host.7.</ID><AssociatedSsid>TARDIS2</AssociatedSsid><AssociatedTime>33401</AssociatedTime><HostName>D4-F0-57-4F-4E-7D</HostName></Host><Host><ActualName>Galaxy-S6</ActualName><MacAddress>E8:50:8B:C4:90:0F</MacAddress><IpAddress>192.168.9.104</IpAddress><ID>InternetGatewayDevice.LANDevice.1.Hosts.Host.5.</ID><AssociatedSsid>TARDIS2</AssociatedSsid><AssociatedTime>1154</AssociatedTime><HostName>Galaxy-S6</HostName></Host><Host><ActualName>D4-F0-57-4F-4E-79</ActualName><MacAddress>D4:F0:57:4F:4E:79</MacAddress><IpAddress>192.168.9.103</IpAddress><ID>InternetGatewayDevice.LANDevice.1.Hosts.Host.4.</ID><AssociatedSsid>TARDIS2</AssociatedSsid><AssociatedTime>44118</AssociatedTime><HostName>D4-F0-57-4F-4E-79</HostName></Host><Host><ActualName>DESKTOP-RQHLJI9</ActualName><MacAddress>BC:83:85:D6:2C:B8</MacAddress><IpAddress>192.168.9.101</IpAddress><ID>InternetGatewayDevice.LANDevice.1.Hosts.Host.2.</ID><AssociatedSsid>TARDIS2</AssociatedSsid><AssociatedTime>75586</AssociatedTime><HostName>DESKTOP-RQHLJI9</HostName></Host></Hosts></response>
DEBUG:huawei_lte.router:-------------
DEBUG:huawei_lte.router:------------ REQUEST to http://192.168.9.1/api/webserver/token -------------
DEBUG:huawei_lte.router:-- HEADERS --
DEBUG:huawei_lte.router:None
DEBUG:huawei_lte.router:-------------
DEBUG:urllib3.connectionpool:http://192.168.9.1:80 "GET /api/webserver/token HTTP/1.1" 200 138
INFO:huawei_lte.router:GET http://192.168.9.1/api/webserver/token 200
DEBUG:huawei_lte.router:------------ RESPONSE to http://192.168.9.1/api/webserver/token -------------
DEBUG:huawei_lte.router:-- HEADERS --
DEBUG:huawei_lte.router:{'Content-Length': '138', 'X-XSS-Protection': '1; mode=block', 'Content-Security-Policy': "default-src 'self' 'unsafe-inline' 'unsafe-eval'", 'X-Download-Options': 'noopen', 'X-Content-Type-Options': 'nosniff', 'Connection': 'Keep-Alive', 'Pragma': 'no-cache', 'Cache-Control': 'no-cache, no-store, max-age=0, must-revalidate', 'Date': 'Mon, 18 May 2020 08:09:31 GMT', 'X-Frame-Options': 'SAMEORIGIN', 'Content-Type': 'text/html'}
DEBUG:huawei_lte.router:-------------
DEBUG:huawei_lte.router:-- DATA --
DEBUG:huawei_lte.router:<?xml version="1.0" encoding="UTF-8"?><response><token>5OrVasEqBhedR054PKgKHOq2QNlwEilKJwDU3ZYsxc1psWWBdcZ5kvIt5G0unJ9n</token></response>
DEBUG:huawei_lte.router:-------------
DEBUG:huawei_lte.router:------------ REQUEST to http://192.168.9.1/api/wlan/host-list -------------
DEBUG:huawei_lte.router:-- HEADERS --
DEBUG:huawei_lte.router:{'__RequestVerificationToken': 'JwDU3ZYsxc1psWWBdcZ5kvIt5G0unJ9n', 'Content-type': 'application/x-www-form-urlencoded; charset=UTF-8'}
DEBUG:huawei_lte.router:-------------
DEBUG:urllib3.connectionpool:http://192.168.9.1:80 "GET /api/wlan/host-list HTTP/1.1" 200 2149
INFO:huawei_lte.router:GET http://192.168.9.1/api/wlan/host-list 200
DEBUG:huawei_lte.router:------------ RESPONSE to http://192.168.9.1/api/wlan/host-list -------------
DEBUG:huawei_lte.router:-- HEADERS --
DEBUG:huawei_lte.router:{'Content-Length': '2149', 'X-XSS-Protection': '1; mode=block', 'Content-Security-Policy': "default-src 'self' 'unsafe-inline' 'unsafe-eval'", 'X-Download-Options': 'noopen', 'X-Content-Type-Options': 'nosniff', 'Connection': 'Keep-Alive', 'Pragma': 'no-cache', 'Cache-Control': 'no-cache, no-store, max-age=0, must-revalidate', 'Date': 'Mon, 18 May 2020 08:09:31 GMT', 'X-Frame-Options': 'SAMEORIGIN', 'Content-Type': 'text/html'}
DEBUG:huawei_lte.router:-------------
DEBUG:huawei_lte.router:-- DATA --
DEBUG:huawei_lte.router:<?xml version="1.0" encoding="UTF-8"?><response><Hosts><Host><ActualName>desktop</ActualName><MacAddress>E8:4E:06:31:61:BA</MacAddress><IpAddress>192.168.9.111</IpAddress><ID>InternetGatewayDevice.LANDevice.1.Hosts.Host.13.</ID><AssociatedSsid>TARDIS2</AssociatedSsid><AssociatedTime>2179</AssociatedTime><HostName>desktop</HostName></Host><Host><ActualName>UBadLmao</ActualName><MacAddress>28:16:A8:62:98:A3</MacAddress><IpAddress>192.168.9.110</IpAddress><ID>InternetGatewayDevice.LANDevice.1.Hosts.Host.11.</ID><AssociatedSsid>TARDIS2</AssociatedSsid><AssociatedTime>40316</AssociatedTime><HostName>UBadLmao</HostName></Host><Host><ActualName>20S000442495157</ActualName><MacAddress>70:BC:10:7F:70:21</MacAddress><IpAddress>192.168.9.113</IpAddress><ID>InternetGatewayDevice.LANDevice.1.Hosts.Host.10.</ID><AssociatedSsid>TARDIS2</AssociatedSsid><AssociatedTime>155303</AssociatedTime><HostName>20S000442495157</HostName></Host><Host><ActualName>D4-F0-57-4F-4E-7D</ActualName><MacAddress>D4:F0:57:4F:4E:7D</MacAddress><IpAddress>192.168.9.106</IpAddress><ID>InternetGatewayDevice.LANDevice.1.Hosts.Host.7.</ID><AssociatedSsid>TARDIS2</AssociatedSsid><AssociatedTime>33401</AssociatedTime><HostName>D4-F0-57-4F-4E-7D</HostName></Host><Host><ActualName>Galaxy-S6</ActualName><MacAddress>E8:50:8B:C4:90:0F</MacAddress><IpAddress>192.168.9.104</IpAddress><ID>InternetGatewayDevice.LANDevice.1.Hosts.Host.5.</ID><AssociatedSsid>TARDIS2</AssociatedSsid><AssociatedTime>1154</AssociatedTime><HostName>Galaxy-S6</HostName></Host><Host><ActualName>D4-F0-57-4F-4E-79</ActualName><MacAddress>D4:F0:57:4F:4E:79</MacAddress><IpAddress>192.168.9.103</IpAddress><ID>InternetGatewayDevice.LANDevice.1.Hosts.Host.4.</ID><AssociatedSsid>TARDIS2</AssociatedSsid><AssociatedTime>44118</AssociatedTime><HostName>D4-F0-57-4F-4E-79</HostName></Host><Host><ActualName>DESKTOP-RQHLJI9</ActualName><MacAddress>BC:83:85:D6:2C:B8</MacAddress><IpAddress>192.168.9.101</IpAddress><ID>InternetGatewayDevice.LANDevice.1.Hosts.Host.2.</ID><AssociatedSsid>TARDIS2</AssociatedSsid><AssociatedTime>75586</AssociatedTime><HostName>DESKTOP-RQHLJI9</HostName></Host></Hosts></response>
DEBUG:huawei_lte.router:-------------
DEBUG:huawei_lte.router:------------ REQUEST to http://192.168.9.1/api/webserver/token -------------
DEBUG:huawei_lte.router:-- HEADERS --
DEBUG:huawei_lte.router:None
DEBUG:huawei_lte.router:-------------
DEBUG:urllib3.connectionpool:http://192.168.9.1:80 "GET /api/webserver/token HTTP/1.1" 200 138
INFO:huawei_lte.router:GET http://192.168.9.1/api/webserver/token 200
DEBUG:huawei_lte.router:------------ RESPONSE to http://192.168.9.1/api/webserver/token -------------
DEBUG:huawei_lte.router:-- HEADERS --
DEBUG:huawei_lte.router:{'Content-Length': '138', 'X-XSS-Protection': '1; mode=block', 'Content-Security-Policy': "default-src 'self' 'unsafe-inline' 'unsafe-eval'", 'X-Download-Options': 'noopen', 'X-Content-Type-Options': 'nosniff', 'Connection': 'Keep-Alive', 'Pragma': 'no-cache', 'Cache-Control': 'no-cache, no-store, max-age=0, must-revalidate', 'Date': 'Mon, 18 May 2020 08:09:31 GMT', 'X-Frame-Options': 'SAMEORIGIN', 'Content-Type': 'text/html'}
DEBUG:huawei_lte.router:-------------
DEBUG:huawei_lte.router:-- DATA --
DEBUG:huawei_lte.router:<?xml version="1.0" encoding="UTF-8"?><response><token>ZScbnKklBVKjUWUVRi8wkYK8ifJIBD77vwcwwvc0pxTU2qz3QK2FHiSHjdceVQXb</token></response>
DEBUG:huawei_lte.router:-------------
DEBUG:huawei_lte.router:------------ REQUEST to http://192.168.9.1/api/lan/HostInfo -------------
DEBUG:huawei_lte.router:-- HEADERS --
DEBUG:huawei_lte.router:{'__RequestVerificationToken': 'vwcwwvc0pxTU2qz3QK2FHiSHjdceVQXb', 'Content-type': 'application/x-www-form-urlencoded; charset=UTF-8'}
DEBUG:huawei_lte.router:-------------
DEBUG:urllib3.connectionpool:http://192.168.9.1:80 "GET /api/lan/HostInfo HTTP/1.1" 200 6719
INFO:huawei_lte.router:GET http://192.168.9.1/api/lan/HostInfo 200
DEBUG:huawei_lte.router:------------ RESPONSE to http://192.168.9.1/api/lan/HostInfo -------------
DEBUG:huawei_lte.router:-- HEADERS --
DEBUG:huawei_lte.router:{'Content-Length': '6719', 'X-XSS-Protection': '1; mode=block', 'Content-Security-Policy': "default-src 'self' 'unsafe-inline' 'unsafe-eval'", 'X-Download-Options': 'noopen', 'X-Content-Type-Options': 'nosniff', 'Connection': 'Keep-Alive', 'Pragma': 'no-cache', 'Cache-Control': 'no-cache, no-store, max-age=0, must-revalidate', 'Date': 'Mon, 18 May 2020 08:09:31 GMT', 'X-Frame-Options': 'SAMEORIGIN', 'Content-Type': 'text/html'}
DEBUG:huawei_lte.router:-------------
DEBUG:huawei_lte.router:-- DATA --
DEBUG:huawei_lte.router:<?xml version="1.0" encoding="UTF-8"?><response><Hosts><Host><MacAddress>3C:5C:C4:89:B0:8F</MacAddress><Active>0</Active><AssociatedSsid></AssociatedSsid><HostName>3C-5C-C4-89-B0-8F</HostName><ActualName>3C-5C-C4-89-B0-8F</ActualName><AddressSource>DHCP</AddressSource><isLocalDevice>0</isLocalDevice><LeaseTime>34682</LeaseTime><ID>InternetGatewayDevice.LANDevice.1.Hosts.Host.15.</ID><InterfaceType>Wireless</InterfaceType><AssociatedTime></AssociatedTime><IpAddress>192.168.9.114</IpAddress></Host><Host><MacAddress>00:FA:21:E9:74:21</MacAddress><Active>0</Active><AssociatedSsid></AssociatedSsid><HostName>GalaxyWatchActive2-0420</HostName><ActualName>GalaxyWatchActive2-0420</ActualName><AddressSource>DHCP</AddressSource><isLocalDevice>0</isLocalDevice><LeaseTime>0</LeaseTime><ID>InternetGatewayDevice.LANDevice.1.Hosts.Host.14.</ID><InterfaceType>Wireless</InterfaceType><AssociatedTime></AssociatedTime><IpAddress>192.168.9.112</IpAddress></Host><Host><MacAddress>E8:4E:06:31:61:BA</MacAddress><Active>1</Active><AssociatedSsid>TARDIS2</AssociatedSsid><HostName>desktop</HostName><ActualName>desktop</ActualName><AddressSource>DHCP</AddressSource><isLocalDevice>1</isLocalDevice><LeaseTime>84203</LeaseTime><ID>InternetGatewayDevice.LANDevice.1.Hosts.Host.13.</ID><InterfaceType>Wireless</InterfaceType><AssociatedTime>2179</AssociatedTime><IpAddress>192.168.9.111</IpAddress></Host><Host><MacAddress>48:89:E7:95:9F:61</MacAddress><Active>0</Active><AssociatedSsid></AssociatedSsid><HostName>PC18861</HostName><ActualName>PC18861</ActualName><AddressSource>DHCP</AddressSource><isLocalDevice>0</isLocalDevice><LeaseTime>767524</LeaseTime><ID>InternetGatewayDevice.LANDevice.1.Hosts.Host.12.</ID><InterfaceType>Wireless</InterfaceType><AssociatedTime></AssociatedTime><IpAddress>192.168.9.2</IpAddress></Host><Host><MacAddress>28:16:A8:62:98:A3</MacAddress><Active>1</Active><AssociatedSsid>TARDIS2</AssociatedSsid><HostName>UBadLmao</HostName><ActualName>UBadLmao</ActualName><AddressSource>DHCP</AddressSource><isLocalDevice>0</isLocalDevice><LeaseTime>45683</LeaseTime><ID>InternetGatewayDevice.LANDevice.1.Hosts.Host.11.</ID><InterfaceType>Wireless</InterfaceType><AssociatedTime>40316</AssociatedTime><IpAddress>192.168.9.110</IpAddress></Host><Host><MacAddress>70:BC:10:7F:70:21</MacAddress><Active>1</Active><AssociatedSsid>TARDIS2</AssociatedSsid><HostName>20S000442495157</HostName><ActualName>20S000442495157</ActualName><AddressSource>DHCP</AddressSource><isLocalDevice>0</isLocalDevice><LeaseTime>59174</LeaseTime><ID>InternetGatewayDevice.LANDevice.1.Hosts.Host.10.</ID><InterfaceType>Wireless</InterfaceType><AssociatedTime>155303</AssociatedTime><IpAddress>192.168.9.113</IpAddress></Host><Host><MacAddress>F8:94:C2:40:EB:2E</MacAddress><Active>0</Active><AssociatedSsid></AssociatedSsid><HostName>DESKTOP-M6DHTGF</HostName><ActualName>DESKTOP-M6DHTGF</ActualName><AddressSource>DHCP</AddressSource><isLocalDevice>0</isLocalDevice><LeaseTime>153837</LeaseTime><ID>InternetGatewayDevice.LANDevice.1.Hosts.Host.1.</ID><InterfaceType>Wireless</InterfaceType><AssociatedTime></AssociatedTime><IpAddress>192.168.9.100</IpAddress></Host><Host><MacAddress>04:D6:AA:6E:DE:21</MacAddress><Active>0</Active><AssociatedSsid></AssociatedSsid><HostName>Galaxy-S8-Hamish</HostName><ActualName>Galaxy-S8-Hamish</ActualName><AddressSource>DHCP</AddressSource><isLocalDevice>0</isLocalDevice><LeaseTime>0</LeaseTime><ID>InternetGatewayDevice.LANDevice.1.Hosts.Host.9.</ID><InterfaceType>Wireless</InterfaceType><AssociatedTime></AssociatedTime><IpAddress>192.168.9.108</IpAddress></Host><Host><MacAddress>70:18:8B:13:7F:9B</MacAddress><Active>0</Active><AssociatedSsid></AssociatedSsid><HostName>Connors-Laptop</HostName><ActualName>Connors-Laptop</ActualName><AddressSource>DHCP</AddressSource><isLocalDevice>0</isLocalDevice><LeaseTime>276439</LeaseTime><ID>InternetGatewayDevice.LANDevice.1.Hosts.Host.8.</ID><InterfaceType>Wireless</InterfaceType><AssociatedTime></AssociatedTime><IpAddress>192.168.9.107</IpAddress></Host><Host><MacAddress>D4:F0:57:4F:4E:7D</MacAddress><Active>1</Active><AssociatedSsid>TARDIS2</AssociatedSsid><HostName>D4-F0-57-4F-4E-7D</HostName><ActualName>D4-F0-57-4F-4E-7D</ActualName><AddressSource>DHCP</AddressSource><isLocalDevice>0</isLocalDevice><LeaseTime>52668</LeaseTime><ID>InternetGatewayDevice.LANDevice.1.Hosts.Host.7.</ID><InterfaceType>Wireless</InterfaceType><AssociatedTime>33401</AssociatedTime><IpAddress>192.168.9.106</IpAddress></Host><Host><MacAddress>E8:50:8B:C5:9E:4A</MacAddress><Active>0</Active><AssociatedSsid></AssociatedSsid><HostName>Galaxy-S6</HostName><ActualName>Galaxy-S6</ActualName><AddressSource>DHCP</AddressSource><isLocalDevice>0</isLocalDevice><LeaseTime>1311495</LeaseTime><ID>InternetGatewayDevice.LANDevice.1.Hosts.Host.6.</ID><InterfaceType>Wireless</InterfaceType><AssociatedTime></AssociatedTime><IpAddress>192.168.9.105</IpAddress></Host><Host><MacAddress>E8:50:8B:C4:90:0F</MacAddress><Active>1</Active><AssociatedSsid>TARDIS2</AssociatedSsid><HostName>Galaxy-S6</HostName><ActualName>Galaxy-S6</ActualName><AddressSource>DHCP</AddressSource><isLocalDevice>0</isLocalDevice><LeaseTime>85235</LeaseTime><ID>InternetGatewayDevice.LANDevice.1.Hosts.Host.5.</ID><InterfaceType>Wireless</InterfaceType><AssociatedTime>1154</AssociatedTime><IpAddress>192.168.9.104</IpAddress></Host><Host><MacAddress>D4:F0:57:4F:4E:79</MacAddress><Active>1</Active><AssociatedSsid>TARDIS2</AssociatedSsid><HostName>D4-F0-57-4F-4E-79</HostName><ActualName>D4-F0-57-4F-4E-79</ActualName><AddressSource>DHCP</AddressSource><isLocalDevice>0</isLocalDevice><LeaseTime>85044</LeaseTime><ID>InternetGatewayDevice.LANDevice.1.Hosts.Host.4.</ID><InterfaceType>Wireless</InterfaceType><AssociatedTime>44118</AssociatedTime><IpAddress>192.168.9.103</IpAddress></Host><Host><MacAddress>30:07:4D:E8:30:E4</MacAddress><Active>0</Active><AssociatedSsid></AssociatedSsid><HostName>Galaxy-S8</HostName><ActualName>Galaxy-S8</ActualName><AddressSource>DHCP</AddressSource><isLocalDevice>0</isLocalDevice><LeaseTime>44670</LeaseTime><ID>InternetGatewayDevice.LANDevice.1.Hosts.Host.3.</ID><InterfaceType>Wireless</InterfaceType><AssociatedTime></AssociatedTime><IpAddress>192.168.9.102</IpAddress></Host><Host><MacAddress>BC:83:85:D6:2C:B8</MacAddress><Active>1</Active><AssociatedSsid>TARDIS2</AssociatedSsid><HostName>DESKTOP-RQHLJI9</HostName><ActualName>DESKTOP-RQHLJI9</ActualName><AddressSource>DHCP</AddressSource><isLocalDevice>0</isLocalDevice><LeaseTime>53274</LeaseTime><ID>InternetGatewayDevice.LANDevice.1.Hosts.Host.2.</ID><InterfaceType>Wireless</InterfaceType><AssociatedTime>75586</AssociatedTime><IpAddress>192.168.9.101</IpAddress></Host></Hosts></response>
DEBUG:huawei_lte.router:-------------
DEBUG:huawei_lte.router:------------ REQUEST to http://192.168.9.1/api/webserver/token -------------
DEBUG:huawei_lte.router:-- HEADERS --
DEBUG:huawei_lte.router:None
DEBUG:huawei_lte.router:-------------
DEBUG:urllib3.connectionpool:http://192.168.9.1:80 "GET /api/webserver/token HTTP/1.1" 200 138
INFO:huawei_lte.router:GET http://192.168.9.1/api/webserver/token 200
DEBUG:huawei_lte.router:------------ RESPONSE to http://192.168.9.1/api/webserver/token -------------
DEBUG:huawei_lte.router:-- HEADERS --
DEBUG:huawei_lte.router:{'Content-Length': '138', 'X-XSS-Protection': '1; mode=block', 'Content-Security-Policy': "default-src 'self' 'unsafe-inline' 'unsafe-eval'", 'X-Download-Options': 'noopen', 'X-Content-Type-Options': 'nosniff', 'Connection': 'Keep-Alive', 'Pragma': 'no-cache', 'Cache-Control': 'no-cache, no-store, max-age=0, must-revalidate', 'Date': 'Mon, 18 May 2020 08:09:32 GMT', 'X-Frame-Options': 'SAMEORIGIN', 'Content-Type': 'text/html'}
DEBUG:huawei_lte.router:-------------
DEBUG:huawei_lte.router:-- DATA --
DEBUG:huawei_lte.router:<?xml version="1.0" encoding="UTF-8"?><response><token>cVw8jxyq6Zk5jqnYg0DZRs5a2wygs2nJfn1xTvuv2z1IrzxZRQENRESih0hv3dOb</token></response>
DEBUG:huawei_lte.router:-------------
DEBUG:huawei_lte.router:------------ REQUEST to http://192.168.9.1/api/lan/HostInfo -------------
DEBUG:huawei_lte.router:-- HEADERS --
DEBUG:huawei_lte.router:{'__RequestVerificationToken': 'fn1xTvuv2z1IrzxZRQENRESih0hv3dOb', 'Content-type': 'application/x-www-form-urlencoded; charset=UTF-8'}
DEBUG:huawei_lte.router:-------------
DEBUG:urllib3.connectionpool:http://192.168.9.1:80 "GET /api/lan/HostInfo HTTP/1.1" 200 6719
INFO:huawei_lte.router:GET http://192.168.9.1/api/lan/HostInfo 200
DEBUG:huawei_lte.router:------------ RESPONSE to http://192.168.9.1/api/lan/HostInfo -------------
DEBUG:huawei_lte.router:-- HEADERS --
DEBUG:huawei_lte.router:{'Content-Length': '6719', 'X-XSS-Protection': '1; mode=block', 'Content-Security-Policy': "default-src 'self' 'unsafe-inline' 'unsafe-eval'", 'X-Download-Options': 'noopen', 'X-Content-Type-Options': 'nosniff', 'Connection': 'Keep-Alive', 'Pragma': 'no-cache', 'Cache-Control': 'no-cache, no-store, max-age=0, must-revalidate', 'Date': 'Mon, 18 May 2020 08:09:32 GMT', 'X-Frame-Options': 'SAMEORIGIN', 'Content-Type': 'text/html'}
DEBUG:huawei_lte.router:-------------
DEBUG:huawei_lte.router:-- DATA --
DEBUG:huawei_lte.router:<?xml version="1.0" encoding="UTF-8"?><response><Hosts><Host><MacAddress>3C:5C:C4:89:B0:8F</MacAddress><Active>0</Active><AssociatedSsid></AssociatedSsid><HostName>3C-5C-C4-89-B0-8F</HostName><ActualName>3C-5C-C4-89-B0-8F</ActualName><AddressSource>DHCP</AddressSource><isLocalDevice>0</isLocalDevice><LeaseTime>34682</LeaseTime><ID>InternetGatewayDevice.LANDevice.1.Hosts.Host.15.</ID><InterfaceType>Wireless</InterfaceType><AssociatedTime></AssociatedTime><IpAddress>192.168.9.114</IpAddress></Host><Host><MacAddress>00:FA:21:E9:74:21</MacAddress><Active>0</Active><AssociatedSsid></AssociatedSsid><HostName>GalaxyWatchActive2-0420</HostName><ActualName>GalaxyWatchActive2-0420</ActualName><AddressSource>DHCP</AddressSource><isLocalDevice>0</isLocalDevice><LeaseTime>0</LeaseTime><ID>InternetGatewayDevice.LANDevice.1.Hosts.Host.14.</ID><InterfaceType>Wireless</InterfaceType><AssociatedTime></AssociatedTime><IpAddress>192.168.9.112</IpAddress></Host><Host><MacAddress>E8:4E:06:31:61:BA</MacAddress><Active>1</Active><AssociatedSsid>TARDIS2</AssociatedSsid><HostName>desktop</HostName><ActualName>desktop</ActualName><AddressSource>DHCP</AddressSource><isLocalDevice>1</isLocalDevice><LeaseTime>84203</LeaseTime><ID>InternetGatewayDevice.LANDevice.1.Hosts.Host.13.</ID><InterfaceType>Wireless</InterfaceType><AssociatedTime>2179</AssociatedTime><IpAddress>192.168.9.111</IpAddress></Host><Host><MacAddress>48:89:E7:95:9F:61</MacAddress><Active>0</Active><AssociatedSsid></AssociatedSsid><HostName>PC18861</HostName><ActualName>PC18861</ActualName><AddressSource>DHCP</AddressSource><isLocalDevice>0</isLocalDevice><LeaseTime>767524</LeaseTime><ID>InternetGatewayDevice.LANDevice.1.Hosts.Host.12.</ID><InterfaceType>Wireless</InterfaceType><AssociatedTime></AssociatedTime><IpAddress>192.168.9.2</IpAddress></Host><Host><MacAddress>28:16:A8:62:98:A3</MacAddress><Active>1</Active><AssociatedSsid>TARDIS2</AssociatedSsid><HostName>UBadLmao</HostName><ActualName>UBadLmao</ActualName><AddressSource>DHCP</AddressSource><isLocalDevice>0</isLocalDevice><LeaseTime>45683</LeaseTime><ID>InternetGatewayDevice.LANDevice.1.Hosts.Host.11.</ID><InterfaceType>Wireless</InterfaceType><AssociatedTime>40316</AssociatedTime><IpAddress>192.168.9.110</IpAddress></Host><Host><MacAddress>70:BC:10:7F:70:21</MacAddress><Active>1</Active><AssociatedSsid>TARDIS2</AssociatedSsid><HostName>20S000442495157</HostName><ActualName>20S000442495157</ActualName><AddressSource>DHCP</AddressSource><isLocalDevice>0</isLocalDevice><LeaseTime>59174</LeaseTime><ID>InternetGatewayDevice.LANDevice.1.Hosts.Host.10.</ID><InterfaceType>Wireless</InterfaceType><AssociatedTime>155303</AssociatedTime><IpAddress>192.168.9.113</IpAddress></Host><Host><MacAddress>F8:94:C2:40:EB:2E</MacAddress><Active>0</Active><AssociatedSsid></AssociatedSsid><HostName>DESKTOP-M6DHTGF</HostName><ActualName>DESKTOP-M6DHTGF</ActualName><AddressSource>DHCP</AddressSource><isLocalDevice>0</isLocalDevice><LeaseTime>153837</LeaseTime><ID>InternetGatewayDevice.LANDevice.1.Hosts.Host.1.</ID><InterfaceType>Wireless</InterfaceType><AssociatedTime></AssociatedTime><IpAddress>192.168.9.100</IpAddress></Host><Host><MacAddress>04:D6:AA:6E:DE:21</MacAddress><Active>0</Active><AssociatedSsid></AssociatedSsid><HostName>Galaxy-S8-Hamish</HostName><ActualName>Galaxy-S8-Hamish</ActualName><AddressSource>DHCP</AddressSource><isLocalDevice>0</isLocalDevice><LeaseTime>0</LeaseTime><ID>InternetGatewayDevice.LANDevice.1.Hosts.Host.9.</ID><InterfaceType>Wireless</InterfaceType><AssociatedTime></AssociatedTime><IpAddress>192.168.9.108</IpAddress></Host><Host><MacAddress>70:18:8B:13:7F:9B</MacAddress><Active>0</Active><AssociatedSsid></AssociatedSsid><HostName>Connors-Laptop</HostName><ActualName>Connors-Laptop</ActualName><AddressSource>DHCP</AddressSource><isLocalDevice>0</isLocalDevice><LeaseTime>276439</LeaseTime><ID>InternetGatewayDevice.LANDevice.1.Hosts.Host.8.</ID><InterfaceType>Wireless</InterfaceType><AssociatedTime></AssociatedTime><IpAddress>192.168.9.107</IpAddress></Host><Host><MacAddress>D4:F0:57:4F:4E:7D</MacAddress><Active>1</Active><AssociatedSsid>TARDIS2</AssociatedSsid><HostName>D4-F0-57-4F-4E-7D</HostName><ActualName>D4-F0-57-4F-4E-7D</ActualName><AddressSource>DHCP</AddressSource><isLocalDevice>0</isLocalDevice><LeaseTime>52668</LeaseTime><ID>InternetGatewayDevice.LANDevice.1.Hosts.Host.7.</ID><InterfaceType>Wireless</InterfaceType><AssociatedTime>33401</AssociatedTime><IpAddress>192.168.9.106</IpAddress></Host><Host><MacAddress>E8:50:8B:C5:9E:4A</MacAddress><Active>0</Active><AssociatedSsid></AssociatedSsid><HostName>Galaxy-S6</HostName><ActualName>Galaxy-S6</ActualName><AddressSource>DHCP</AddressSource><isLocalDevice>0</isLocalDevice><LeaseTime>1311495</LeaseTime><ID>InternetGatewayDevice.LANDevice.1.Hosts.Host.6.</ID><InterfaceType>Wireless</InterfaceType><AssociatedTime></AssociatedTime><IpAddress>192.168.9.105</IpAddress></Host><Host><MacAddress>E8:50:8B:C4:90:0F</MacAddress><Active>1</Active><AssociatedSsid>TARDIS2</AssociatedSsid><HostName>Galaxy-S6</HostName><ActualName>Galaxy-S6</ActualName><AddressSource>DHCP</AddressSource><isLocalDevice>0</isLocalDevice><LeaseTime>85235</LeaseTime><ID>InternetGatewayDevice.LANDevice.1.Hosts.Host.5.</ID><InterfaceType>Wireless</InterfaceType><AssociatedTime>1154</AssociatedTime><IpAddress>192.168.9.104</IpAddress></Host><Host><MacAddress>D4:F0:57:4F:4E:79</MacAddress><Active>1</Active><AssociatedSsid>TARDIS2</AssociatedSsid><HostName>D4-F0-57-4F-4E-79</HostName><ActualName>D4-F0-57-4F-4E-79</ActualName><AddressSource>DHCP</AddressSource><isLocalDevice>0</isLocalDevice><LeaseTime>85044</LeaseTime><ID>InternetGatewayDevice.LANDevice.1.Hosts.Host.4.</ID><InterfaceType>Wireless</InterfaceType><AssociatedTime>44118</AssociatedTime><IpAddress>192.168.9.103</IpAddress></Host><Host><MacAddress>30:07:4D:E8:30:E4</MacAddress><Active>0</Active><AssociatedSsid></AssociatedSsid><HostName>Galaxy-S8</HostName><ActualName>Galaxy-S8</ActualName><AddressSource>DHCP</AddressSource><isLocalDevice>0</isLocalDevice><LeaseTime>44670</LeaseTime><ID>InternetGatewayDevice.LANDevice.1.Hosts.Host.3.</ID><InterfaceType>Wireless</InterfaceType><AssociatedTime></AssociatedTime><IpAddress>192.168.9.102</IpAddress></Host><Host><MacAddress>BC:83:85:D6:2C:B8</MacAddress><Active>1</Active><AssociatedSsid>TARDIS2</AssociatedSsid><HostName>DESKTOP-RQHLJI9</HostName><ActualName>DESKTOP-RQHLJI9</ActualName><AddressSource>DHCP</AddressSource><isLocalDevice>0</isLocalDevice><LeaseTime>53274</LeaseTime><ID>InternetGatewayDevice.LANDevice.1.Hosts.Host.2.</ID><InterfaceType>Wireless</InterfaceType><AssociatedTime>75586</AssociatedTime><IpAddress>192.168.9.101</IpAddress></Host></Hosts></response>
DEBUG:huawei_lte.router:-------------
DEBUG:huawei_lte.router:------------ REQUEST to http://192.168.9.1/api/webserver/token -------------
DEBUG:huawei_lte.router:-- HEADERS --
DEBUG:huawei_lte.router:None
DEBUG:huawei_lte.router:-------------
DEBUG:urllib3.connectionpool:http://192.168.9.1:80 "GET /api/webserver/token HTTP/1.1" 200 138
INFO:huawei_lte.router:GET http://192.168.9.1/api/webserver/token 200
DEBUG:huawei_lte.router:------------ RESPONSE to http://192.168.9.1/api/webserver/token -------------
DEBUG:huawei_lte.router:-- HEADERS --
DEBUG:huawei_lte.router:{'Content-Length': '138', 'X-XSS-Protection': '1; mode=block', 'Content-Security-Policy': "default-src 'self' 'unsafe-inline' 'unsafe-eval'", 'X-Download-Options': 'noopen', 'X-Content-Type-Options': 'nosniff', 'Connection': 'Keep-Alive', 'Pragma': 'no-cache', 'Cache-Control': 'no-cache, no-store, max-age=0, must-revalidate', 'Date': 'Mon, 18 May 2020 08:09:32 GMT', 'X-Frame-Options': 'SAMEORIGIN', 'Content-Type': 'text/html'}
DEBUG:huawei_lte.router:-------------
DEBUG:huawei_lte.router:-- DATA --
DEBUG:huawei_lte.router:<?xml version="1.0" encoding="UTF-8"?><response><token>ijse9wgiBZra6S0z9qZSrHFZBTQw7Bpw6oq5l0f0W48lNvbq2PgjoL0005OiRtbX</token></response>
DEBUG:huawei_lte.router:-------------
DEBUG:huawei_lte.router:------------ REQUEST to http://192.168.9.1/api/user/history-login -------------
DEBUG:huawei_lte.router:-- HEADERS --
DEBUG:huawei_lte.router:{'__RequestVerificationToken': '6oq5l0f0W48lNvbq2PgjoL0005OiRtbX', 'Content-type': 'application/x-www-form-urlencoded; charset=UTF-8'}
DEBUG:huawei_lte.router:-------------
DEBUG:urllib3.connectionpool:http://192.168.9.1:80 "GET /api/user/history-login HTTP/1.1" 200 203
INFO:huawei_lte.router:GET http://192.168.9.1/api/user/history-login 200
DEBUG:huawei_lte.router:------------ RESPONSE to http://192.168.9.1/api/user/history-login -------------
DEBUG:huawei_lte.router:-- HEADERS --
DEBUG:huawei_lte.router:{'Content-Length': '203', 'X-XSS-Protection': '1; mode=block', 'Content-Security-Policy': "default-src 'self' 'unsafe-inline' 'unsafe-eval'", 'X-Download-Options': 'noopen', 'X-Content-Type-Options': 'nosniff', 'Connection': 'Keep-Alive', 'Pragma': 'no-cache', 'Cache-Control': 'no-cache, no-store, max-age=0, must-revalidate', 'Date': 'Mon, 18 May 2020 08:09:32 GMT', 'X-Frame-Options': 'SAMEORIGIN', 'Content-Type': 'text/html'}
DEBUG:huawei_lte.router:-------------
DEBUG:huawei_lte.router:-- DATA --
DEBUG:huawei_lte.router:<?xml version="1.0" encoding="UTF-8"?><response><last_login_state>0</last_login_state><last_login_ipaddr>192.168.9.111</last_login_ipaddr><last_login_time>2020-05-18 07:40:21</last_login_time></response>
DEBUG:huawei_lte.router:-------------
DEBUG:huawei_lte.router:------------ REQUEST to http://192.168.9.1/api/webserver/token -------------
DEBUG:huawei_lte.router:-- HEADERS --
DEBUG:huawei_lte.router:None
DEBUG:huawei_lte.router:-------------
DEBUG:urllib3.connectionpool:http://192.168.9.1:80 "GET /api/webserver/token HTTP/1.1" 200 138
INFO:huawei_lte.router:GET http://192.168.9.1/api/webserver/token 200
DEBUG:huawei_lte.router:------------ RESPONSE to http://192.168.9.1/api/webserver/token -------------
DEBUG:huawei_lte.router:-- HEADERS --
DEBUG:huawei_lte.router:{'Content-Length': '138', 'X-XSS-Protection': '1; mode=block', 'Content-Security-Policy': "default-src 'self' 'unsafe-inline' 'unsafe-eval'", 'X-Download-Options': 'noopen', 'X-Content-Type-Options': 'nosniff', 'Connection': 'Keep-Alive', 'Pragma': 'no-cache', 'Cache-Control': 'no-cache, no-store, max-age=0, must-revalidate', 'Date': 'Mon, 18 May 2020 08:09:32 GMT', 'X-Frame-Options': 'SAMEORIGIN', 'Content-Type': 'text/html'}
DEBUG:huawei_lte.router:-------------
DEBUG:huawei_lte.router:-- DATA --
DEBUG:huawei_lte.router:<?xml version="1.0" encoding="UTF-8"?><response><token>YqcFRdNZz6ZzqN1y3bR6sOm9d0CuGgOw4eZw552cKO0Q46RDbQwEwxBt5fCnLcc3</token></response>
DEBUG:huawei_lte.router:-------------
DEBUG:huawei_lte.router:------------ REQUEST to http://192.168.9.1/api/user/history-login -------------
DEBUG:huawei_lte.router:-- HEADERS --
DEBUG:huawei_lte.router:{'__RequestVerificationToken': '4eZw552cKO0Q46RDbQwEwxBt5fCnLcc3', 'Content-type': 'application/x-www-form-urlencoded; charset=UTF-8'}
DEBUG:huawei_lte.router:-------------
DEBUG:urllib3.connectionpool:http://192.168.9.1:80 "GET /api/user/history-login HTTP/1.1" 200 203
INFO:huawei_lte.router:GET http://192.168.9.1/api/user/history-login 200
DEBUG:huawei_lte.router:------------ RESPONSE to http://192.168.9.1/api/user/history-login -------------
DEBUG:huawei_lte.router:-- HEADERS --
DEBUG:huawei_lte.router:{'Content-Length': '203', 'X-XSS-Protection': '1; mode=block', 'Content-Security-Policy': "default-src 'self' 'unsafe-inline' 'unsafe-eval'", 'X-Download-Options': 'noopen', 'X-Content-Type-Options': 'nosniff', 'Connection': 'Keep-Alive', 'Pragma': 'no-cache', 'Cache-Control': 'no-cache, no-store, max-age=0, must-revalidate', 'Date': 'Mon, 18 May 2020 08:09:32 GMT', 'X-Frame-Options': 'SAMEORIGIN', 'Content-Type': 'text/html'}
DEBUG:huawei_lte.router:-------------
DEBUG:huawei_lte.router:-- DATA --
DEBUG:huawei_lte.router:<?xml version="1.0" encoding="UTF-8"?><response><last_login_state>0</last_login_state><last_login_ipaddr>192.168.9.111</last_login_ipaddr><last_login_time>2020-05-18 08:09:31</last_login_time></response>
DEBUG:huawei_lte.router:-------------
DEBUG:huawei_lte.router:------------ REQUEST to http://192.168.9.1/api/webserver/token -------------
DEBUG:huawei_lte.router:-- HEADERS --
DEBUG:huawei_lte.router:None
DEBUG:huawei_lte.router:-------------
DEBUG:urllib3.connectionpool:http://192.168.9.1:80 "GET /api/webserver/token HTTP/1.1" 200 138
INFO:huawei_lte.router:GET http://192.168.9.1/api/webserver/token 200
DEBUG:huawei_lte.router:------------ RESPONSE to http://192.168.9.1/api/webserver/token -------------
DEBUG:huawei_lte.router:-- HEADERS --
DEBUG:huawei_lte.router:{'Content-Length': '138', 'X-XSS-Protection': '1; mode=block', 'Content-Security-Policy': "default-src 'self' 'unsafe-inline' 'unsafe-eval'", 'X-Download-Options': 'noopen', 'X-Content-Type-Options': 'nosniff', 'Connection': 'Keep-Alive', 'Pragma': 'no-cache', 'Cache-Control': 'no-cache, no-store, max-age=0, must-revalidate', 'Date': 'Mon, 18 May 2020 08:09:32 GMT', 'X-Frame-Options': 'SAMEORIGIN', 'Content-Type': 'text/html'}
DEBUG:huawei_lte.router:-------------
DEBUG:huawei_lte.router:-- DATA --
DEBUG:huawei_lte.router:<?xml version="1.0" encoding="UTF-8"?><response><token>wDVbTLVsW0ytfd00toVQuz0NP770S0gqquk8xR7UljaNrYoGAygUDHkImlAlYOgU</token></response>
DEBUG:huawei_lte.router:-------------
DEBUG:huawei_lte.router:------------ REQUEST to http://192.168.9.1/api/voice/voicebusy -------------
DEBUG:huawei_lte.router:-- HEADERS --
DEBUG:huawei_lte.router:{'__RequestVerificationToken': 'quk8xR7UljaNrYoGAygUDHkImlAlYOgU', 'Content-type': 'application/x-www-form-urlencoded; charset=UTF-8'}
DEBUG:huawei_lte.router:-------------
DEBUG:urllib3.connectionpool:http://192.168.9.1:80 "GET /api/voice/voicebusy HTTP/1.1" 200 63
INFO:huawei_lte.router:GET http://192.168.9.1/api/voice/voicebusy 200
DEBUG:huawei_lte.router:------------ RESPONSE to http://192.168.9.1/api/voice/voicebusy -------------
DEBUG:huawei_lte.router:-- HEADERS --
DEBUG:huawei_lte.router:{'Content-Length': '63', 'X-XSS-Protection': '1; mode=block', 'Content-Security-Policy': "default-src 'self' 'unsafe-inline' 'unsafe-eval'", 'X-Download-Options': 'noopen', 'X-Content-Type-Options': 'nosniff', 'Connection': 'Keep-Alive', 'Pragma': 'no-cache', 'Cache-Control': 'no-cache, no-store, max-age=0, must-revalidate', 'Date': 'Mon, 18 May 2020 08:09:32 GMT', 'X-Frame-Options': 'SAMEORIGIN', 'Content-Type': 'text/html'}
DEBUG:huawei_lte.router:-------------
DEBUG:huawei_lte.router:-- DATA --
DEBUG:huawei_lte.router:<?xml version="1.0" encoding="UTF-8"?><response>Idle</response>
DEBUG:huawei_lte.router:-------------
DEBUG:huawei_lte.router:------------ REQUEST to http://192.168.9.1/api/webserver/token -------------
DEBUG:huawei_lte.router:-- HEADERS --
DEBUG:huawei_lte.router:None
DEBUG:huawei_lte.router:-------------
DEBUG:urllib3.connectionpool:http://192.168.9.1:80 "GET /api/webserver/token HTTP/1.1" 200 138
INFO:huawei_lte.router:GET http://192.168.9.1/api/webserver/token 200
DEBUG:huawei_lte.router:------------ RESPONSE to http://192.168.9.1/api/webserver/token -------------
DEBUG:huawei_lte.router:-- HEADERS --
DEBUG:huawei_lte.router:{'Content-Length': '138', 'X-XSS-Protection': '1; mode=block', 'Content-Security-Policy': "default-src 'self' 'unsafe-inline' 'unsafe-eval'", 'X-Download-Options': 'noopen', 'X-Content-Type-Options': 'nosniff', 'Connection': 'Keep-Alive', 'Pragma': 'no-cache', 'Cache-Control': 'no-cache, no-store, max-age=0, must-revalidate', 'Date': 'Mon, 18 May 2020 08:09:32 GMT', 'X-Frame-Options': 'SAMEORIGIN', 'Content-Type': 'text/html'}
DEBUG:huawei_lte.router:-------------
DEBUG:huawei_lte.router:-- DATA --
DEBUG:huawei_lte.router:<?xml version="1.0" encoding="UTF-8"?><response><token>JC0WtlvUx9nOpjV0YZL0iGTycYBlI78rEDv0Q4e9CIP3DOr0DTX0VWsZIIqa4xLl</token></response>
DEBUG:huawei_lte.router:-------------
DEBUG:huawei_lte.router:------------ REQUEST to http://192.168.9.1/api/voice/voicebusy -------------
DEBUG:huawei_lte.router:-- HEADERS --
DEBUG:huawei_lte.router:{'__RequestVerificationToken': 'EDv0Q4e9CIP3DOr0DTX0VWsZIIqa4xLl', 'Content-type': 'application/x-www-form-urlencoded; charset=UTF-8'}
DEBUG:huawei_lte.router:-------------
DEBUG:urllib3.connectionpool:http://192.168.9.1:80 "GET /api/voice/voicebusy HTTP/1.1" 200 63
INFO:huawei_lte.router:GET http://192.168.9.1/api/voice/voicebusy 200
DEBUG:huawei_lte.router:------------ RESPONSE to http://192.168.9.1/api/voice/voicebusy -------------
DEBUG:huawei_lte.router:-- HEADERS --
DEBUG:huawei_lte.router:{'Content-Length': '63', 'X-XSS-Protection': '1; mode=block', 'Content-Security-Policy': "default-src 'self' 'unsafe-inline' 'unsafe-eval'", 'X-Download-Options': 'noopen', 'X-Content-Type-Options': 'nosniff', 'Connection': 'Keep-Alive', 'Pragma': 'no-cache', 'Cache-Control': 'no-cache, no-store, max-age=0, must-revalidate', 'Date': 'Mon, 18 May 2020 08:09:32 GMT', 'X-Frame-Options': 'SAMEORIGIN', 'Content-Type': 'text/html'}
DEBUG:huawei_lte.router:-------------
DEBUG:huawei_lte.router:-- DATA --
DEBUG:huawei_lte.router:<?xml version="1.0" encoding="UTF-8"?><response>Idle</response>
DEBUG:huawei_lte.router:-------------
DEBUG:huawei_lte.router:------------ REQUEST to http://192.168.9.1/api/webserver/token -------------
DEBUG:huawei_lte.router:-- HEADERS --
DEBUG:huawei_lte.router:None
DEBUG:huawei_lte.router:-------------
DEBUG:urllib3.connectionpool:http://192.168.9.1:80 "GET /api/webserver/token HTTP/1.1" 200 138
INFO:huawei_lte.router:GET http://192.168.9.1/api/webserver/token 200
DEBUG:huawei_lte.router:------------ RESPONSE to http://192.168.9.1/api/webserver/token -------------
DEBUG:huawei_lte.router:-- HEADERS --
DEBUG:huawei_lte.router:{'Content-Length': '138', 'X-XSS-Protection': '1; mode=block', 'Content-Security-Policy': "default-src 'self' 'unsafe-inline' 'unsafe-eval'", 'X-Download-Options': 'noopen', 'X-Content-Type-Options': 'nosniff', 'Connection': 'Keep-Alive', 'Pragma': 'no-cache', 'Cache-Control': 'no-cache, no-store, max-age=0, must-revalidate', 'Date': 'Mon, 18 May 2020 08:09:32 GMT', 'X-Frame-Options': 'SAMEORIGIN', 'Content-Type': 'text/html'}
DEBUG:huawei_lte.router:-------------
DEBUG:huawei_lte.router:-- DATA --
DEBUG:huawei_lte.router:<?xml version="1.0" encoding="UTF-8"?><response><token>vtFvzg7J47ri6EauT50wstm3kW79fd00apIJaic1Znw0ig9YXmfOAwJhfNWEzzVA</token></response>
DEBUG:huawei_lte.router:-------------
DEBUG:huawei_lte.router:------------ REQUEST to http://192.168.9.1/api/voice/voipadvance -------------
DEBUG:huawei_lte.router:-- HEADERS --
DEBUG:huawei_lte.router:{'__RequestVerificationToken': 'apIJaic1Znw0ig9YXmfOAwJhfNWEzzVA', 'Content-type': 'application/x-www-form-urlencoded; charset=UTF-8'}
DEBUG:huawei_lte.router:-------------
DEBUG:urllib3.connectionpool:http://192.168.9.1:80 "GET /api/voice/voipadvance HTTP/1.1" 200 88
INFO:huawei_lte.router:GET http://192.168.9.1/api/voice/voipadvance 200
DEBUG:huawei_lte.router:------------ RESPONSE to http://192.168.9.1/api/voice/voipadvance -------------
DEBUG:huawei_lte.router:-- HEADERS --
DEBUG:huawei_lte.router:{'Content-Length': '88', 'X-XSS-Protection': '1; mode=block', 'X-Download-Options': 'noopen', 'Content-Security-Policy': "default-src 'self' 'unsafe-inline' 'unsafe-eval'", 'X-Content-Type-Options': 'nosniff', 'Connection': 'Keep-Alive', 'Pragma': 'no-cache', 'Cache-Control': 'no-cache, no-store, max-age=0, must-revalidate', 'Date': 'Mon, 18 May 2020 08:09:32 GMT', 'X-Frame-Options': 'SAMEORIGIN', 'Content-Type': 'text/html'}
DEBUG:huawei_lte.router:-------------
DEBUG:huawei_lte.router:-- DATA --
DEBUG:huawei_lte.router:<?xml version="1.0" encoding="UTF-8"?>
<error>
<code>100003</code>
<message/>
</error>

DEBUG:huawei_lte.router:-------------
DEBUG:huawei_lte.router:------------ REQUEST to http://192.168.9.1/api/webserver/token -------------
DEBUG:huawei_lte.router:-- HEADERS --
DEBUG:huawei_lte.router:None
DEBUG:huawei_lte.router:-------------
DEBUG:urllib3.connectionpool:Resetting dropped connection: 192.168.9.1
DEBUG:urllib3.connectionpool:http://192.168.9.1:80 "GET /api/webserver/token HTTP/1.1" 200 138
INFO:huawei_lte.router:GET http://192.168.9.1/api/webserver/token 200
DEBUG:huawei_lte.router:------------ RESPONSE to http://192.168.9.1/api/webserver/token -------------
DEBUG:huawei_lte.router:-- HEADERS --
DEBUG:huawei_lte.router:{'Content-Length': '138', 'X-XSS-Protection': '1; mode=block', 'Content-Security-Policy': "default-src 'self' 'unsafe-inline' 'unsafe-eval'", 'X-Download-Options': 'noopen', 'X-Content-Type-Options': 'nosniff', 'Connection': 'Keep-Alive', 'Pragma': 'no-cache', 'Cache-Control': 'no-cache, no-store, max-age=0, must-revalidate', 'Date': 'Mon, 18 May 2020 08:09:32 GMT', 'X-Frame-Options': 'SAMEORIGIN', 'Content-Type': 'text/html'}
DEBUG:huawei_lte.router:-------------
DEBUG:huawei_lte.router:-- DATA --
DEBUG:huawei_lte.router:<?xml version="1.0" encoding="UTF-8"?><response><token>NGNYbEY8c6TYIJw0Zj0n1kti2H9YDl5L40pRqcJ7k0MNkhg8lKUMRoqyMV8SRCzB</token></response>
DEBUG:huawei_lte.router:-------------
DEBUG:huawei_lte.router:------------ REQUEST to http://192.168.9.1/api/voice/voipadvance -------------
DEBUG:huawei_lte.router:-- HEADERS --
DEBUG:huawei_lte.router:{'__RequestVerificationToken': '40pRqcJ7k0MNkhg8lKUMRoqyMV8SRCzB', 'Content-type': 'application/x-www-form-urlencoded; charset=UTF-8'}
DEBUG:huawei_lte.router:-------------
DEBUG:urllib3.connectionpool:http://192.168.9.1:80 "GET /api/voice/voipadvance HTTP/1.1" 200 88
INFO:huawei_lte.router:GET http://192.168.9.1/api/voice/voipadvance 200
DEBUG:huawei_lte.router:------------ RESPONSE to http://192.168.9.1/api/voice/voipadvance -------------
DEBUG:huawei_lte.router:-- HEADERS --
DEBUG:huawei_lte.router:{'Content-Length': '88', 'X-XSS-Protection': '1; mode=block', 'X-Download-Options': 'noopen', 'Content-Security-Policy': "default-src 'self' 'unsafe-inline' 'unsafe-eval'", 'X-Content-Type-Options': 'nosniff', 'Connection': 'Keep-Alive', 'Pragma': 'no-cache', 'Cache-Control': 'no-cache, no-store, max-age=0, must-revalidate', 'Date': 'Mon, 18 May 2020 08:09:32 GMT', 'X-Frame-Options': 'SAMEORIGIN', 'Content-Type': 'text/html'}
DEBUG:huawei_lte.router:-------------
DEBUG:huawei_lte.router:-- DATA --
DEBUG:huawei_lte.router:<?xml version="1.0" encoding="UTF-8"?>
<error>
<code>100003</code>
<message/>
</error>

DEBUG:huawei_lte.router:-------------
DEBUG:huawei_lte.router:------------ REQUEST to http://192.168.9.1/api/webserver/token -------------
DEBUG:huawei_lte.router:-- HEADERS --
DEBUG:huawei_lte.router:None
DEBUG:huawei_lte.router:-------------
DEBUG:urllib3.connectionpool:Resetting dropped connection: 192.168.9.1
DEBUG:urllib3.connectionpool:http://192.168.9.1:80 "GET /api/webserver/token HTTP/1.1" 200 138
INFO:huawei_lte.router:GET http://192.168.9.1/api/webserver/token 200
DEBUG:huawei_lte.router:------------ RESPONSE to http://192.168.9.1/api/webserver/token -------------
DEBUG:huawei_lte.router:-- HEADERS --
DEBUG:huawei_lte.router:{'Content-Length': '138', 'X-XSS-Protection': '1; mode=block', 'Content-Security-Policy': "default-src 'self' 'unsafe-inline' 'unsafe-eval'", 'X-Download-Options': 'noopen', 'X-Content-Type-Options': 'nosniff', 'Connection': 'Keep-Alive', 'Pragma': 'no-cache', 'Cache-Control': 'no-cache, no-store, max-age=0, must-revalidate', 'Date': 'Mon, 18 May 2020 08:09:32 GMT', 'X-Frame-Options': 'SAMEORIGIN', 'Content-Type': 'text/html'}
DEBUG:huawei_lte.router:-------------
DEBUG:huawei_lte.router:-- DATA --
DEBUG:huawei_lte.router:<?xml version="1.0" encoding="UTF-8"?><response><token>Xv2OHvWk0GRSarnqvRdAgKziSENBkhrb8oyjxzzHCk7LlVc9iIntTDeZAm4Qutil</token></response>
DEBUG:huawei_lte.router:-------------
DEBUG:huawei_lte.router:------------ REQUEST to http://192.168.9.1/api/voice/featureswitch -------------
DEBUG:huawei_lte.router:-- HEADERS --
DEBUG:huawei_lte.router:{'__RequestVerificationToken': '8oyjxzzHCk7LlVc9iIntTDeZAm4Qutil', 'Content-type': 'application/x-www-form-urlencoded; charset=UTF-8'}
DEBUG:huawei_lte.router:-------------
DEBUG:urllib3.connectionpool:http://192.168.9.1:80 "GET /api/voice/featureswitch HTTP/1.1" 200 0
INFO:huawei_lte.router:GET http://192.168.9.1/api/voice/featureswitch 200
DEBUG:huawei_lte.router:------------ RESPONSE to http://192.168.9.1/api/voice/featureswitch -------------
DEBUG:huawei_lte.router:-- HEADERS --
DEBUG:huawei_lte.router:{'Content-Length': '0', 'X-XSS-Protection': '1; mode=block', 'Content-Security-Policy': "default-src 'self' 'unsafe-inline' 'unsafe-eval'", 'X-Download-Options': 'noopen', 'X-Content-Type-Options': 'nosniff', 'Connection': 'Keep-Alive', 'Pragma': 'no-cache', 'Cache-Control': 'no-cache, no-store, max-age=0, must-revalidate', 'Date': 'Mon, 18 May 2020 08:09:32 GMT', 'X-Frame-Options': 'SAMEORIGIN', 'Content-Type': 'text/html'}
DEBUG:huawei_lte.router:-------------
DEBUG:huawei_lte.router:-- DATA --
DEBUG:huawei_lte.router:
DEBUG:huawei_lte.router:-------------
DEBUG:huawei_lte.router:------------ REQUEST to http://192.168.9.1/api/webserver/token -------------
DEBUG:huawei_lte.router:-- HEADERS --
DEBUG:huawei_lte.router:None
DEBUG:huawei_lte.router:-------------
DEBUG:urllib3.connectionpool:http://192.168.9.1:80 "GET /api/webserver/token HTTP/1.1" 200 138
INFO:huawei_lte.router:GET http://192.168.9.1/api/webserver/token 200
DEBUG:huawei_lte.router:------------ RESPONSE to http://192.168.9.1/api/webserver/token -------------
DEBUG:huawei_lte.router:-- HEADERS --
DEBUG:huawei_lte.router:{'Content-Length': '138', 'X-XSS-Protection': '1; mode=block', 'Content-Security-Policy': "default-src 'self' 'unsafe-inline' 'unsafe-eval'", 'X-Download-Options': 'noopen', 'X-Content-Type-Options': 'nosniff', 'Connection': 'Keep-Alive', 'Pragma': 'no-cache', 'Cache-Control': 'no-cache, no-store, max-age=0, must-revalidate', 'Date': 'Mon, 18 May 2020 08:09:32 GMT', 'X-Frame-Options': 'SAMEORIGIN', 'Content-Type': 'text/html'}
DEBUG:huawei_lte.router:-------------
DEBUG:huawei_lte.router:-- DATA --
DEBUG:huawei_lte.router:<?xml version="1.0" encoding="UTF-8"?><response><token>3xcvkXDN5qPQtuwI7ozqPHmJr05a4lhcyfkroKSxemI8y6TydCuMvOPZC8peRNfi</token></response>
DEBUG:huawei_lte.router:-------------
DEBUG:huawei_lte.router:------------ REQUEST to http://192.168.9.1/api/voice/featureswitch -------------
DEBUG:huawei_lte.router:-- HEADERS --
DEBUG:huawei_lte.router:{'__RequestVerificationToken': 'yfkroKSxemI8y6TydCuMvOPZC8peRNfi', 'Content-type': 'application/x-www-form-urlencoded; charset=UTF-8'}
DEBUG:huawei_lte.router:-------------
DEBUG:urllib3.connectionpool:http://192.168.9.1:80 "GET /api/voice/featureswitch HTTP/1.1" 200 0
INFO:huawei_lte.router:GET http://192.168.9.1/api/voice/featureswitch 200
DEBUG:huawei_lte.router:------------ RESPONSE to http://192.168.9.1/api/voice/featureswitch -------------
DEBUG:huawei_lte.router:-- HEADERS --
DEBUG:huawei_lte.router:{'Content-Length': '0', 'X-XSS-Protection': '1; mode=block', 'Content-Security-Policy': "default-src 'self' 'unsafe-inline' 'unsafe-eval'", 'X-Download-Options': 'noopen', 'X-Content-Type-Options': 'nosniff', 'Connection': 'Keep-Alive', 'Pragma': 'no-cache', 'Cache-Control': 'no-cache, no-store, max-age=0, must-revalidate', 'Date': 'Mon, 18 May 2020 08:09:32 GMT', 'X-Frame-Options': 'SAMEORIGIN', 'Content-Type': 'text/html'}
DEBUG:huawei_lte.router:-------------
DEBUG:huawei_lte.router:-- DATA --
DEBUG:huawei_lte.router:
DEBUG:huawei_lte.router:-------------
DEBUG:huawei_lte.router:------------ REQUEST to http://192.168.9.1/api/webserver/token -------------
DEBUG:huawei_lte.router:-- HEADERS --
DEBUG:huawei_lte.router:None
DEBUG:huawei_lte.router:-------------
DEBUG:urllib3.connectionpool:http://192.168.9.1:80 "GET /api/webserver/token HTTP/1.1" 200 138
INFO:huawei_lte.router:GET http://192.168.9.1/api/webserver/token 200
DEBUG:huawei_lte.router:------------ RESPONSE to http://192.168.9.1/api/webserver/token -------------
DEBUG:huawei_lte.router:-- HEADERS --
DEBUG:huawei_lte.router:{'Content-Length': '138', 'X-XSS-Protection': '1; mode=block', 'Content-Security-Policy': "default-src 'self' 'unsafe-inline' 'unsafe-eval'", 'X-Download-Options': 'noopen', 'X-Content-Type-Options': 'nosniff', 'Connection': 'Keep-Alive', 'Pragma': 'no-cache', 'Cache-Control': 'no-cache, no-store, max-age=0, must-revalidate', 'Date': 'Mon, 18 May 2020 08:09:32 GMT', 'X-Frame-Options': 'SAMEORIGIN', 'Content-Type': 'text/html'}
DEBUG:huawei_lte.router:-------------
DEBUG:huawei_lte.router:-- DATA --
DEBUG:huawei_lte.router:<?xml version="1.0" encoding="UTF-8"?><response><token>NkkiGEIXL6q0d254droTtzuQtbJc4I80hev4rVSNnIy8F0fy6mkuW5MA0FYfK9mf</token></response>
DEBUG:huawei_lte.router:-------------
DEBUG:huawei_lte.router:------------ REQUEST to http://192.168.9.1/api/voice/sipaccount -------------
DEBUG:huawei_lte.router:-- HEADERS --
DEBUG:huawei_lte.router:{'__RequestVerificationToken': 'hev4rVSNnIy8F0fy6mkuW5MA0FYfK9mf', 'Content-type': 'application/x-www-form-urlencoded; charset=UTF-8'}
DEBUG:huawei_lte.router:-------------
DEBUG:urllib3.connectionpool:http://192.168.9.1:80 "GET /api/voice/sipaccount HTTP/1.1" 200 0
INFO:huawei_lte.router:GET http://192.168.9.1/api/voice/sipaccount 200
DEBUG:huawei_lte.router:------------ RESPONSE to http://192.168.9.1/api/voice/sipaccount -------------
DEBUG:huawei_lte.router:-- HEADERS --
DEBUG:huawei_lte.router:{'Content-Length': '0', 'X-XSS-Protection': '1; mode=block', 'Content-Security-Policy': "default-src 'self' 'unsafe-inline' 'unsafe-eval'", 'X-Download-Options': 'noopen', 'X-Content-Type-Options': 'nosniff', 'Connection': 'Keep-Alive', 'Pragma': 'no-cache', 'Cache-Control': 'no-cache, no-store, max-age=0, must-revalidate', 'Date': 'Mon, 18 May 2020 08:09:32 GMT', 'X-Frame-Options': 'SAMEORIGIN', 'Content-Type': 'text/html'}
DEBUG:huawei_lte.router:-------------
DEBUG:huawei_lte.router:-- DATA --
DEBUG:huawei_lte.router:
DEBUG:huawei_lte.router:-------------
DEBUG:huawei_lte.router:------------ REQUEST to http://192.168.9.1/api/webserver/token -------------
DEBUG:huawei_lte.router:-- HEADERS --
DEBUG:huawei_lte.router:None
DEBUG:huawei_lte.router:-------------
DEBUG:urllib3.connectionpool:http://192.168.9.1:80 "GET /api/webserver/token HTTP/1.1" 200 138
INFO:huawei_lte.router:GET http://192.168.9.1/api/webserver/token 200
DEBUG:huawei_lte.router:------------ RESPONSE to http://192.168.9.1/api/webserver/token -------------
DEBUG:huawei_lte.router:-- HEADERS --
DEBUG:huawei_lte.router:{'Content-Length': '138', 'X-XSS-Protection': '1; mode=block', 'Content-Security-Policy': "default-src 'self' 'unsafe-inline' 'unsafe-eval'", 'X-Download-Options': 'noopen', 'X-Content-Type-Options': 'nosniff', 'Connection': 'Keep-Alive', 'Pragma': 'no-cache', 'Cache-Control': 'no-cache, no-store, max-age=0, must-revalidate', 'Date': 'Mon, 18 May 2020 08:09:32 GMT', 'X-Frame-Options': 'SAMEORIGIN', 'Content-Type': 'text/html'}
DEBUG:huawei_lte.router:-------------
DEBUG:huawei_lte.router:-- DATA --
DEBUG:huawei_lte.router:<?xml version="1.0" encoding="UTF-8"?><response><token>WY7phrp55HDQVt7iLM1YzF0DeU0PqWKEX3EzN5UVQFMwkdBXN64JHBZfOhhs20TG</token></response>
DEBUG:huawei_lte.router:-------------
DEBUG:huawei_lte.router:------------ REQUEST to http://192.168.9.1/api/voice/sipaccount -------------
DEBUG:huawei_lte.router:-- HEADERS --
DEBUG:huawei_lte.router:{'__RequestVerificationToken': 'X3EzN5UVQFMwkdBXN64JHBZfOhhs20TG', 'Content-type': 'application/x-www-form-urlencoded; charset=UTF-8'}
DEBUG:huawei_lte.router:-------------
DEBUG:urllib3.connectionpool:http://192.168.9.1:80 "GET /api/voice/sipaccount HTTP/1.1" 200 0
INFO:huawei_lte.router:GET http://192.168.9.1/api/voice/sipaccount 200
DEBUG:huawei_lte.router:------------ RESPONSE to http://192.168.9.1/api/voice/sipaccount -------------
DEBUG:huawei_lte.router:-- HEADERS --
DEBUG:huawei_lte.router:{'Content-Length': '0', 'X-XSS-Protection': '1; mode=block', 'Content-Security-Policy': "default-src 'self' 'unsafe-inline' 'unsafe-eval'", 'X-Download-Options': 'noopen', 'X-Content-Type-Options': 'nosniff', 'Connection': 'Keep-Alive', 'Pragma': 'no-cache', 'Cache-Control': 'no-cache, no-store, max-age=0, must-revalidate', 'Date': 'Mon, 18 May 2020 08:09:32 GMT', 'X-Frame-Options': 'SAMEORIGIN', 'Content-Type': 'text/html'}
DEBUG:huawei_lte.router:-------------
DEBUG:huawei_lte.router:-- DATA --
DEBUG:huawei_lte.router:
DEBUG:huawei_lte.router:-------------
DEBUG:huawei_lte.router:------------ REQUEST to http://192.168.9.1/api/webserver/token -------------
DEBUG:huawei_lte.router:-- HEADERS --
DEBUG:huawei_lte.router:None
DEBUG:huawei_lte.router:-------------
DEBUG:urllib3.connectionpool:http://192.168.9.1:80 "GET /api/webserver/token HTTP/1.1" 200 138
INFO:huawei_lte.router:GET http://192.168.9.1/api/webserver/token 200
DEBUG:huawei_lte.router:------------ RESPONSE to http://192.168.9.1/api/webserver/token -------------
DEBUG:huawei_lte.router:-- HEADERS --
DEBUG:huawei_lte.router:{'Content-Length': '138', 'X-XSS-Protection': '1; mode=block', 'Content-Security-Policy': "default-src 'self' 'unsafe-inline' 'unsafe-eval'", 'X-Download-Options': 'noopen', 'X-Content-Type-Options': 'nosniff', 'Connection': 'Keep-Alive', 'Pragma': 'no-cache', 'Cache-Control': 'no-cache, no-store, max-age=0, must-revalidate', 'Date': 'Mon, 18 May 2020 08:09:32 GMT', 'X-Frame-Options': 'SAMEORIGIN', 'Content-Type': 'text/html'}
DEBUG:huawei_lte.router:-------------
DEBUG:huawei_lte.router:-- DATA --
DEBUG:huawei_lte.router:<?xml version="1.0" encoding="UTF-8"?><response><token>yCZDFHoNJyHeWepL2axFWtTt1ovzaRtRaSa5yZgBgo0e9acZor0VcvP1g9j7QXNX</token></response>
DEBUG:huawei_lte.router:-------------
DEBUG:huawei_lte.router:------------ REQUEST to http://192.168.9.1/api/voice/sipadvance -------------
DEBUG:huawei_lte.router:-- HEADERS --
DEBUG:huawei_lte.router:{'__RequestVerificationToken': 'aSa5yZgBgo0e9acZor0VcvP1g9j7QXNX', 'Content-type': 'application/x-www-form-urlencoded; charset=UTF-8'}
DEBUG:huawei_lte.router:-------------
DEBUG:urllib3.connectionpool:http://192.168.9.1:80 "GET /api/voice/sipadvance HTTP/1.1" 200 0
INFO:huawei_lte.router:GET http://192.168.9.1/api/voice/sipadvance 200
DEBUG:huawei_lte.router:------------ RESPONSE to http://192.168.9.1/api/voice/sipadvance -------------
DEBUG:huawei_lte.router:-- HEADERS --
DEBUG:huawei_lte.router:{'Content-Length': '0', 'X-XSS-Protection': '1; mode=block', 'Content-Security-Policy': "default-src 'self' 'unsafe-inline' 'unsafe-eval'", 'X-Download-Options': 'noopen', 'X-Content-Type-Options': 'nosniff', 'Connection': 'Keep-Alive', 'Pragma': 'no-cache', 'Cache-Control': 'no-cache, no-store, max-age=0, must-revalidate', 'Date': 'Mon, 18 May 2020 08:09:32 GMT', 'X-Frame-Options': 'SAMEORIGIN', 'Content-Type': 'text/html'}
DEBUG:huawei_lte.router:-------------
DEBUG:huawei_lte.router:-- DATA --
DEBUG:huawei_lte.router:
DEBUG:huawei_lte.router:-------------
DEBUG:huawei_lte.router:------------ REQUEST to http://192.168.9.1/api/webserver/token -------------
DEBUG:huawei_lte.router:-- HEADERS --
DEBUG:huawei_lte.router:None
DEBUG:huawei_lte.router:-------------
DEBUG:urllib3.connectionpool:http://192.168.9.1:80 "GET /api/webserver/token HTTP/1.1" 200 138
INFO:huawei_lte.router:GET http://192.168.9.1/api/webserver/token 200
DEBUG:huawei_lte.router:------------ RESPONSE to http://192.168.9.1/api/webserver/token -------------
DEBUG:huawei_lte.router:-- HEADERS --
DEBUG:huawei_lte.router:{'Content-Length': '138', 'X-XSS-Protection': '1; mode=block', 'Content-Security-Policy': "default-src 'self' 'unsafe-inline' 'unsafe-eval'", 'X-Download-Options': 'noopen', 'X-Content-Type-Options': 'nosniff', 'Connection': 'Keep-Alive', 'Pragma': 'no-cache', 'Cache-Control': 'no-cache, no-store, max-age=0, must-revalidate', 'Date': 'Mon, 18 May 2020 08:09:32 GMT', 'X-Frame-Options': 'SAMEORIGIN', 'Content-Type': 'text/html'}
DEBUG:huawei_lte.router:-------------
DEBUG:huawei_lte.router:-- DATA --
DEBUG:huawei_lte.router:<?xml version="1.0" encoding="UTF-8"?><response><token>ay4W22M4u288GKWOGrev0crH4BKjoW1URFF1GHE0MbeEbtHuT0J00j7oKXvaO0jJ</token></response>
DEBUG:huawei_lte.router:-------------
DEBUG:huawei_lte.router:------------ REQUEST to http://192.168.9.1/api/voice/sipadvance -------------
DEBUG:huawei_lte.router:-- HEADERS --
DEBUG:huawei_lte.router:{'__RequestVerificationToken': 'RFF1GHE0MbeEbtHuT0J00j7oKXvaO0jJ', 'Content-type': 'application/x-www-form-urlencoded; charset=UTF-8'}
DEBUG:huawei_lte.router:-------------
DEBUG:urllib3.connectionpool:http://192.168.9.1:80 "GET /api/voice/sipadvance HTTP/1.1" 200 0
INFO:huawei_lte.router:GET http://192.168.9.1/api/voice/sipadvance 200
DEBUG:huawei_lte.router:------------ RESPONSE to http://192.168.9.1/api/voice/sipadvance -------------
DEBUG:huawei_lte.router:-- HEADERS --
DEBUG:huawei_lte.router:{'Content-Length': '0', 'X-XSS-Protection': '1; mode=block', 'Content-Security-Policy': "default-src 'self' 'unsafe-inline' 'unsafe-eval'", 'X-Download-Options': 'noopen', 'X-Content-Type-Options': 'nosniff', 'Connection': 'Keep-Alive', 'Pragma': 'no-cache', 'Cache-Control': 'no-cache, no-store, max-age=0, must-revalidate', 'Date': 'Mon, 18 May 2020 08:09:32 GMT', 'X-Frame-Options': 'SAMEORIGIN', 'Content-Type': 'text/html'}
DEBUG:huawei_lte.router:-------------
DEBUG:huawei_lte.router:-- DATA --
DEBUG:huawei_lte.router:
DEBUG:huawei_lte.router:-------------
DEBUG:huawei_lte.router:------------ REQUEST to http://192.168.9.1/api/webserver/token -------------
DEBUG:huawei_lte.router:-- HEADERS --
DEBUG:huawei_lte.router:None
DEBUG:huawei_lte.router:-------------
DEBUG:urllib3.connectionpool:http://192.168.9.1:80 "GET /api/webserver/token HTTP/1.1" 200 138
INFO:huawei_lte.router:GET http://192.168.9.1/api/webserver/token 200
DEBUG:huawei_lte.router:------------ RESPONSE to http://192.168.9.1/api/webserver/token -------------
DEBUG:huawei_lte.router:-- HEADERS --
DEBUG:huawei_lte.router:{'Content-Length': '138', 'X-XSS-Protection': '1; mode=block', 'Content-Security-Policy': "default-src 'self' 'unsafe-inline' 'unsafe-eval'", 'X-Download-Options': 'noopen', 'X-Content-Type-Options': 'nosniff', 'Connection': 'Keep-Alive', 'Pragma': 'no-cache', 'Cache-Control': 'no-cache, no-store, max-age=0, must-revalidate', 'Date': 'Mon, 18 May 2020 08:09:32 GMT', 'X-Frame-Options': 'SAMEORIGIN', 'Content-Type': 'text/html'}
DEBUG:huawei_lte.router:-------------
DEBUG:huawei_lte.router:-- DATA --
DEBUG:huawei_lte.router:<?xml version="1.0" encoding="UTF-8"?><response><token>UZjO4qFIru56gy6cPJQEnB0LYAdi9cAw0y3PCwmjQ0J5ru35YfUYAx1udjVZ8qUu</token></response>
DEBUG:huawei_lte.router:-------------
DEBUG:huawei_lte.router:------------ REQUEST to http://192.168.9.1/api/voice/sipserver -------------
DEBUG:huawei_lte.router:-- HEADERS --
DEBUG:huawei_lte.router:{'__RequestVerificationToken': '0y3PCwmjQ0J5ru35YfUYAx1udjVZ8qUu', 'Content-type': 'application/x-www-form-urlencoded; charset=UTF-8'}
DEBUG:huawei_lte.router:-------------
DEBUG:urllib3.connectionpool:http://192.168.9.1:80 "GET /api/voice/sipserver HTTP/1.1" 200 0
INFO:huawei_lte.router:GET http://192.168.9.1/api/voice/sipserver 200
DEBUG:huawei_lte.router:------------ RESPONSE to http://192.168.9.1/api/voice/sipserver -------------
DEBUG:huawei_lte.router:-- HEADERS --
DEBUG:huawei_lte.router:{'Content-Length': '0', 'X-XSS-Protection': '1; mode=block', 'Content-Security-Policy': "default-src 'self' 'unsafe-inline' 'unsafe-eval'", 'X-Download-Options': 'noopen', 'X-Content-Type-Options': 'nosniff', 'Connection': 'Keep-Alive', 'Pragma': 'no-cache', 'Cache-Control': 'no-cache, no-store, max-age=0, must-revalidate', 'Date': 'Mon, 18 May 2020 08:09:32 GMT', 'X-Frame-Options': 'SAMEORIGIN', 'Content-Type': 'text/html'}
DEBUG:huawei_lte.router:-------------
DEBUG:huawei_lte.router:-- DATA --
DEBUG:huawei_lte.router:
DEBUG:huawei_lte.router:-------------
DEBUG:huawei_lte.router:------------ REQUEST to http://192.168.9.1/api/webserver/token -------------
DEBUG:huawei_lte.router:-- HEADERS --
DEBUG:huawei_lte.router:None
DEBUG:huawei_lte.router:-------------
DEBUG:urllib3.connectionpool:http://192.168.9.1:80 "GET /api/webserver/token HTTP/1.1" 200 138
INFO:huawei_lte.router:GET http://192.168.9.1/api/webserver/token 200
DEBUG:huawei_lte.router:------------ RESPONSE to http://192.168.9.1/api/webserver/token -------------
DEBUG:huawei_lte.router:-- HEADERS --
DEBUG:huawei_lte.router:{'Content-Length': '138', 'X-XSS-Protection': '1; mode=block', 'Content-Security-Policy': "default-src 'self' 'unsafe-inline' 'unsafe-eval'", 'X-Download-Options': 'noopen', 'X-Content-Type-Options': 'nosniff', 'Connection': 'Keep-Alive', 'Pragma': 'no-cache', 'Cache-Control': 'no-cache, no-store, max-age=0, must-revalidate', 'Date': 'Mon, 18 May 2020 08:09:32 GMT', 'X-Frame-Options': 'SAMEORIGIN', 'Content-Type': 'text/html'}
DEBUG:huawei_lte.router:-------------
DEBUG:huawei_lte.router:-- DATA --
DEBUG:huawei_lte.router:<?xml version="1.0" encoding="UTF-8"?><response><token>g2o4u9Aq2XjW7z14XFRQU8SS100MfU0tCpCoT48bFjJ156MqqiTUwlHrePU0dAco</token></response>
DEBUG:huawei_lte.router:-------------
DEBUG:huawei_lte.router:------------ REQUEST to http://192.168.9.1/api/voice/sipserver -------------
DEBUG:huawei_lte.router:-- HEADERS --
DEBUG:huawei_lte.router:{'__RequestVerificationToken': 'CpCoT48bFjJ156MqqiTUwlHrePU0dAco', 'Content-type': 'application/x-www-form-urlencoded; charset=UTF-8'}
DEBUG:huawei_lte.router:-------------
DEBUG:urllib3.connectionpool:http://192.168.9.1:80 "GET /api/voice/sipserver HTTP/1.1" 200 0
INFO:huawei_lte.router:GET http://192.168.9.1/api/voice/sipserver 200
DEBUG:huawei_lte.router:------------ RESPONSE to http://192.168.9.1/api/voice/sipserver -------------
DEBUG:huawei_lte.router:-- HEADERS --
DEBUG:huawei_lte.router:{'Content-Length': '0', 'X-XSS-Protection': '1; mode=block', 'Content-Security-Policy': "default-src 'self' 'unsafe-inline' 'unsafe-eval'", 'X-Download-Options': 'noopen', 'X-Content-Type-Options': 'nosniff', 'Connection': 'Keep-Alive', 'Pragma': 'no-cache', 'Cache-Control': 'no-cache, no-store, max-age=0, must-revalidate', 'Date': 'Mon, 18 May 2020 08:09:32 GMT', 'X-Frame-Options': 'SAMEORIGIN', 'Content-Type': 'text/html'}
DEBUG:huawei_lte.router:-------------
DEBUG:huawei_lte.router:-- DATA --
DEBUG:huawei_lte.router:
DEBUG:huawei_lte.router:-------------
DEBUG:huawei_lte.router:------------ REQUEST to http://192.168.9.1/api/webserver/token -------------
DEBUG:huawei_lte.router:-- HEADERS --
DEBUG:huawei_lte.router:None
DEBUG:huawei_lte.router:-------------
DEBUG:urllib3.connectionpool:http://192.168.9.1:80 "GET /api/webserver/token HTTP/1.1" 200 138
INFO:huawei_lte.router:GET http://192.168.9.1/api/webserver/token 200
DEBUG:huawei_lte.router:------------ RESPONSE to http://192.168.9.1/api/webserver/token -------------
DEBUG:huawei_lte.router:-- HEADERS --
DEBUG:huawei_lte.router:{'Content-Length': '138', 'X-XSS-Protection': '1; mode=block', 'Content-Security-Policy': "default-src 'self' 'unsafe-inline' 'unsafe-eval'", 'X-Download-Options': 'noopen', 'X-Content-Type-Options': 'nosniff', 'Connection': 'Keep-Alive', 'Pragma': 'no-cache', 'Cache-Control': 'no-cache, no-store, max-age=0, must-revalidate', 'Date': 'Mon, 18 May 2020 08:09:32 GMT', 'X-Frame-Options': 'SAMEORIGIN', 'Content-Type': 'text/html'}
DEBUG:huawei_lte.router:-------------
DEBUG:huawei_lte.router:-- DATA --
DEBUG:huawei_lte.router:<?xml version="1.0" encoding="UTF-8"?><response><token>0t21ttvpNferxqlcpWdQxOSOh7fMFSZc9PQPUx503cEX4BPcxCgvHhgOQipCX5OP</token></response>
DEBUG:huawei_lte.router:-------------
DEBUG:huawei_lte.router:------------ REQUEST to http://192.168.9.1/api/voice/voice-basic-settings -------------
DEBUG:huawei_lte.router:-- HEADERS --
DEBUG:huawei_lte.router:{'__RequestVerificationToken': '9PQPUx503cEX4BPcxCgvHhgOQipCX5OP', 'Content-type': 'application/x-www-form-urlencoded; charset=UTF-8'}
DEBUG:huawei_lte.router:-------------
DEBUG:urllib3.connectionpool:http://192.168.9.1:80 "GET /api/voice/voice-basic-settings HTTP/1.1" 200 125
INFO:huawei_lte.router:GET http://192.168.9.1/api/voice/voice-basic-settings 200
DEBUG:huawei_lte.router:------------ RESPONSE to http://192.168.9.1/api/voice/voice-basic-settings -------------
DEBUG:huawei_lte.router:-- HEADERS --
DEBUG:huawei_lte.router:{'Content-Length': '125', 'X-XSS-Protection': '1; mode=block', 'Content-Security-Policy': "default-src 'self' 'unsafe-inline' 'unsafe-eval'", 'X-Download-Options': 'noopen', 'X-Content-Type-Options': 'nosniff', 'Connection': 'Keep-Alive', 'Pragma': 'no-cache', 'Cache-Control': 'no-cache, no-store, max-age=0, must-revalidate', 'Date': 'Mon, 18 May 2020 08:09:32 GMT', 'X-Frame-Options': 'SAMEORIGIN', 'Content-Type': 'text/html'}
DEBUG:huawei_lte.router:-------------
DEBUG:huawei_lte.router:-- DATA --
DEBUG:huawei_lte.router:<?xml version="1.0" encoding="UTF-8"?><response><cid_send_type>1</cid_send_type><cs_dtmf_method>1</cs_dtmf_method></response>
DEBUG:huawei_lte.router:-------------
DEBUG:huawei_lte.router:------------ REQUEST to http://192.168.9.1/api/webserver/token -------------
DEBUG:huawei_lte.router:-- HEADERS --
DEBUG:huawei_lte.router:None
DEBUG:huawei_lte.router:-------------
DEBUG:urllib3.connectionpool:http://192.168.9.1:80 "GET /api/webserver/token HTTP/1.1" 200 138
INFO:huawei_lte.router:GET http://192.168.9.1/api/webserver/token 200
DEBUG:huawei_lte.router:------------ RESPONSE to http://192.168.9.1/api/webserver/token -------------
DEBUG:huawei_lte.router:-- HEADERS --
DEBUG:huawei_lte.router:{'Content-Length': '138', 'X-XSS-Protection': '1; mode=block', 'Content-Security-Policy': "default-src 'self' 'unsafe-inline' 'unsafe-eval'", 'X-Download-Options': 'noopen', 'X-Content-Type-Options': 'nosniff', 'Connection': 'Keep-Alive', 'Pragma': 'no-cache', 'Cache-Control': 'no-cache, no-store, max-age=0, must-revalidate', 'Date': 'Mon, 18 May 2020 08:09:32 GMT', 'X-Frame-Options': 'SAMEORIGIN', 'Content-Type': 'text/html'}
DEBUG:huawei_lte.router:-------------
DEBUG:huawei_lte.router:-- DATA --
DEBUG:huawei_lte.router:<?xml version="1.0" encoding="UTF-8"?><response><token>u6WwF1aGlomqEjGntbPt0QeyY5HiCmLo21yEq6165Ox7do01tvxNFK0cf8UzbNrB</token></response>
DEBUG:huawei_lte.router:-------------
DEBUG:huawei_lte.router:------------ REQUEST to http://192.168.9.1/api/voice/voice-basic-settings -------------
DEBUG:huawei_lte.router:-- HEADERS --
DEBUG:huawei_lte.router:{'__RequestVerificationToken': '21yEq6165Ox7do01tvxNFK0cf8UzbNrB', 'Content-type': 'application/x-www-form-urlencoded; charset=UTF-8'}
DEBUG:huawei_lte.router:-------------
DEBUG:urllib3.connectionpool:http://192.168.9.1:80 "GET /api/voice/voice-basic-settings HTTP/1.1" 200 125
INFO:huawei_lte.router:GET http://192.168.9.1/api/voice/voice-basic-settings 200
DEBUG:huawei_lte.router:------------ RESPONSE to http://192.168.9.1/api/voice/voice-basic-settings -------------
DEBUG:huawei_lte.router:-- HEADERS --
DEBUG:huawei_lte.router:{'Content-Length': '125', 'X-XSS-Protection': '1; mode=block', 'Content-Security-Policy': "default-src 'self' 'unsafe-inline' 'unsafe-eval'", 'X-Download-Options': 'noopen', 'X-Content-Type-Options': 'nosniff', 'Connection': 'Keep-Alive', 'Pragma': 'no-cache', 'Cache-Control': 'no-cache, no-store, max-age=0, must-revalidate', 'Date': 'Mon, 18 May 2020 08:09:32 GMT', 'X-Frame-Options': 'SAMEORIGIN', 'Content-Type': 'text/html'}
DEBUG:huawei_lte.router:-------------
DEBUG:huawei_lte.router:-- DATA --
DEBUG:huawei_lte.router:<?xml version="1.0" encoding="UTF-8"?><response><cid_send_type>1</cid_send_type><cs_dtmf_method>1</cs_dtmf_method></response>
DEBUG:huawei_lte.router:-------------
DEBUG:huawei_lte.router:------------ REQUEST to http://192.168.9.1/api/webserver/token -------------
DEBUG:huawei_lte.router:-- HEADERS --
DEBUG:huawei_lte.router:None
DEBUG:huawei_lte.router:-------------
DEBUG:urllib3.connectionpool:http://192.168.9.1:80 "GET /api/webserver/token HTTP/1.1" 200 138
INFO:huawei_lte.router:GET http://192.168.9.1/api/webserver/token 200
DEBUG:huawei_lte.router:------------ RESPONSE to http://192.168.9.1/api/webserver/token -------------
DEBUG:huawei_lte.router:-- HEADERS --
DEBUG:huawei_lte.router:{'Content-Length': '138', 'X-XSS-Protection': '1; mode=block', 'Content-Security-Policy': "default-src 'self' 'unsafe-inline' 'unsafe-eval'", 'X-Download-Options': 'noopen', 'X-Content-Type-Options': 'nosniff', 'Connection': 'Keep-Alive', 'Pragma': 'no-cache', 'Cache-Control': 'no-cache, no-store, max-age=0, must-revalidate', 'Date': 'Mon, 18 May 2020 08:09:32 GMT', 'X-Frame-Options': 'SAMEORIGIN', 'Content-Type': 'text/html'}
DEBUG:huawei_lte.router:-------------
DEBUG:huawei_lte.router:-- DATA --
DEBUG:huawei_lte.router:<?xml version="1.0" encoding="UTF-8"?><response><token>bmHGbL1SdgOnMYquYCz7uXP5Wc0fkJlGs49q0IzeOxDPzsTWAI76MA5tYu5jK0Wl</token></response>
DEBUG:huawei_lte.router:-------------
DEBUG:huawei_lte.router:------------ REQUEST to http://192.168.9.1/api/cradle/basic-info -------------
DEBUG:huawei_lte.router:-- HEADERS --
DEBUG:huawei_lte.router:{'__RequestVerificationToken': 's49q0IzeOxDPzsTWAI76MA5tYu5jK0Wl', 'Content-type': 'application/x-www-form-urlencoded; charset=UTF-8'}
DEBUG:huawei_lte.router:-------------
DEBUG:urllib3.connectionpool:http://192.168.9.1:80 "GET /api/cradle/basic-info HTTP/1.1" 200 620
INFO:huawei_lte.router:GET http://192.168.9.1/api/cradle/basic-info 200
DEBUG:huawei_lte.router:------------ RESPONSE to http://192.168.9.1/api/cradle/basic-info -------------
DEBUG:huawei_lte.router:-- HEADERS --
DEBUG:huawei_lte.router:{'Content-Length': '620', 'X-XSS-Protection': '1; mode=block', 'Content-Security-Policy': "default-src 'self' 'unsafe-inline' 'unsafe-eval'", 'X-Download-Options': 'noopen', 'X-Content-Type-Options': 'nosniff', 'Connection': 'Keep-Alive', 'Pragma': 'no-cache', 'Cache-Control': 'no-cache, no-store, max-age=0, must-revalidate', 'Date': 'Mon, 18 May 2020 08:09:32 GMT', 'X-Frame-Options': 'SAMEORIGIN', 'Content-Type': 'text/html'}
DEBUG:huawei_lte.router:-------------
DEBUG:huawei_lte.router:-- DATA --
DEBUG:huawei_lte.router:<?xml version="1.0" encoding="UTF-8"?><response><dynamicprimarydns>8.8.8.8</dynamicprimarydns><netmask>255.255.255.0</netmask><dynamicsetdnsmanual>1</dynamicsetdnsmanual><secondarydns>0.0.0.0</secondarydns><staticipmtu>1500</staticipmtu><dialmode>0</dialmode><maxidletime>600</maxidletime><pppoepwd>********</pppoepwd><dynamicsecondarydns>8.8.4.4</dynamicsecondarydns><ipaddress>192.168.1.113</ipaddress><pppoeuser>fred</pppoeuser><pppoeauth>1</pppoeauth><connectionmode>0</connectionmode><gateway>192.168.1.1</gateway><pppoemtu>1480</pppoemtu><dynamicipmtu>1500</dynamicipmtu><primarydns>0.0.0.0</primarydns></response>
DEBUG:huawei_lte.router:-------------
DEBUG:huawei_lte.router:------------ REQUEST to http://192.168.9.1/api/webserver/token -------------
DEBUG:huawei_lte.router:-- HEADERS --
DEBUG:huawei_lte.router:None
DEBUG:huawei_lte.router:-------------
DEBUG:urllib3.connectionpool:http://192.168.9.1:80 "GET /api/webserver/token HTTP/1.1" 200 138
INFO:huawei_lte.router:GET http://192.168.9.1/api/webserver/token 200
DEBUG:huawei_lte.router:------------ RESPONSE to http://192.168.9.1/api/webserver/token -------------
DEBUG:huawei_lte.router:-- HEADERS --
DEBUG:huawei_lte.router:{'Content-Length': '138', 'X-XSS-Protection': '1; mode=block', 'Content-Security-Policy': "default-src 'self' 'unsafe-inline' 'unsafe-eval'", 'X-Download-Options': 'noopen', 'X-Content-Type-Options': 'nosniff', 'Connection': 'Keep-Alive', 'Pragma': 'no-cache', 'Cache-Control': 'no-cache, no-store, max-age=0, must-revalidate', 'Date': 'Mon, 18 May 2020 08:09:32 GMT', 'X-Frame-Options': 'SAMEORIGIN', 'Content-Type': 'text/html'}
DEBUG:huawei_lte.router:-------------
DEBUG:huawei_lte.router:-- DATA --
DEBUG:huawei_lte.router:<?xml version="1.0" encoding="UTF-8"?><response><token>7wCR79BNkwerf09hevE49a5sySxlzH5oNSI5v7KjqkpbNkeO0qKuSNEgi50DuG25</token></response>
DEBUG:huawei_lte.router:-------------
DEBUG:huawei_lte.router:------------ REQUEST to http://192.168.9.1/api/cradle/basic-info -------------
DEBUG:huawei_lte.router:-- HEADERS --
DEBUG:huawei_lte.router:{'__RequestVerificationToken': 'NSI5v7KjqkpbNkeO0qKuSNEgi50DuG25', 'Content-type': 'application/x-www-form-urlencoded; charset=UTF-8'}
DEBUG:huawei_lte.router:-------------
DEBUG:urllib3.connectionpool:http://192.168.9.1:80 "GET /api/cradle/basic-info HTTP/1.1" 200 620
INFO:huawei_lte.router:GET http://192.168.9.1/api/cradle/basic-info 200
DEBUG:huawei_lte.router:------------ RESPONSE to http://192.168.9.1/api/cradle/basic-info -------------
DEBUG:huawei_lte.router:-- HEADERS --
DEBUG:huawei_lte.router:{'Content-Length': '620', 'X-XSS-Protection': '1; mode=block', 'Content-Security-Policy': "default-src 'self' 'unsafe-inline' 'unsafe-eval'", 'X-Download-Options': 'noopen', 'X-Content-Type-Options': 'nosniff', 'Connection': 'Keep-Alive', 'Pragma': 'no-cache', 'Cache-Control': 'no-cache, no-store, max-age=0, must-revalidate', 'Date': 'Mon, 18 May 2020 08:09:32 GMT', 'X-Frame-Options': 'SAMEORIGIN', 'Content-Type': 'text/html'}
DEBUG:huawei_lte.router:-------------
DEBUG:huawei_lte.router:-- DATA --
DEBUG:huawei_lte.router:<?xml version="1.0" encoding="UTF-8"?><response><dynamicprimarydns>8.8.8.8</dynamicprimarydns><netmask>255.255.255.0</netmask><dynamicsetdnsmanual>1</dynamicsetdnsmanual><secondarydns>0.0.0.0</secondarydns><staticipmtu>1500</staticipmtu><dialmode>0</dialmode><maxidletime>600</maxidletime><pppoepwd>********</pppoepwd><dynamicsecondarydns>8.8.4.4</dynamicsecondarydns><ipaddress>192.168.1.113</ipaddress><pppoeuser>fred</pppoeuser><pppoeauth>1</pppoeauth><connectionmode>0</connectionmode><gateway>192.168.1.1</gateway><pppoemtu>1480</pppoemtu><dynamicipmtu>1500</dynamicipmtu><primarydns>0.0.0.0</primarydns></response>
DEBUG:huawei_lte.router:-------------
DEBUG:huawei_lte.router:------------ REQUEST to http://192.168.9.1/api/webserver/token -------------
DEBUG:huawei_lte.router:-- HEADERS --
DEBUG:huawei_lte.router:None
DEBUG:huawei_lte.router:-------------
DEBUG:urllib3.connectionpool:http://192.168.9.1:80 "GET /api/webserver/token HTTP/1.1" 200 138
INFO:huawei_lte.router:GET http://192.168.9.1/api/webserver/token 200
DEBUG:huawei_lte.router:------------ RESPONSE to http://192.168.9.1/api/webserver/token -------------
DEBUG:huawei_lte.router:-- HEADERS --
DEBUG:huawei_lte.router:{'Content-Length': '138', 'X-XSS-Protection': '1; mode=block', 'Content-Security-Policy': "default-src 'self' 'unsafe-inline' 'unsafe-eval'", 'X-Download-Options': 'noopen', 'X-Content-Type-Options': 'nosniff', 'Connection': 'Keep-Alive', 'Pragma': 'no-cache', 'Cache-Control': 'no-cache, no-store, max-age=0, must-revalidate', 'Date': 'Mon, 18 May 2020 08:09:32 GMT', 'X-Frame-Options': 'SAMEORIGIN', 'Content-Type': 'text/html'}
DEBUG:huawei_lte.router:-------------
DEBUG:huawei_lte.router:-- DATA --
DEBUG:huawei_lte.router:<?xml version="1.0" encoding="UTF-8"?><response><token>po1tT0Fd5G0VWtjl36DIEpaENvigyyVFKcIEalCFIzyCkNTVZ50bxy0qmfXgVubd</token></response>
DEBUG:huawei_lte.router:-------------
DEBUG:huawei_lte.router:------------ REQUEST to http://192.168.9.1/api/cradle/status-info -------------
DEBUG:huawei_lte.router:-- HEADERS --
DEBUG:huawei_lte.router:{'__RequestVerificationToken': 'KcIEalCFIzyCkNTVZ50bxy0qmfXgVubd', 'Content-type': 'application/x-www-form-urlencoded; charset=UTF-8'}
DEBUG:huawei_lte.router:-------------
DEBUG:urllib3.connectionpool:http://192.168.9.1:80 "GET /api/cradle/status-info HTTP/1.1" 200 455
INFO:huawei_lte.router:GET http://192.168.9.1/api/cradle/status-info 200
DEBUG:huawei_lte.router:------------ RESPONSE to http://192.168.9.1/api/cradle/status-info -------------
DEBUG:huawei_lte.router:-- HEADERS --
DEBUG:huawei_lte.router:{'Content-Length': '455', 'X-XSS-Protection': '1; mode=block', 'Content-Security-Policy': "default-src 'self' 'unsafe-inline' 'unsafe-eval'", 'X-Download-Options': 'noopen', 'X-Content-Type-Options': 'nosniff', 'Connection': 'Keep-Alive', 'Pragma': 'no-cache', 'Cache-Control': 'no-cache, no-store, max-age=0, must-revalidate', 'Date': 'Mon, 18 May 2020 08:09:32 GMT', 'X-Frame-Options': 'SAMEORIGIN', 'Content-Type': 'text/html'}
DEBUG:huawei_lte.router:-------------
DEBUG:huawei_lte.router:-- DATA --
DEBUG:huawei_lte.router:<?xml version="1.0" encoding="UTF-8"?><response><cradlestatus>1</cradlestatus><ipaddressipv6></ipaddressipv6><ipaddress>192.168.1.113</ipaddress><netmask>255.255.255.0</netmask><primarydnsipv6></primarydnsipv6><secondarydns>8.8.4.4</secondarydns><currenttime>1955</currenttime><secondarydnsipv6></secondarydnsipv6><connectstatus>901</connectstatus><connectionmode>3</connectionmode><gateway>192.168.1.1</gateway><primarydns>8.8.8.8</primarydns></response>
DEBUG:huawei_lte.router:-------------
DEBUG:huawei_lte.router:------------ REQUEST to http://192.168.9.1/api/webserver/token -------------
DEBUG:huawei_lte.router:-- HEADERS --
DEBUG:huawei_lte.router:None
DEBUG:huawei_lte.router:-------------
DEBUG:urllib3.connectionpool:http://192.168.9.1:80 "GET /api/webserver/token HTTP/1.1" 200 138
INFO:huawei_lte.router:GET http://192.168.9.1/api/webserver/token 200
DEBUG:huawei_lte.router:------------ RESPONSE to http://192.168.9.1/api/webserver/token -------------
DEBUG:huawei_lte.router:-- HEADERS --
DEBUG:huawei_lte.router:{'Content-Length': '138', 'X-XSS-Protection': '1; mode=block', 'Content-Security-Policy': "default-src 'self' 'unsafe-inline' 'unsafe-eval'", 'X-Download-Options': 'noopen', 'X-Content-Type-Options': 'nosniff', 'Connection': 'Keep-Alive', 'Pragma': 'no-cache', 'Cache-Control': 'no-cache, no-store, max-age=0, must-revalidate', 'Date': 'Mon, 18 May 2020 08:09:32 GMT', 'X-Frame-Options': 'SAMEORIGIN', 'Content-Type': 'text/html'}
DEBUG:huawei_lte.router:-------------
DEBUG:huawei_lte.router:-- DATA --
DEBUG:huawei_lte.router:<?xml version="1.0" encoding="UTF-8"?><response><token>1FFNRjFV0o0dpJtK80DJMtsxCRXysiUUatpZ30Q5sDm50hZTuO40K6hQ0c4oKTmF</token></response>
DEBUG:huawei_lte.router:-------------
DEBUG:huawei_lte.router:------------ REQUEST to http://192.168.9.1/api/cradle/status-info -------------
DEBUG:huawei_lte.router:-- HEADERS --
DEBUG:huawei_lte.router:{'__RequestVerificationToken': 'atpZ30Q5sDm50hZTuO40K6hQ0c4oKTmF', 'Content-type': 'application/x-www-form-urlencoded; charset=UTF-8'}
DEBUG:huawei_lte.router:-------------
DEBUG:urllib3.connectionpool:http://192.168.9.1:80 "GET /api/cradle/status-info HTTP/1.1" 200 455
INFO:huawei_lte.router:GET http://192.168.9.1/api/cradle/status-info 200
DEBUG:huawei_lte.router:------------ RESPONSE to http://192.168.9.1/api/cradle/status-info -------------
DEBUG:huawei_lte.router:-- HEADERS --
DEBUG:huawei_lte.router:{'Content-Length': '455', 'X-XSS-Protection': '1; mode=block', 'Content-Security-Policy': "default-src 'self' 'unsafe-inline' 'unsafe-eval'", 'X-Download-Options': 'noopen', 'X-Content-Type-Options': 'nosniff', 'Connection': 'Keep-Alive', 'Pragma': 'no-cache', 'Cache-Control': 'no-cache, no-store, max-age=0, must-revalidate', 'Date': 'Mon, 18 May 2020 08:09:32 GMT', 'X-Frame-Options': 'SAMEORIGIN', 'Content-Type': 'text/html'}
DEBUG:huawei_lte.router:-------------
DEBUG:huawei_lte.router:-- DATA --
DEBUG:huawei_lte.router:<?xml version="1.0" encoding="UTF-8"?><response><cradlestatus>1</cradlestatus><ipaddressipv6></ipaddressipv6><ipaddress>192.168.1.113</ipaddress><netmask>255.255.255.0</netmask><primarydnsipv6></primarydnsipv6><secondarydns>8.8.4.4</secondarydns><currenttime>1955</currenttime><secondarydnsipv6></secondarydnsipv6><connectstatus>901</connectstatus><connectionmode>3</connectionmode><gateway>192.168.1.1</gateway><primarydns>8.8.8.8</primarydns></response>
DEBUG:huawei_lte.router:-------------
DEBUG:huawei_lte.router:------------ REQUEST to http://192.168.9.1/api/webserver/token -------------
DEBUG:huawei_lte.router:-- HEADERS --
DEBUG:huawei_lte.router:None
DEBUG:huawei_lte.router:-------------
DEBUG:urllib3.connectionpool:http://192.168.9.1:80 "GET /api/webserver/token HTTP/1.1" 200 138
INFO:huawei_lte.router:GET http://192.168.9.1/api/webserver/token 200
DEBUG:huawei_lte.router:------------ RESPONSE to http://192.168.9.1/api/webserver/token -------------
DEBUG:huawei_lte.router:-- HEADERS --
DEBUG:huawei_lte.router:{'Content-Length': '138', 'X-XSS-Protection': '1; mode=block', 'Content-Security-Policy': "default-src 'self' 'unsafe-inline' 'unsafe-eval'", 'X-Download-Options': 'noopen', 'X-Content-Type-Options': 'nosniff', 'Connection': 'Keep-Alive', 'Pragma': 'no-cache', 'Cache-Control': 'no-cache, no-store, max-age=0, must-revalidate', 'Date': 'Mon, 18 May 2020 08:09:32 GMT', 'X-Frame-Options': 'SAMEORIGIN', 'Content-Type': 'text/html'}
DEBUG:huawei_lte.router:-------------
DEBUG:huawei_lte.router:-- DATA --
DEBUG:huawei_lte.router:<?xml version="1.0" encoding="UTF-8"?><response><token>XMk8YPCFwCxG48dyJ9KjNbZSESnbb44gEQwi0tsWlMqskZ4K2Wad0bBk582mXwOV</token></response>
DEBUG:huawei_lte.router:-------------
DEBUG:huawei_lte.router:------------ REQUEST to http://192.168.9.1/api/device/information -------------
DEBUG:huawei_lte.router:-- HEADERS --
DEBUG:huawei_lte.router:{'__RequestVerificationToken': 'EQwi0tsWlMqskZ4K2Wad0bBk582mXwOV', 'Content-type': 'application/x-www-form-urlencoded; charset=UTF-8'}
DEBUG:huawei_lte.router:-------------
DEBUG:urllib3.connectionpool:http://192.168.9.1:80 "GET /api/device/information HTTP/1.1" 200 1159
INFO:huawei_lte.router:GET http://192.168.9.1/api/device/information 200
DEBUG:huawei_lte.router:------------ RESPONSE to http://192.168.9.1/api/device/information -------------
DEBUG:huawei_lte.router:-- HEADERS --
DEBUG:huawei_lte.router:{'Content-Length': '1159', 'X-XSS-Protection': '1; mode=block', 'Content-Security-Policy': "default-src 'self' 'unsafe-inline' 'unsafe-eval'", 'X-Download-Options': 'noopen', 'X-Content-Type-Options': 'nosniff', 'Connection': 'Keep-Alive', 'Pragma': 'no-cache', 'Cache-Control': 'no-cache, no-store, max-age=0, must-revalidate', 'X-Frame-Options': 'SAMEORIGIN', 'Content-Type': 'text/html'}
DEBUG:huawei_lte.router:-------------
DEBUG:huawei_lte.router:-- DATA --
DEBUG:huawei_lte.router:<?xml version="1.0" encoding="UTF-8"?>
<response>
<DeviceName>B525s-65a</DeviceName>
<SerialNumber>YXFDW18C24005634</SerialNumber>
<Imei>864005035359102</Imei>
<Imsi>505025704299232</Imsi>
<Iccid>8961025717446377231</Iccid>
<Msisdn></Msisdn>
<HardwareVersion>WL2B520M</HardwareVersion>
<SoftwareVersion>81.191.11.00.00</SoftwareVersion>
<WebUIVersion>21.100.44.00.03</WebUIVersion>
<MacAddress1>D0:16:B4:F2:30:92</MacAddress1>
<MacAddress2></MacAddress2>
<WanIPAddress>192.168.1.113</WanIPAddress>
<wan_dns_address>8.8.8.8,8.8.4.4</wan_dns_address>
<WanIPv6Address></WanIPv6Address>
<wan_ipv6_dns_address></wan_ipv6_dns_address>
<ProductFamily>LTE</ProductFamily>
<Classify>cpe</Classify>
<supportmode>LTE|WCDMA|GSM</supportmode>
<workmode>NO SERVICE</workmode>
<submask>255.255.255.0</submask>
<Mccmnc>50502</Mccmnc>
<iniversion>B525s-65aCUST-B01C74</iniversion>
<uptime>206641</uptime>
<ImeiSvn>01</ImeiSvn>
<WifiMacAddrWl0>D0:16:B4:F2:30:93</WifiMacAddrWl0>
<WifiMacAddrWl1>D0:16:B4:F2:30:95</WifiMacAddrWl1>
<spreadname_en>Huawei 4G Router B525</spreadname_en>
<spreadname_zh>åä¸º4Gè·¯ç± B525</spreadname_zh>
</response>

DEBUG:huawei_lte.router:-------------
DEBUG:huawei_lte.router:------------ REQUEST to http://192.168.9.1/api/webserver/token -------------
DEBUG:huawei_lte.router:-- HEADERS --
DEBUG:huawei_lte.router:None
DEBUG:huawei_lte.router:-------------
DEBUG:urllib3.connectionpool:http://192.168.9.1:80 "GET /api/webserver/token HTTP/1.1" 200 138
INFO:huawei_lte.router:GET http://192.168.9.1/api/webserver/token 200
DEBUG:huawei_lte.router:------------ RESPONSE to http://192.168.9.1/api/webserver/token -------------
DEBUG:huawei_lte.router:-- HEADERS --
DEBUG:huawei_lte.router:{'Content-Length': '138', 'X-XSS-Protection': '1; mode=block', 'Content-Security-Policy': "default-src 'self' 'unsafe-inline' 'unsafe-eval'", 'X-Download-Options': 'noopen', 'X-Content-Type-Options': 'nosniff', 'Connection': 'Keep-Alive', 'Pragma': 'no-cache', 'Cache-Control': 'no-cache, no-store, max-age=0, must-revalidate', 'Date': 'Mon, 18 May 2020 08:09:32 GMT', 'X-Frame-Options': 'SAMEORIGIN', 'Content-Type': 'text/html'}
DEBUG:huawei_lte.router:-------------
DEBUG:huawei_lte.router:-- DATA --
DEBUG:huawei_lte.router:<?xml version="1.0" encoding="UTF-8"?><response><token>AmcCA2RE0RTbc0l4wbe4bNyAeF38dlMCK0u4uxUHVHGS8NZDye0ABJD0X52rbJWa</token></response>
DEBUG:huawei_lte.router:-------------
DEBUG:huawei_lte.router:------------ REQUEST to http://192.168.9.1/api/device/information -------------
DEBUG:huawei_lte.router:-- HEADERS --
DEBUG:huawei_lte.router:{'__RequestVerificationToken': 'K0u4uxUHVHGS8NZDye0ABJD0X52rbJWa', 'Content-type': 'application/x-www-form-urlencoded; charset=UTF-8'}
DEBUG:huawei_lte.router:-------------
DEBUG:urllib3.connectionpool:http://192.168.9.1:80 "GET /api/device/information HTTP/1.1" 200 1159
INFO:huawei_lte.router:GET http://192.168.9.1/api/device/information 200
DEBUG:huawei_lte.router:------------ RESPONSE to http://192.168.9.1/api/device/information -------------
DEBUG:huawei_lte.router:-- HEADERS --
DEBUG:huawei_lte.router:{'Content-Length': '1159', 'X-XSS-Protection': '1; mode=block', 'Content-Security-Policy': "default-src 'self' 'unsafe-inline' 'unsafe-eval'", 'X-Download-Options': 'noopen', 'X-Content-Type-Options': 'nosniff', 'Connection': 'Keep-Alive', 'Pragma': 'no-cache', 'Cache-Control': 'no-cache, no-store, max-age=0, must-revalidate', 'X-Frame-Options': 'SAMEORIGIN', 'Content-Type': 'text/html'}
DEBUG:huawei_lte.router:-------------
DEBUG:huawei_lte.router:-- DATA --
DEBUG:huawei_lte.router:<?xml version="1.0" encoding="UTF-8"?>
<response>
<DeviceName>B525s-65a</DeviceName>
<SerialNumber>YXFDW18C24005634</SerialNumber>
<Imei>864005035359102</Imei>
<Imsi>505025704299232</Imsi>
<Iccid>8961025717446377231</Iccid>
<Msisdn></Msisdn>
<HardwareVersion>WL2B520M</HardwareVersion>
<SoftwareVersion>81.191.11.00.00</SoftwareVersion>
<WebUIVersion>21.100.44.00.03</WebUIVersion>
<MacAddress1>D0:16:B4:F2:30:92</MacAddress1>
<MacAddress2></MacAddress2>
<WanIPAddress>192.168.1.113</WanIPAddress>
<wan_dns_address>8.8.8.8,8.8.4.4</wan_dns_address>
<WanIPv6Address></WanIPv6Address>
<wan_ipv6_dns_address></wan_ipv6_dns_address>
<ProductFamily>LTE</ProductFamily>
<Classify>cpe</Classify>
<supportmode>LTE|WCDMA|GSM</supportmode>
<workmode>NO SERVICE</workmode>
<submask>255.255.255.0</submask>
<Mccmnc>50502</Mccmnc>
<iniversion>B525s-65aCUST-B01C74</iniversion>
<uptime>206642</uptime>
<ImeiSvn>01</ImeiSvn>
<WifiMacAddrWl0>D0:16:B4:F2:30:93</WifiMacAddrWl0>
<WifiMacAddrWl1>D0:16:B4:F2:30:95</WifiMacAddrWl1>
<spreadname_en>Huawei 4G Router B525</spreadname_en>
<spreadname_zh>åä¸º4Gè·¯ç± B525</spreadname_zh>
</response>

DEBUG:huawei_lte.router:-------------
DEBUG:huawei_lte.router:------------ REQUEST to http://192.168.9.1/api/webserver/token -------------
DEBUG:huawei_lte.router:-- HEADERS --
DEBUG:huawei_lte.router:None
DEBUG:huawei_lte.router:-------------
DEBUG:urllib3.connectionpool:http://192.168.9.1:80 "GET /api/webserver/token HTTP/1.1" 200 138
INFO:huawei_lte.router:GET http://192.168.9.1/api/webserver/token 200
DEBUG:huawei_lte.router:------------ RESPONSE to http://192.168.9.1/api/webserver/token -------------
DEBUG:huawei_lte.router:-- HEADERS --
DEBUG:huawei_lte.router:{'Content-Length': '138', 'X-XSS-Protection': '1; mode=block', 'Content-Security-Policy': "default-src 'self' 'unsafe-inline' 'unsafe-eval'", 'X-Download-Options': 'noopen', 'X-Content-Type-Options': 'nosniff', 'Connection': 'Keep-Alive', 'Pragma': 'no-cache', 'Cache-Control': 'no-cache, no-store, max-age=0, must-revalidate', 'Date': 'Mon, 18 May 2020 08:09:32 GMT', 'X-Frame-Options': 'SAMEORIGIN', 'Content-Type': 'text/html'}
DEBUG:huawei_lte.router:-------------
DEBUG:huawei_lte.router:-- DATA --
DEBUG:huawei_lte.router:<?xml version="1.0" encoding="UTF-8"?><response><token>0vZAVp4ZQFxxZwqHq6bCL9l1vjgLgbAuOCdDz8IVTvXjUAwBHd08b00jQ3f00QEa</token></response>
DEBUG:huawei_lte.router:-------------
DEBUG:huawei_lte.router:------------ REQUEST to http://192.168.9.1/api/device/signal -------------
DEBUG:huawei_lte.router:-- HEADERS --
DEBUG:huawei_lte.router:{'__RequestVerificationToken': 'OCdDz8IVTvXjUAwBHd08b00jQ3f00QEa', 'Content-type': 'application/x-www-form-urlencoded; charset=UTF-8'}
DEBUG:huawei_lte.router:-------------
DEBUG:urllib3.connectionpool:http://192.168.9.1:80 "GET /api/device/signal HTTP/1.1" 200 763
INFO:huawei_lte.router:GET http://192.168.9.1/api/device/signal 200
DEBUG:huawei_lte.router:------------ RESPONSE to http://192.168.9.1/api/device/signal -------------
DEBUG:huawei_lte.router:-- HEADERS --
DEBUG:huawei_lte.router:{'Content-Length': '763', 'X-XSS-Protection': '1; mode=block', 'Content-Security-Policy': "default-src 'self' 'unsafe-inline' 'unsafe-eval'", 'X-Download-Options': 'noopen', 'X-Content-Type-Options': 'nosniff', 'Connection': 'Keep-Alive', 'Pragma': 'no-cache', 'Cache-Control': 'no-cache, no-store, max-age=0, must-revalidate', 'X-Frame-Options': 'SAMEORIGIN', 'Content-Type': 'text/html'}
DEBUG:huawei_lte.router:-------------
DEBUG:huawei_lte.router:-- DATA --
DEBUG:huawei_lte.router:<?xml version="1.0" encoding="UTF-8"?>
<response>
<pci></pci>
<sc></sc>
<cell_id></cell_id>
<rsrq></rsrq>
<rsrp></rsrp>
<rssi></rssi>
<sinr></sinr>
<rscp></rscp>
<ecio></ecio>
<mode></mode>
<ulbandwidth></ulbandwidth>
<dlbandwidth></dlbandwidth>
<txpower></txpower>
<tdd></tdd>
<ul_mcs></ul_mcs>
<dl_mcs></dl_mcs>
<earfcn></earfcn>
<rrc_status></rrc_status>
<rac></rac>
<lac></lac>
<tac></tac>
<band></band>
<nei_cellid></nei_cellid>
<plmn>50502</plmn>
<ims></ims>
<wdlfreq></wdlfreq>
<lteulfreq></lteulfreq>
<ltedlfreq></ltedlfreq>
<transmode></transmode>
<enodeb_id></enodeb_id>
<cqi0></cqi0>
<cqi1></cqi1>
<arfcn></arfcn>
<bsic></bsic>
<rxlev></rxlev>
<ulfrequency></ulfrequency>
<dlfrequency></dlfrequency>
</response>

DEBUG:huawei_lte.router:-------------
DEBUG:huawei_lte.router:------------ REQUEST to http://192.168.9.1/api/webserver/token -------------
DEBUG:huawei_lte.router:-- HEADERS --
DEBUG:huawei_lte.router:None
DEBUG:huawei_lte.router:-------------
DEBUG:urllib3.connectionpool:http://192.168.9.1:80 "GET /api/webserver/token HTTP/1.1" 200 138
INFO:huawei_lte.router:GET http://192.168.9.1/api/webserver/token 200
DEBUG:huawei_lte.router:------------ RESPONSE to http://192.168.9.1/api/webserver/token -------------
DEBUG:huawei_lte.router:-- HEADERS --
DEBUG:huawei_lte.router:{'Content-Length': '138', 'X-XSS-Protection': '1; mode=block', 'Content-Security-Policy': "default-src 'self' 'unsafe-inline' 'unsafe-eval'", 'X-Download-Options': 'noopen', 'X-Content-Type-Options': 'nosniff', 'Connection': 'Keep-Alive', 'Pragma': 'no-cache', 'Cache-Control': 'no-cache, no-store, max-age=0, must-revalidate', 'Date': 'Mon, 18 May 2020 08:09:32 GMT', 'X-Frame-Options': 'SAMEORIGIN', 'Content-Type': 'text/html'}
DEBUG:huawei_lte.router:-------------
DEBUG:huawei_lte.router:-- DATA --
DEBUG:huawei_lte.router:<?xml version="1.0" encoding="UTF-8"?><response><token>MU89oBkHz1lPNBhj6rm0nRWnb25X57O0EGw6AnTOo05Ma8VVuPys2mPz0p09dXGQ</token></response>
DEBUG:huawei_lte.router:-------------
DEBUG:huawei_lte.router:------------ REQUEST to http://192.168.9.1/api/device/signal -------------
DEBUG:huawei_lte.router:-- HEADERS --
DEBUG:huawei_lte.router:{'__RequestVerificationToken': 'EGw6AnTOo05Ma8VVuPys2mPz0p09dXGQ', 'Content-type': 'application/x-www-form-urlencoded; charset=UTF-8'}
DEBUG:huawei_lte.router:-------------
DEBUG:urllib3.connectionpool:http://192.168.9.1:80 "GET /api/device/signal HTTP/1.1" 200 763
INFO:huawei_lte.router:GET http://192.168.9.1/api/device/signal 200
DEBUG:huawei_lte.router:------------ RESPONSE to http://192.168.9.1/api/device/signal -------------
DEBUG:huawei_lte.router:-- HEADERS --
DEBUG:huawei_lte.router:{'Content-Length': '763', 'X-XSS-Protection': '1; mode=block', 'Content-Security-Policy': "default-src 'self' 'unsafe-inline' 'unsafe-eval'", 'X-Download-Options': 'noopen', 'X-Content-Type-Options': 'nosniff', 'Connection': 'Keep-Alive', 'Pragma': 'no-cache', 'Cache-Control': 'no-cache, no-store, max-age=0, must-revalidate', 'X-Frame-Options': 'SAMEORIGIN', 'Content-Type': 'text/html'}
DEBUG:huawei_lte.router:-------------
DEBUG:huawei_lte.router:-- DATA --
DEBUG:huawei_lte.router:<?xml version="1.0" encoding="UTF-8"?>
<response>
<pci></pci>
<sc></sc>
<cell_id></cell_id>
<rsrq></rsrq>
<rsrp></rsrp>
<rssi></rssi>
<sinr></sinr>
<rscp></rscp>
<ecio></ecio>
<mode></mode>
<ulbandwidth></ulbandwidth>
<dlbandwidth></dlbandwidth>
<txpower></txpower>
<tdd></tdd>
<ul_mcs></ul_mcs>
<dl_mcs></dl_mcs>
<earfcn></earfcn>
<rrc_status></rrc_status>
<rac></rac>
<lac></lac>
<tac></tac>
<band></band>
<nei_cellid></nei_cellid>
<plmn>50502</plmn>
<ims></ims>
<wdlfreq></wdlfreq>
<lteulfreq></lteulfreq>
<ltedlfreq></ltedlfreq>
<transmode></transmode>
<enodeb_id></enodeb_id>
<cqi0></cqi0>
<cqi1></cqi1>
<arfcn></arfcn>
<bsic></bsic>
<rxlev></rxlev>
<ulfrequency></ulfrequency>
<dlfrequency></dlfrequency>
</response>

DEBUG:huawei_lte.router:-------------
DEBUG:huawei_lte.router:------------ REQUEST to http://192.168.9.1/api/webserver/token -------------
DEBUG:huawei_lte.router:-- HEADERS --
DEBUG:huawei_lte.router:None
DEBUG:huawei_lte.router:-------------
DEBUG:urllib3.connectionpool:http://192.168.9.1:80 "GET /api/webserver/token HTTP/1.1" 200 138
INFO:huawei_lte.router:GET http://192.168.9.1/api/webserver/token 200
DEBUG:huawei_lte.router:------------ RESPONSE to http://192.168.9.1/api/webserver/token -------------
DEBUG:huawei_lte.router:-- HEADERS --
DEBUG:huawei_lte.router:{'Content-Length': '138', 'X-XSS-Protection': '1; mode=block', 'Content-Security-Policy': "default-src 'self' 'unsafe-inline' 'unsafe-eval'", 'X-Download-Options': 'noopen', 'X-Content-Type-Options': 'nosniff', 'Connection': 'Keep-Alive', 'Pragma': 'no-cache', 'Cache-Control': 'no-cache, no-store, max-age=0, must-revalidate', 'Date': 'Mon, 18 May 2020 08:09:33 GMT', 'X-Frame-Options': 'SAMEORIGIN', 'Content-Type': 'text/html'}
DEBUG:huawei_lte.router:-------------
DEBUG:huawei_lte.router:-- DATA --
DEBUG:huawei_lte.router:<?xml version="1.0" encoding="UTF-8"?><response><token>L3p1LSjtQ11WhUTWeOzD0Ieidusk5bc0Wn1QWmTbUP7xVjRh0lL6paWHwTvcoV07</token></response>
DEBUG:huawei_lte.router:-------------
DEBUG:huawei_lte.router:------------ REQUEST to http://192.168.9.1/api/monitoring/status -------------
DEBUG:huawei_lte.router:-- HEADERS --
DEBUG:huawei_lte.router:{'__RequestVerificationToken': 'Wn1QWmTbUP7xVjRh0lL6paWHwTvcoV07', 'Content-type': 'application/x-www-form-urlencoded; charset=UTF-8'}
DEBUG:huawei_lte.router:-------------
DEBUG:urllib3.connectionpool:http://192.168.9.1:80 "GET /api/monitoring/status HTTP/1.1" 200 1139
INFO:huawei_lte.router:GET http://192.168.9.1/api/monitoring/status 200
DEBUG:huawei_lte.router:------------ RESPONSE to http://192.168.9.1/api/monitoring/status -------------
DEBUG:huawei_lte.router:-- HEADERS --
DEBUG:huawei_lte.router:{'Content-Length': '1139', 'X-XSS-Protection': '1; mode=block', 'Content-Security-Policy': "default-src 'self' 'unsafe-inline' 'unsafe-eval'", 'X-Download-Options': 'noopen', 'X-Content-Type-Options': 'nosniff', 'Connection': 'Keep-Alive', 'Pragma': 'no-cache', 'Cache-Control': 'no-cache, no-store, max-age=0, must-revalidate', 'X-Frame-Options': 'SAMEORIGIN', 'Content-Type': 'text/html'}
DEBUG:huawei_lte.router:-------------
DEBUG:huawei_lte.router:-- DATA --
DEBUG:huawei_lte.router:<?xml version="1.0" encoding="UTF-8"?>
<response>
<ConnectionStatus>902</ConnectionStatus>
<WifiConnectionStatus></WifiConnectionStatus>
<SignalStrength>0</SignalStrength>
<SignalIcon>0</SignalIcon>
<CurrentNetworkType>4</CurrentNetworkType>
<CurrentServiceDomain>3</CurrentServiceDomain>
<RoamingStatus>0</RoamingStatus>
<BatteryStatus></BatteryStatus>
<BatteryLevel></BatteryLevel>
<BatteryPercent></BatteryPercent>
<simlockStatus>0</simlockStatus>
<PrimaryDns>8.8.8.8</PrimaryDns>
<SecondaryDns>8.8.4.4</SecondaryDns>
<PrimaryIPv6Dns></PrimaryIPv6Dns>
<SecondaryIPv6Dns></SecondaryIPv6Dns>
<CurrentWifiUser>7</CurrentWifiUser>
<TotalWifiUser>64</TotalWifiUser>
<currenttotalwifiuser>0</currenttotalwifiuser>
<ServiceStatus>1</ServiceStatus>
<SimStatus>4</SimStatus>
<WifiStatus>1</WifiStatus>
<CurrentNetworkTypeEx>41</CurrentNetworkTypeEx>
<maxsignal>5</maxsignal>
<wifiindooronly>0</wifiindooronly>
<wififrequence>1</wififrequence>
<classify>cpe</classify>
<flymode>0</flymode>
<cellroam>2</cellroam>
<usbup>0</usbup>
<wifiswitchstatus>1</wifiswitchstatus>
<hvdcp_online>0</hvdcp_online>
</response>

DEBUG:huawei_lte.router:-------------
DEBUG:huawei_lte.router:------------ REQUEST to http://192.168.9.1/api/webserver/token -------------
DEBUG:huawei_lte.router:-- HEADERS --
DEBUG:huawei_lte.router:None
DEBUG:huawei_lte.router:-------------
DEBUG:urllib3.connectionpool:http://192.168.9.1:80 "GET /api/webserver/token HTTP/1.1" 200 138
INFO:huawei_lte.router:GET http://192.168.9.1/api/webserver/token 200
DEBUG:huawei_lte.router:------------ RESPONSE to http://192.168.9.1/api/webserver/token -------------
DEBUG:huawei_lte.router:-- HEADERS --
DEBUG:huawei_lte.router:{'Content-Length': '138', 'X-XSS-Protection': '1; mode=block', 'Content-Security-Policy': "default-src 'self' 'unsafe-inline' 'unsafe-eval'", 'X-Download-Options': 'noopen', 'X-Content-Type-Options': 'nosniff', 'Connection': 'Keep-Alive', 'Pragma': 'no-cache', 'Cache-Control': 'no-cache, no-store, max-age=0, must-revalidate', 'Date': 'Mon, 18 May 2020 08:09:33 GMT', 'X-Frame-Options': 'SAMEORIGIN', 'Content-Type': 'text/html'}
DEBUG:huawei_lte.router:-------------
DEBUG:huawei_lte.router:-- DATA --
DEBUG:huawei_lte.router:<?xml version="1.0" encoding="UTF-8"?><response><token>A6SDiALRbIX2LdrDO39ZhiiblnfGfdf3ENCZ3rOZlyTbeaHohxBgpLQIo8OOADca</token></response>
DEBUG:huawei_lte.router:-------------
DEBUG:huawei_lte.router:------------ REQUEST to http://192.168.9.1/api/monitoring/status -------------
DEBUG:huawei_lte.router:-- HEADERS --
DEBUG:huawei_lte.router:{'__RequestVerificationToken': 'ENCZ3rOZlyTbeaHohxBgpLQIo8OOADca', 'Content-type': 'application/x-www-form-urlencoded; charset=UTF-8'}
DEBUG:huawei_lte.router:-------------
DEBUG:urllib3.connectionpool:http://192.168.9.1:80 "GET /api/monitoring/status HTTP/1.1" 200 1139
INFO:huawei_lte.router:GET http://192.168.9.1/api/monitoring/status 200
DEBUG:huawei_lte.router:------------ RESPONSE to http://192.168.9.1/api/monitoring/status -------------
DEBUG:huawei_lte.router:-- HEADERS --
DEBUG:huawei_lte.router:{'Content-Length': '1139', 'X-XSS-Protection': '1; mode=block', 'Content-Security-Policy': "default-src 'self' 'unsafe-inline' 'unsafe-eval'", 'X-Download-Options': 'noopen', 'X-Content-Type-Options': 'nosniff', 'Connection': 'Keep-Alive', 'Pragma': 'no-cache', 'Cache-Control': 'no-cache, no-store, max-age=0, must-revalidate', 'X-Frame-Options': 'SAMEORIGIN', 'Content-Type': 'text/html'}
DEBUG:huawei_lte.router:-------------
DEBUG:huawei_lte.router:-- DATA --
DEBUG:huawei_lte.router:<?xml version="1.0" encoding="UTF-8"?>
<response>
<ConnectionStatus>902</ConnectionStatus>
<WifiConnectionStatus></WifiConnectionStatus>
<SignalStrength>0</SignalStrength>
<SignalIcon>0</SignalIcon>
<CurrentNetworkType>4</CurrentNetworkType>
<CurrentServiceDomain>3</CurrentServiceDomain>
<RoamingStatus>0</RoamingStatus>
<BatteryStatus></BatteryStatus>
<BatteryLevel></BatteryLevel>
<BatteryPercent></BatteryPercent>
<simlockStatus>0</simlockStatus>
<PrimaryDns>8.8.8.8</PrimaryDns>
<SecondaryDns>8.8.4.4</SecondaryDns>
<PrimaryIPv6Dns></PrimaryIPv6Dns>
<SecondaryIPv6Dns></SecondaryIPv6Dns>
<CurrentWifiUser>7</CurrentWifiUser>
<TotalWifiUser>64</TotalWifiUser>
<currenttotalwifiuser>0</currenttotalwifiuser>
<ServiceStatus>1</ServiceStatus>
<SimStatus>4</SimStatus>
<WifiStatus>1</WifiStatus>
<CurrentNetworkTypeEx>41</CurrentNetworkTypeEx>
<maxsignal>5</maxsignal>
<wifiindooronly>0</wifiindooronly>
<wififrequence>1</wififrequence>
<classify>cpe</classify>
<flymode>0</flymode>
<cellroam>2</cellroam>
<usbup>0</usbup>
<wifiswitchstatus>1</wifiswitchstatus>
<hvdcp_online>0</hvdcp_online>
</response>

DEBUG:huawei_lte.router:-------------
DEBUG:huawei_lte.router:------------ REQUEST to http://192.168.9.1/api/webserver/token -------------
DEBUG:huawei_lte.router:-- HEADERS --
DEBUG:huawei_lte.router:None
DEBUG:huawei_lte.router:-------------
DEBUG:urllib3.connectionpool:http://192.168.9.1:80 "GET /api/webserver/token HTTP/1.1" 200 138
INFO:huawei_lte.router:GET http://192.168.9.1/api/webserver/token 200
DEBUG:huawei_lte.router:------------ RESPONSE to http://192.168.9.1/api/webserver/token -------------
DEBUG:huawei_lte.router:-- HEADERS --
DEBUG:huawei_lte.router:{'Content-Length': '138', 'X-XSS-Protection': '1; mode=block', 'Content-Security-Policy': "default-src 'self' 'unsafe-inline' 'unsafe-eval'", 'X-Download-Options': 'noopen', 'X-Content-Type-Options': 'nosniff', 'Connection': 'Keep-Alive', 'Pragma': 'no-cache', 'Cache-Control': 'no-cache, no-store, max-age=0, must-revalidate', 'Date': 'Mon, 18 May 2020 08:09:33 GMT', 'X-Frame-Options': 'SAMEORIGIN', 'Content-Type': 'text/html'}
DEBUG:huawei_lte.router:-------------
DEBUG:huawei_lte.router:-- DATA --
DEBUG:huawei_lte.router:<?xml version="1.0" encoding="UTF-8"?><response><token>up7qBeCjoxHqrsZ0ftYJ3bx2247LdFYvY9Z3b0WpbTGDCBt8mNW0sscvWASZ34S4</token></response>
DEBUG:huawei_lte.router:-------------
DEBUG:huawei_lte.router:------------ REQUEST to http://192.168.9.1/api/led/circle-switch -------------
DEBUG:huawei_lte.router:-- HEADERS --
DEBUG:huawei_lte.router:{'__RequestVerificationToken': 'Y9Z3b0WpbTGDCBt8mNW0sscvWASZ34S4', 'Content-type': 'application/x-www-form-urlencoded; charset=UTF-8'}
DEBUG:huawei_lte.router:-------------
DEBUG:urllib3.connectionpool:http://192.168.9.1:80 "GET /api/led/circle-switch HTTP/1.1" 200 88
INFO:huawei_lte.router:GET http://192.168.9.1/api/led/circle-switch 200
DEBUG:huawei_lte.router:------------ RESPONSE to http://192.168.9.1/api/led/circle-switch -------------
DEBUG:huawei_lte.router:-- HEADERS --
DEBUG:huawei_lte.router:{'Content-Length': '88', 'X-XSS-Protection': '1; mode=block', 'Content-Security-Policy': "default-src 'self' 'unsafe-inline' 'unsafe-eval'", 'X-Download-Options': 'noopen', 'X-Content-Type-Options': 'nosniff', 'Connection': 'Keep-Alive', 'Pragma': 'no-cache', 'Cache-Control': 'no-cache, no-store, max-age=0, must-revalidate', 'Date': 'Mon, 18 May 2020 08:09:33 GMT', 'X-Frame-Options': 'SAMEORIGIN', 'Content-Type': 'text/html'}
DEBUG:huawei_lte.router:-------------
DEBUG:huawei_lte.router:-- DATA --
DEBUG:huawei_lte.router:<?xml version="1.0" encoding="UTF-8"?>
<error>
<code>100006</code>
<message/>
</error>

DEBUG:huawei_lte.router:-------------
DEBUG:huawei_lte.router:------------ REQUEST to http://192.168.9.1/api/webserver/token -------------
DEBUG:huawei_lte.router:-- HEADERS --
DEBUG:huawei_lte.router:None
DEBUG:huawei_lte.router:-------------
DEBUG:urllib3.connectionpool:http://192.168.9.1:80 "GET /api/webserver/token HTTP/1.1" 200 138
INFO:huawei_lte.router:GET http://192.168.9.1/api/webserver/token 200
DEBUG:huawei_lte.router:------------ RESPONSE to http://192.168.9.1/api/webserver/token -------------
DEBUG:huawei_lte.router:-- HEADERS --
DEBUG:huawei_lte.router:{'Content-Length': '138', 'X-XSS-Protection': '1; mode=block', 'Content-Security-Policy': "default-src 'self' 'unsafe-inline' 'unsafe-eval'", 'X-Download-Options': 'noopen', 'X-Content-Type-Options': 'nosniff', 'Connection': 'Keep-Alive', 'Pragma': 'no-cache', 'Cache-Control': 'no-cache, no-store, max-age=0, must-revalidate', 'Date': 'Mon, 18 May 2020 08:09:33 GMT', 'X-Frame-Options': 'SAMEORIGIN', 'Content-Type': 'text/html'}
DEBUG:huawei_lte.router:-------------
DEBUG:huawei_lte.router:-- DATA --
DEBUG:huawei_lte.router:<?xml version="1.0" encoding="UTF-8"?><response><token>epuWLm0Y47s7gJDkRbMJBf8OAYP335S9La6hJMLLHrnCOSHCMls0wM76Jw2yDlus</token></response>
DEBUG:huawei_lte.router:-------------
DEBUG:huawei_lte.router:------------ REQUEST to http://192.168.9.1/api/led/circle-switch -------------
DEBUG:huawei_lte.router:-- HEADERS --
DEBUG:huawei_lte.router:{'__RequestVerificationToken': 'La6hJMLLHrnCOSHCMls0wM76Jw2yDlus', 'Content-type': 'application/x-www-form-urlencoded; charset=UTF-8'}
DEBUG:huawei_lte.router:-------------
DEBUG:urllib3.connectionpool:http://192.168.9.1:80 "GET /api/led/circle-switch HTTP/1.1" 200 88
INFO:huawei_lte.router:GET http://192.168.9.1/api/led/circle-switch 200
DEBUG:huawei_lte.router:------------ RESPONSE to http://192.168.9.1/api/led/circle-switch -------------
DEBUG:huawei_lte.router:-- HEADERS --
DEBUG:huawei_lte.router:{'Content-Length': '88', 'X-XSS-Protection': '1; mode=block', 'Content-Security-Policy': "default-src 'self' 'unsafe-inline' 'unsafe-eval'", 'X-Download-Options': 'noopen', 'X-Content-Type-Options': 'nosniff', 'Connection': 'Keep-Alive', 'Pragma': 'no-cache', 'Cache-Control': 'no-cache, no-store, max-age=0, must-revalidate', 'Date': 'Mon, 18 May 2020 08:09:33 GMT', 'X-Frame-Options': 'SAMEORIGIN', 'Content-Type': 'text/html'}
DEBUG:huawei_lte.router:-------------
DEBUG:huawei_lte.router:-- DATA --
DEBUG:huawei_lte.router:<?xml version="1.0" encoding="UTF-8"?>
<error>
<code>100006</code>
<message/>
</error>

DEBUG:huawei_lte.router:-------------
DEBUG:huawei_lte.router:------------ REQUEST to http://192.168.9.1/api/webserver/token -------------
DEBUG:huawei_lte.router:-- HEADERS --
DEBUG:huawei_lte.router:None
DEBUG:huawei_lte.router:-------------
DEBUG:urllib3.connectionpool:http://192.168.9.1:80 "GET /api/webserver/token HTTP/1.1" 200 138
INFO:huawei_lte.router:GET http://192.168.9.1/api/webserver/token 200
DEBUG:huawei_lte.router:------------ RESPONSE to http://192.168.9.1/api/webserver/token -------------
DEBUG:huawei_lte.router:-- HEADERS --
DEBUG:huawei_lte.router:{'Content-Length': '138', 'X-XSS-Protection': '1; mode=block', 'Content-Security-Policy': "default-src 'self' 'unsafe-inline' 'unsafe-eval'", 'X-Download-Options': 'noopen', 'X-Content-Type-Options': 'nosniff', 'Connection': 'Keep-Alive', 'Pragma': 'no-cache', 'Cache-Control': 'no-cache, no-store, max-age=0, must-revalidate', 'Date': 'Mon, 18 May 2020 08:09:33 GMT', 'X-Frame-Options': 'SAMEORIGIN', 'Content-Type': 'text/html'}
DEBUG:huawei_lte.router:-------------
DEBUG:huawei_lte.router:-- DATA --
DEBUG:huawei_lte.router:<?xml version="1.0" encoding="UTF-8"?><response><token>6qaCd543PLNnKLypJikU08ViQPvDqSbDgaGtHv4jTR7l07xh0qrsXIG2iVYKyhJF</token></response>
DEBUG:huawei_lte.router:-------------
DEBUG:huawei_lte.router:------------ REQUEST to http://192.168.9.1/api/security/bridgemode -------------
DEBUG:huawei_lte.router:-- HEADERS --
DEBUG:huawei_lte.router:{'__RequestVerificationToken': 'gaGtHv4jTR7l07xh0qrsXIG2iVYKyhJF', 'Content-type': 'application/x-www-form-urlencoded; charset=UTF-8'}
DEBUG:huawei_lte.router:-------------
DEBUG:urllib3.connectionpool:http://192.168.9.1:80 "GET /api/security/bridgemode HTTP/1.1" 200 167
INFO:huawei_lte.router:GET http://192.168.9.1/api/security/bridgemode 200
DEBUG:huawei_lte.router:------------ RESPONSE to http://192.168.9.1/api/security/bridgemode -------------
DEBUG:huawei_lte.router:-- HEADERS --
DEBUG:huawei_lte.router:{'Content-Length': '167', 'X-XSS-Protection': '1; mode=block', 'Content-Security-Policy': "default-src 'self' 'unsafe-inline' 'unsafe-eval'", 'X-Download-Options': 'noopen', 'X-Content-Type-Options': 'nosniff', 'Connection': 'Keep-Alive', 'Pragma': 'no-cache', 'Cache-Control': 'no-cache, no-store, max-age=0, must-revalidate', 'Date': 'Mon, 18 May 2020 08:09:33 GMT', 'X-Frame-Options': 'SAMEORIGIN', 'Content-Type': 'text/html'}
DEBUG:huawei_lte.router:-------------
DEBUG:huawei_lte.router:-- DATA --
DEBUG:huawei_lte.router:<?xml version="1.0" encoding="UTF-8"?><response><bridgemode>0</bridgemode><cwmpshareinternet>0</cwmpshareinternet><voiceshareinternet>0</voiceshareinternet></response>
DEBUG:huawei_lte.router:-------------
DEBUG:huawei_lte.router:------------ REQUEST to http://192.168.9.1/api/webserver/token -------------
DEBUG:huawei_lte.router:-- HEADERS --
DEBUG:huawei_lte.router:None
DEBUG:huawei_lte.router:-------------
DEBUG:urllib3.connectionpool:http://192.168.9.1:80 "GET /api/webserver/token HTTP/1.1" 200 138
INFO:huawei_lte.router:GET http://192.168.9.1/api/webserver/token 200
DEBUG:huawei_lte.router:------------ RESPONSE to http://192.168.9.1/api/webserver/token -------------
DEBUG:huawei_lte.router:-- HEADERS --
DEBUG:huawei_lte.router:{'Content-Length': '138', 'X-XSS-Protection': '1; mode=block', 'Content-Security-Policy': "default-src 'self' 'unsafe-inline' 'unsafe-eval'", 'X-Download-Options': 'noopen', 'X-Content-Type-Options': 'nosniff', 'Connection': 'Keep-Alive', 'Pragma': 'no-cache', 'Cache-Control': 'no-cache, no-store, max-age=0, must-revalidate', 'Date': 'Mon, 18 May 2020 08:09:33 GMT', 'X-Frame-Options': 'SAMEORIGIN', 'Content-Type': 'text/html'}
DEBUG:huawei_lte.router:-------------
DEBUG:huawei_lte.router:-- DATA --
DEBUG:huawei_lte.router:<?xml version="1.0" encoding="UTF-8"?><response><token>b4hqWloBOctd2KCbhkR012oOQEH5PFXvEJ35x0cAsG4iHN4Whpt1u7aJmKmI4aHe</token></response>
DEBUG:huawei_lte.router:-------------
DEBUG:huawei_lte.router:------------ REQUEST to http://192.168.9.1/api/security/bridgemode -------------
DEBUG:huawei_lte.router:-- HEADERS --
DEBUG:huawei_lte.router:{'__RequestVerificationToken': 'EJ35x0cAsG4iHN4Whpt1u7aJmKmI4aHe', 'Content-type': 'application/x-www-form-urlencoded; charset=UTF-8'}
DEBUG:huawei_lte.router:-------------
DEBUG:urllib3.connectionpool:http://192.168.9.1:80 "GET /api/security/bridgemode HTTP/1.1" 200 167
INFO:huawei_lte.router:GET http://192.168.9.1/api/security/bridgemode 200
DEBUG:huawei_lte.router:------------ RESPONSE to http://192.168.9.1/api/security/bridgemode -------------
DEBUG:huawei_lte.router:-- HEADERS --
DEBUG:huawei_lte.router:{'Content-Length': '167', 'X-XSS-Protection': '1; mode=block', 'Content-Security-Policy': "default-src 'self' 'unsafe-inline' 'unsafe-eval'", 'X-Download-Options': 'noopen', 'X-Content-Type-Options': 'nosniff', 'Connection': 'Keep-Alive', 'Pragma': 'no-cache', 'Cache-Control': 'no-cache, no-store, max-age=0, must-revalidate', 'Date': 'Mon, 18 May 2020 08:09:33 GMT', 'X-Frame-Options': 'SAMEORIGIN', 'Content-Type': 'text/html'}
DEBUG:huawei_lte.router:-------------
DEBUG:huawei_lte.router:-- DATA --
DEBUG:huawei_lte.router:<?xml version="1.0" encoding="UTF-8"?><response><bridgemode>0</bridgemode><cwmpshareinternet>0</cwmpshareinternet><voiceshareinternet>0</voiceshareinternet></response>
DEBUG:huawei_lte.router:-------------
DEBUG:huawei_lte.router:------------ REQUEST to http://192.168.9.1/api/webserver/token -------------
DEBUG:huawei_lte.router:-- HEADERS --
DEBUG:huawei_lte.router:None
DEBUG:huawei_lte.router:-------------
DEBUG:urllib3.connectionpool:http://192.168.9.1:80 "GET /api/webserver/token HTTP/1.1" 200 138
INFO:huawei_lte.router:GET http://192.168.9.1/api/webserver/token 200
DEBUG:huawei_lte.router:------------ RESPONSE to http://192.168.9.1/api/webserver/token -------------
DEBUG:huawei_lte.router:-- HEADERS --
DEBUG:huawei_lte.router:{'Content-Length': '138', 'X-XSS-Protection': '1; mode=block', 'Content-Security-Policy': "default-src 'self' 'unsafe-inline' 'unsafe-eval'", 'X-Download-Options': 'noopen', 'X-Content-Type-Options': 'nosniff', 'Connection': 'Keep-Alive', 'Pragma': 'no-cache', 'Cache-Control': 'no-cache, no-store, max-age=0, must-revalidate', 'Date': 'Mon, 18 May 2020 08:09:33 GMT', 'X-Frame-Options': 'SAMEORIGIN', 'Content-Type': 'text/html'}
DEBUG:huawei_lte.router:-------------
DEBUG:huawei_lte.router:-- DATA --
DEBUG:huawei_lte.router:<?xml version="1.0" encoding="UTF-8"?><response><token>uhNyjO0esh92XHO0st0zHfraFOQ27ikHUjeWR2BQ0iu8nG49YVZ40taT7DxhP3mS</token></response>
DEBUG:huawei_lte.router:-------------
DEBUG:huawei_lte.router:------------ REQUEST to http://192.168.9.1/api/net/net-mode -------------
DEBUG:huawei_lte.router:-- HEADERS --
DEBUG:huawei_lte.router:{'__RequestVerificationToken': 'UjeWR2BQ0iu8nG49YVZ40taT7DxhP3mS', 'Content-type': 'application/x-www-form-urlencoded; charset=UTF-8'}
DEBUG:huawei_lte.router:-------------
DEBUG:urllib3.connectionpool:http://192.168.9.1:80 "GET /api/net/net-mode HTTP/1.1" 200 173
INFO:huawei_lte.router:GET http://192.168.9.1/api/net/net-mode 200
DEBUG:huawei_lte.router:------------ RESPONSE to http://192.168.9.1/api/net/net-mode -------------
DEBUG:huawei_lte.router:-- HEADERS --
DEBUG:huawei_lte.router:{'Content-Length': '173', 'X-XSS-Protection': '1; mode=block', 'Content-Security-Policy': "default-src 'self' 'unsafe-inline' 'unsafe-eval'", 'X-Download-Options': 'noopen', 'X-Content-Type-Options': 'nosniff', 'Connection': 'Keep-Alive', 'Pragma': 'no-cache', 'Cache-Control': 'no-cache, no-store, max-age=0, must-revalidate', 'X-Frame-Options': 'SAMEORIGIN', 'Content-Type': 'text/html'}
DEBUG:huawei_lte.router:-------------
DEBUG:huawei_lte.router:-- DATA --
DEBUG:huawei_lte.router:<?xml version="1.0" encoding="UTF-8"?>
<response>
<NetworkMode>00</NetworkMode>
<NetworkBand>100200000CE80380</NetworkBand>
<LTEBand>1A08A0C00DF</LTEBand>
</response>

DEBUG:huawei_lte.router:-------------
DEBUG:huawei_lte.router:------------ REQUEST to http://192.168.9.1/api/webserver/token -------------
DEBUG:huawei_lte.router:-- HEADERS --
DEBUG:huawei_lte.router:None
DEBUG:huawei_lte.router:-------------
DEBUG:urllib3.connectionpool:http://192.168.9.1:80 "GET /api/webserver/token HTTP/1.1" 200 138
INFO:huawei_lte.router:GET http://192.168.9.1/api/webserver/token 200
DEBUG:huawei_lte.router:------------ RESPONSE to http://192.168.9.1/api/webserver/token -------------
DEBUG:huawei_lte.router:-- HEADERS --
DEBUG:huawei_lte.router:{'Content-Length': '138', 'X-XSS-Protection': '1; mode=block', 'Content-Security-Policy': "default-src 'self' 'unsafe-inline' 'unsafe-eval'", 'X-Download-Options': 'noopen', 'X-Content-Type-Options': 'nosniff', 'Connection': 'Keep-Alive', 'Pragma': 'no-cache', 'Cache-Control': 'no-cache, no-store, max-age=0, must-revalidate', 'Date': 'Mon, 18 May 2020 08:09:33 GMT', 'X-Frame-Options': 'SAMEORIGIN', 'Content-Type': 'text/html'}
DEBUG:huawei_lte.router:-------------
DEBUG:huawei_lte.router:-- DATA --
DEBUG:huawei_lte.router:<?xml version="1.0" encoding="UTF-8"?><response><token>6n4qs70FK46SOxeAd038Js1A4qBm0IX1qr4sqGyW5o2PinfEF0oiYRKkmn0DbYKG</token></response>
DEBUG:huawei_lte.router:-------------
DEBUG:huawei_lte.router:------------ REQUEST to http://192.168.9.1/api/net/net-mode -------------
DEBUG:huawei_lte.router:-- HEADERS --
DEBUG:huawei_lte.router:{'__RequestVerificationToken': 'qr4sqGyW5o2PinfEF0oiYRKkmn0DbYKG', 'Content-type': 'application/x-www-form-urlencoded; charset=UTF-8'}
DEBUG:huawei_lte.router:-------------
DEBUG:urllib3.connectionpool:http://192.168.9.1:80 "GET /api/net/net-mode HTTP/1.1" 200 173
INFO:huawei_lte.router:GET http://192.168.9.1/api/net/net-mode 200
DEBUG:huawei_lte.router:------------ RESPONSE to http://192.168.9.1/api/net/net-mode -------------
DEBUG:huawei_lte.router:-- HEADERS --
DEBUG:huawei_lte.router:{'Content-Length': '173', 'X-XSS-Protection': '1; mode=block', 'Content-Security-Policy': "default-src 'self' 'unsafe-inline' 'unsafe-eval'", 'X-Download-Options': 'noopen', 'X-Content-Type-Options': 'nosniff', 'Connection': 'Keep-Alive', 'Pragma': 'no-cache', 'Cache-Control': 'no-cache, no-store, max-age=0, must-revalidate', 'X-Frame-Options': 'SAMEORIGIN', 'Content-Type': 'text/html'}
DEBUG:huawei_lte.router:-------------
DEBUG:huawei_lte.router:-- DATA --
DEBUG:huawei_lte.router:<?xml version="1.0" encoding="UTF-8"?>
<response>
<NetworkMode>00</NetworkMode>
<NetworkBand>100200000CE80380</NetworkBand>
<LTEBand>1A08A0C00DF</LTEBand>
</response>

DEBUG:huawei_lte.router:-------------
DEBUG:huawei_lte.router:------------ REQUEST to http://192.168.9.1/api/webserver/token -------------
DEBUG:huawei_lte.router:-- HEADERS --
DEBUG:huawei_lte.router:None
DEBUG:huawei_lte.router:-------------
DEBUG:urllib3.connectionpool:http://192.168.9.1:80 "GET /api/webserver/token HTTP/1.1" 200 138
INFO:huawei_lte.router:GET http://192.168.9.1/api/webserver/token 200
DEBUG:huawei_lte.router:------------ RESPONSE to http://192.168.9.1/api/webserver/token -------------
DEBUG:huawei_lte.router:-- HEADERS --
DEBUG:huawei_lte.router:{'Content-Length': '138', 'X-XSS-Protection': '1; mode=block', 'Content-Security-Policy': "default-src 'self' 'unsafe-inline' 'unsafe-eval'", 'X-Download-Options': 'noopen', 'X-Content-Type-Options': 'nosniff', 'Connection': 'Keep-Alive', 'Pragma': 'no-cache', 'Cache-Control': 'no-cache, no-store, max-age=0, must-revalidate', 'Date': 'Mon, 18 May 2020 08:09:33 GMT', 'X-Frame-Options': 'SAMEORIGIN', 'Content-Type': 'text/html'}
DEBUG:huawei_lte.router:-------------
DEBUG:huawei_lte.router:-- DATA --
DEBUG:huawei_lte.router:<?xml version="1.0" encoding="UTF-8"?><response><token>7bZd8tsQfg3mtYK3YcHIrtx9Pa87456RAAygqJwq1UjaD2nG0bj4xqeLNvNTBGUb</token></response>
DEBUG:huawei_lte.router:-------------
DEBUG:huawei_lte.router:------------ REQUEST to http://192.168.9.1/api/net/net-mode-list -------------
DEBUG:huawei_lte.router:-- HEADERS --
DEBUG:huawei_lte.router:{'__RequestVerificationToken': 'AAygqJwq1UjaD2nG0bj4xqeLNvNTBGUb', 'Content-type': 'application/x-www-form-urlencoded; charset=UTF-8'}
DEBUG:huawei_lte.router:-------------
DEBUG:urllib3.connectionpool:http://192.168.9.1:80 "GET /api/net/net-mode-list HTTP/1.1" 200 1201
INFO:huawei_lte.router:GET http://192.168.9.1/api/net/net-mode-list 200
DEBUG:huawei_lte.router:------------ RESPONSE to http://192.168.9.1/api/net/net-mode-list -------------
DEBUG:huawei_lte.router:-- HEADERS --
DEBUG:huawei_lte.router:{'Content-Length': '1201', 'X-XSS-Protection': '1; mode=block', 'Content-Security-Policy': "default-src 'self' 'unsafe-inline' 'unsafe-eval'", 'X-Download-Options': 'noopen', 'X-Content-Type-Options': 'nosniff', 'Connection': 'Keep-Alive', 'Pragma': 'no-cache', 'Cache-Control': 'no-cache, no-store, max-age=0, must-revalidate', 'X-Frame-Options': 'SAMEORIGIN', 'Content-Type': 'text/html'}
DEBUG:huawei_lte.router:-------------
DEBUG:huawei_lte.router:-- DATA --
DEBUG:huawei_lte.router:<?xml version="1.0" encoding="UTF-8"?>
<response>
<AccessList>
<Access>00</Access>
<Access>01</Access>
<Access>02</Access>
<Access>03</Access>
</AccessList>
<BandList>
<Band>
<Name>GSM900&#x2F;GSM1800&#x2F;WCDMA BCVI&#x2F;WCDMA BCVIII&#x2F;WCDMA BCI&#x2F;WCDMA BCXIX</Name>
<Value>1002000008400380</Value>
</Band>
<Band>
<Name>GSM850&#x2F;GSM1900&#x2F;WCDMA BCV&#x2F;WCDMA BCII</Name>
<Value>4a80000</Value>
</Band>
<Band>
<Name>All bands</Name>
<Value>3fffffff</Value>
</Band>
</BandList>
<LTEBandList>
<LTEBand>
<Name>B1 &#40;FDD 2100MHz&#41;</Name>
<Value>1</Value>
</LTEBand>
<LTEBand>
<Name>B2 &#40;FDD 1900MHz&#41;</Name>
<Value>2</Value>
</LTEBand>
<LTEBand>
<Name>B3 &#40;FDD 1800MHz&#41;</Name>
<Value>4</Value>
</LTEBand>
<LTEBand>
<Name>B4 &#40;FDD 1700MHz&#41;</Name>
<Value>8</Value>
</LTEBand>
<LTEBand>
<Name>B5 &#40;FDD 850MHz&#41;</Name>
<Value>10</Value>
</LTEBand>
<LTEBand>
<Name>B7 &#40;FDD 2600MHz&#41;</Name>
<Value>40</Value>
</LTEBand>
<LTEBand>
<Name>B8 &#40;FDD 900MHz&#41;</Name>
<Value>80</Value>
</LTEBand>
<LTEBand>
<Name>B19 &#40;FDD 850MHz&#41;</Name>
<Value>40000</Value>
</LTEBand>
</LTEBandList>
</response>

DEBUG:huawei_lte.router:-------------
DEBUG:huawei_lte.router:------------ REQUEST to http://192.168.9.1/api/webserver/token -------------
DEBUG:huawei_lte.router:-- HEADERS --
DEBUG:huawei_lte.router:None
DEBUG:huawei_lte.router:-------------
DEBUG:urllib3.connectionpool:http://192.168.9.1:80 "GET /api/webserver/token HTTP/1.1" 200 138
INFO:huawei_lte.router:GET http://192.168.9.1/api/webserver/token 200
DEBUG:huawei_lte.router:------------ RESPONSE to http://192.168.9.1/api/webserver/token -------------
DEBUG:huawei_lte.router:-- HEADERS --
DEBUG:huawei_lte.router:{'Content-Length': '138', 'X-XSS-Protection': '1; mode=block', 'Content-Security-Policy': "default-src 'self' 'unsafe-inline' 'unsafe-eval'", 'X-Download-Options': 'noopen', 'X-Content-Type-Options': 'nosniff', 'Connection': 'Keep-Alive', 'Pragma': 'no-cache', 'Cache-Control': 'no-cache, no-store, max-age=0, must-revalidate', 'Date': 'Mon, 18 May 2020 08:09:33 GMT', 'X-Frame-Options': 'SAMEORIGIN', 'Content-Type': 'text/html'}
DEBUG:huawei_lte.router:-------------
DEBUG:huawei_lte.router:-- DATA --
DEBUG:huawei_lte.router:<?xml version="1.0" encoding="UTF-8"?><response><token>cyl2jyQKvOkq5xFiRT20q047nzO9bZM0syIId5XRxW4qrpIKebEK4246dTVaW2Us</token></response>
DEBUG:huawei_lte.router:-------------
DEBUG:huawei_lte.router:------------ REQUEST to http://192.168.9.1/api/net/net-mode-list -------------
DEBUG:huawei_lte.router:-- HEADERS --
DEBUG:huawei_lte.router:{'__RequestVerificationToken': 'syIId5XRxW4qrpIKebEK4246dTVaW2Us', 'Content-type': 'application/x-www-form-urlencoded; charset=UTF-8'}
DEBUG:huawei_lte.router:-------------
DEBUG:urllib3.connectionpool:http://192.168.9.1:80 "GET /api/net/net-mode-list HTTP/1.1" 200 1201
INFO:huawei_lte.router:GET http://192.168.9.1/api/net/net-mode-list 200
DEBUG:huawei_lte.router:------------ RESPONSE to http://192.168.9.1/api/net/net-mode-list -------------
DEBUG:huawei_lte.router:-- HEADERS --
DEBUG:huawei_lte.router:{'Content-Length': '1201', 'X-XSS-Protection': '1; mode=block', 'Content-Security-Policy': "default-src 'self' 'unsafe-inline' 'unsafe-eval'", 'X-Download-Options': 'noopen', 'X-Content-Type-Options': 'nosniff', 'Connection': 'Keep-Alive', 'Pragma': 'no-cache', 'Cache-Control': 'no-cache, no-store, max-age=0, must-revalidate', 'X-Frame-Options': 'SAMEORIGIN', 'Content-Type': 'text/html'}
DEBUG:huawei_lte.router:-------------
DEBUG:huawei_lte.router:-- DATA --
DEBUG:huawei_lte.router:<?xml version="1.0" encoding="UTF-8"?>
<response>
<AccessList>
<Access>00</Access>
<Access>01</Access>
<Access>02</Access>
<Access>03</Access>
</AccessList>
<BandList>
<Band>
<Name>GSM900&#x2F;GSM1800&#x2F;WCDMA BCVI&#x2F;WCDMA BCVIII&#x2F;WCDMA BCI&#x2F;WCDMA BCXIX</Name>
<Value>1002000008400380</Value>
</Band>
<Band>
<Name>GSM850&#x2F;GSM1900&#x2F;WCDMA BCV&#x2F;WCDMA BCII</Name>
<Value>4a80000</Value>
</Band>
<Band>
<Name>All bands</Name>
<Value>3fffffff</Value>
</Band>
</BandList>
<LTEBandList>
<LTEBand>
<Name>B1 &#40;FDD 2100MHz&#41;</Name>
<Value>1</Value>
</LTEBand>
<LTEBand>
<Name>B2 &#40;FDD 1900MHz&#41;</Name>
<Value>2</Value>
</LTEBand>
<LTEBand>
<Name>B3 &#40;FDD 1800MHz&#41;</Name>
<Value>4</Value>
</LTEBand>
<LTEBand>
<Name>B4 &#40;FDD 1700MHz&#41;</Name>
<Value>8</Value>
</LTEBand>
<LTEBand>
<Name>B5 &#40;FDD 850MHz&#41;</Name>
<Value>10</Value>
</LTEBand>
<LTEBand>
<Name>B7 &#40;FDD 2600MHz&#41;</Name>
<Value>40</Value>
</LTEBand>
<LTEBand>
<Name>B8 &#40;FDD 900MHz&#41;</Name>
<Value>80</Value>
</LTEBand>
<LTEBand>
<Name>B19 &#40;FDD 850MHz&#41;</Name>
<Value>40000</Value>
</LTEBand>
</LTEBandList>
</response>

DEBUG:huawei_lte.router:-------------
DEBUG:huawei_lte.router:------------ REQUEST to http://192.168.9.1/api/webserver/token -------------
DEBUG:huawei_lte.router:-- HEADERS --
DEBUG:huawei_lte.router:None
DEBUG:huawei_lte.router:-------------
DEBUG:urllib3.connectionpool:http://192.168.9.1:80 "GET /api/webserver/token HTTP/1.1" 200 138
INFO:huawei_lte.router:GET http://192.168.9.1/api/webserver/token 200
DEBUG:huawei_lte.router:------------ RESPONSE to http://192.168.9.1/api/webserver/token -------------
DEBUG:huawei_lte.router:-- HEADERS --
DEBUG:huawei_lte.router:{'Content-Length': '138', 'X-XSS-Protection': '1; mode=block', 'Content-Security-Policy': "default-src 'self' 'unsafe-inline' 'unsafe-eval'", 'X-Download-Options': 'noopen', 'X-Content-Type-Options': 'nosniff', 'Connection': 'Keep-Alive', 'Pragma': 'no-cache', 'Cache-Control': 'no-cache, no-store, max-age=0, must-revalidate', 'Date': 'Mon, 18 May 2020 08:09:33 GMT', 'X-Frame-Options': 'SAMEORIGIN', 'Content-Type': 'text/html'}
DEBUG:huawei_lte.router:-------------
DEBUG:huawei_lte.router:-- DATA --
DEBUG:huawei_lte.router:<?xml version="1.0" encoding="UTF-8"?><response><token>H4nl1ctL040VsLASQ6xeHVwk7H0pHyxiddPUeS3KtKzjk0s1EYBGw0x21R80N0K7</token></response>
DEBUG:huawei_lte.router:-------------
DEBUG:huawei_lte.router:------------ REQUEST to http://192.168.9.1/api/security/mac-filter -------------
DEBUG:huawei_lte.router:-- HEADERS --
DEBUG:huawei_lte.router:{'__RequestVerificationToken': 'ddPUeS3KtKzjk0s1EYBGw0x21R80N0K7', 'Content-type': 'application/x-www-form-urlencoded; charset=UTF-8'}
DEBUG:huawei_lte.router:-------------
DEBUG:urllib3.connectionpool:http://192.168.9.1:80 "GET /api/security/mac-filter HTTP/1.1" 200 102
INFO:huawei_lte.router:GET http://192.168.9.1/api/security/mac-filter 200
DEBUG:huawei_lte.router:------------ RESPONSE to http://192.168.9.1/api/security/mac-filter -------------
DEBUG:huawei_lte.router:-- HEADERS --
DEBUG:huawei_lte.router:{'Content-Length': '102', 'X-XSS-Protection': '1; mode=block', 'Content-Security-Policy': "default-src 'self' 'unsafe-inline' 'unsafe-eval'", 'X-Download-Options': 'noopen', 'X-Content-Type-Options': 'nosniff', 'Connection': 'Keep-Alive', 'Pragma': 'no-cache', 'Cache-Control': 'no-cache, no-store, max-age=0, must-revalidate', 'Date': 'Mon, 18 May 2020 08:09:33 GMT', 'X-Frame-Options': 'SAMEORIGIN', 'Content-Type': 'text/html'}
DEBUG:huawei_lte.router:-------------
DEBUG:huawei_lte.router:-- DATA --
DEBUG:huawei_lte.router:<?xml version="1.0" encoding="UTF-8"?><response><macfilters></macfilters><policy>2</policy></response>
DEBUG:huawei_lte.router:-------------
DEBUG:huawei_lte.router:------------ REQUEST to http://192.168.9.1/api/webserver/token -------------
DEBUG:huawei_lte.router:-- HEADERS --
DEBUG:huawei_lte.router:None
DEBUG:huawei_lte.router:-------------
DEBUG:urllib3.connectionpool:http://192.168.9.1:80 "GET /api/webserver/token HTTP/1.1" 200 138
INFO:huawei_lte.router:GET http://192.168.9.1/api/webserver/token 200
DEBUG:huawei_lte.router:------------ RESPONSE to http://192.168.9.1/api/webserver/token -------------
DEBUG:huawei_lte.router:-- HEADERS --
DEBUG:huawei_lte.router:{'Content-Length': '138', 'X-XSS-Protection': '1; mode=block', 'Content-Security-Policy': "default-src 'self' 'unsafe-inline' 'unsafe-eval'", 'X-Download-Options': 'noopen', 'X-Content-Type-Options': 'nosniff', 'Connection': 'Keep-Alive', 'Pragma': 'no-cache', 'Cache-Control': 'no-cache, no-store, max-age=0, must-revalidate', 'Date': 'Mon, 18 May 2020 08:09:33 GMT', 'X-Frame-Options': 'SAMEORIGIN', 'Content-Type': 'text/html'}
DEBUG:huawei_lte.router:-------------
DEBUG:huawei_lte.router:-- DATA --
DEBUG:huawei_lte.router:<?xml version="1.0" encoding="UTF-8"?><response><token>UYosTGt2pFv5ygZlJT0YQu9w89FwpoHdQuheAKjuu9gtV25UvKTsJ0QyebEyRAM2</token></response>
DEBUG:huawei_lte.router:-------------
DEBUG:huawei_lte.router:------------ REQUEST to http://192.168.9.1/api/security/mac-filter -------------
DEBUG:huawei_lte.router:-- HEADERS --
DEBUG:huawei_lte.router:{'__RequestVerificationToken': 'QuheAKjuu9gtV25UvKTsJ0QyebEyRAM2', 'Content-type': 'application/x-www-form-urlencoded; charset=UTF-8'}
DEBUG:huawei_lte.router:-------------
DEBUG:urllib3.connectionpool:http://192.168.9.1:80 "GET /api/security/mac-filter HTTP/1.1" 200 102
INFO:huawei_lte.router:GET http://192.168.9.1/api/security/mac-filter 200
DEBUG:huawei_lte.router:------------ RESPONSE to http://192.168.9.1/api/security/mac-filter -------------
DEBUG:huawei_lte.router:-- HEADERS --
DEBUG:huawei_lte.router:{'Content-Length': '102', 'X-XSS-Protection': '1; mode=block', 'Content-Security-Policy': "default-src 'self' 'unsafe-inline' 'unsafe-eval'", 'X-Download-Options': 'noopen', 'X-Content-Type-Options': 'nosniff', 'Connection': 'Keep-Alive', 'Pragma': 'no-cache', 'Cache-Control': 'no-cache, no-store, max-age=0, must-revalidate', 'Date': 'Mon, 18 May 2020 08:09:33 GMT', 'X-Frame-Options': 'SAMEORIGIN', 'Content-Type': 'text/html'}
DEBUG:huawei_lte.router:-------------
DEBUG:huawei_lte.router:-- DATA --
DEBUG:huawei_lte.router:<?xml version="1.0" encoding="UTF-8"?><response><macfilters></macfilters><policy>2</policy></response>
DEBUG:huawei_lte.router:-------------
DEBUG:huawei_lte.router:------------ REQUEST to http://192.168.9.1/api/webserver/token -------------
DEBUG:huawei_lte.router:-- HEADERS --
DEBUG:huawei_lte.router:None
DEBUG:huawei_lte.router:-------------
DEBUG:urllib3.connectionpool:http://192.168.9.1:80 "GET /api/webserver/token HTTP/1.1" 200 138
INFO:huawei_lte.router:GET http://192.168.9.1/api/webserver/token 200
DEBUG:huawei_lte.router:------------ RESPONSE to http://192.168.9.1/api/webserver/token -------------
DEBUG:huawei_lte.router:-- HEADERS --
DEBUG:huawei_lte.router:{'Content-Length': '138', 'X-XSS-Protection': '1; mode=block', 'Content-Security-Policy': "default-src 'self' 'unsafe-inline' 'unsafe-eval'", 'X-Download-Options': 'noopen', 'X-Content-Type-Options': 'nosniff', 'Connection': 'Keep-Alive', 'Pragma': 'no-cache', 'Cache-Control': 'no-cache, no-store, max-age=0, must-revalidate', 'Date': 'Mon, 18 May 2020 08:09:33 GMT', 'X-Frame-Options': 'SAMEORIGIN', 'Content-Type': 'text/html'}
DEBUG:huawei_lte.router:-------------
DEBUG:huawei_lte.router:-- DATA --
DEBUG:huawei_lte.router:<?xml version="1.0" encoding="UTF-8"?><response><token>aWzeNwxQaBe59Od0MumLGDr7h3KtkX5JgKcrQAwRxcpqE9YUjaznBlvQfrqzfmGp</token></response>
DEBUG:huawei_lte.router:-------------
DEBUG:huawei_lte.router:------------ REQUEST to http://192.168.9.1/api/timerule/timerule -------------
DEBUG:huawei_lte.router:-- HEADERS --
DEBUG:huawei_lte.router:{'__RequestVerificationToken': 'gKcrQAwRxcpqE9YUjaznBlvQfrqzfmGp', 'Content-type': 'application/x-www-form-urlencoded; charset=UTF-8'}
DEBUG:huawei_lte.router:-------------
DEBUG:urllib3.connectionpool:http://192.168.9.1:80 "GET /api/timerule/timerule HTTP/1.1" 200 88
INFO:huawei_lte.router:GET http://192.168.9.1/api/timerule/timerule 200
DEBUG:huawei_lte.router:------------ RESPONSE to http://192.168.9.1/api/timerule/timerule -------------
DEBUG:huawei_lte.router:-- HEADERS --
DEBUG:huawei_lte.router:{'Content-Length': '88', 'X-XSS-Protection': '1; mode=block', 'Content-Security-Policy': "default-src 'self' 'unsafe-inline' 'unsafe-eval'", 'X-Download-Options': 'noopen', 'X-Content-Type-Options': 'nosniff', 'Connection': 'Keep-Alive', 'Pragma': 'no-cache', 'Cache-Control': 'no-cache, no-store, max-age=0, must-revalidate', 'Date': 'Mon, 18 May 2020 08:09:33 GMT', 'X-Frame-Options': 'SAMEORIGIN', 'Content-Type': 'text/html'}
DEBUG:huawei_lte.router:-------------
DEBUG:huawei_lte.router:-- DATA --
DEBUG:huawei_lte.router:<?xml version="1.0" encoding="UTF-8"?>
<error>
<code>100006</code>
<message/>
</error>

DEBUG:huawei_lte.router:-------------
DEBUG:huawei_lte.router:------------ REQUEST to http://192.168.9.1/api/webserver/token -------------
DEBUG:huawei_lte.router:-- HEADERS --
DEBUG:huawei_lte.router:None
DEBUG:huawei_lte.router:-------------
DEBUG:urllib3.connectionpool:http://192.168.9.1:80 "GET /api/webserver/token HTTP/1.1" 200 138
INFO:huawei_lte.router:GET http://192.168.9.1/api/webserver/token 200
DEBUG:huawei_lte.router:------------ RESPONSE to http://192.168.9.1/api/webserver/token -------------
DEBUG:huawei_lte.router:-- HEADERS --
DEBUG:huawei_lte.router:{'Content-Length': '138', 'X-XSS-Protection': '1; mode=block', 'Content-Security-Policy': "default-src 'self' 'unsafe-inline' 'unsafe-eval'", 'X-Download-Options': 'noopen', 'X-Content-Type-Options': 'nosniff', 'Connection': 'Keep-Alive', 'Pragma': 'no-cache', 'Cache-Control': 'no-cache, no-store, max-age=0, must-revalidate', 'Date': 'Mon, 18 May 2020 08:09:33 GMT', 'X-Frame-Options': 'SAMEORIGIN', 'Content-Type': 'text/html'}
DEBUG:huawei_lte.router:-------------
DEBUG:huawei_lte.router:-- DATA --
DEBUG:huawei_lte.router:<?xml version="1.0" encoding="UTF-8"?><response><token>0QKACujn0qy16wMc06ZNylgiHkxE3LpgPiKz8VMpcV0mblvNvDJ2qbJMxkWHazLh</token></response>
DEBUG:huawei_lte.router:-------------
DEBUG:huawei_lte.router:------------ REQUEST to http://192.168.9.1/api/monitoring/traffic-statistics -------------
DEBUG:huawei_lte.router:-- HEADERS --
DEBUG:huawei_lte.router:{'__RequestVerificationToken': 'PiKz8VMpcV0mblvNvDJ2qbJMxkWHazLh', 'Content-type': 'application/x-www-form-urlencoded; charset=UTF-8'}
DEBUG:huawei_lte.router:-------------
DEBUG:urllib3.connectionpool:http://192.168.9.1:80 "GET /api/monitoring/traffic-statistics HTTP/1.1" 200 403
INFO:huawei_lte.router:GET http://192.168.9.1/api/monitoring/traffic-statistics 200
DEBUG:huawei_lte.router:------------ RESPONSE to http://192.168.9.1/api/monitoring/traffic-statistics -------------
DEBUG:huawei_lte.router:-- HEADERS --
DEBUG:huawei_lte.router:{'Content-Length': '403', 'X-XSS-Protection': '1; mode=block', 'Content-Security-Policy': "default-src 'self' 'unsafe-inline' 'unsafe-eval'", 'X-Download-Options': 'noopen', 'X-Content-Type-Options': 'nosniff', 'Connection': 'Keep-Alive', 'Pragma': 'no-cache', 'Cache-Control': 'no-cache, no-store, max-age=0, must-revalidate', 'X-Frame-Options': 'SAMEORIGIN', 'Content-Type': 'text/html'}
DEBUG:huawei_lte.router:-------------
DEBUG:huawei_lte.router:-- DATA --
DEBUG:huawei_lte.router:<?xml version="1.0" encoding="UTF-8"?>
<response>
<CurrentConnectTime>0</CurrentConnectTime>
<CurrentUpload>0</CurrentUpload>
<CurrentDownload>0</CurrentDownload>
<CurrentDownloadRate>0</CurrentDownloadRate>
<CurrentUploadRate>0</CurrentUploadRate>
<TotalUpload>312540</TotalUpload>
<TotalDownload>726399</TotalDownload>
<TotalConnectTime>547</TotalConnectTime>
<showtraffic>1</showtraffic>
</response>

DEBUG:huawei_lte.router:-------------
DEBUG:huawei_lte.router:------------ REQUEST to http://192.168.9.1/api/webserver/token -------------
DEBUG:huawei_lte.router:-- HEADERS --
DEBUG:huawei_lte.router:None
DEBUG:huawei_lte.router:-------------
DEBUG:urllib3.connectionpool:http://192.168.9.1:80 "GET /api/webserver/token HTTP/1.1" 200 138
INFO:huawei_lte.router:GET http://192.168.9.1/api/webserver/token 200
DEBUG:huawei_lte.router:------------ RESPONSE to http://192.168.9.1/api/webserver/token -------------
DEBUG:huawei_lte.router:-- HEADERS --
DEBUG:huawei_lte.router:{'Content-Length': '138', 'X-XSS-Protection': '1; mode=block', 'Content-Security-Policy': "default-src 'self' 'unsafe-inline' 'unsafe-eval'", 'X-Download-Options': 'noopen', 'X-Content-Type-Options': 'nosniff', 'Connection': 'Keep-Alive', 'Pragma': 'no-cache', 'Cache-Control': 'no-cache, no-store, max-age=0, must-revalidate', 'Date': 'Mon, 18 May 2020 08:09:33 GMT', 'X-Frame-Options': 'SAMEORIGIN', 'Content-Type': 'text/html'}
DEBUG:huawei_lte.router:-------------
DEBUG:huawei_lte.router:-- DATA --
DEBUG:huawei_lte.router:<?xml version="1.0" encoding="UTF-8"?><response><token>WHZVtzfr2RUI1E0f1WiyN470sckkFtLm3xhqnbSi4Gl1j0r8QyyzW8VWWjB6s73d</token></response>
DEBUG:huawei_lte.router:-------------
DEBUG:huawei_lte.router:------------ REQUEST to http://192.168.9.1/api/monitoring/traffic-statistics -------------
DEBUG:huawei_lte.router:-- HEADERS --
DEBUG:huawei_lte.router:{'__RequestVerificationToken': '3xhqnbSi4Gl1j0r8QyyzW8VWWjB6s73d', 'Content-type': 'application/x-www-form-urlencoded; charset=UTF-8'}
DEBUG:huawei_lte.router:-------------
DEBUG:urllib3.connectionpool:http://192.168.9.1:80 "GET /api/monitoring/traffic-statistics HTTP/1.1" 200 403
INFO:huawei_lte.router:GET http://192.168.9.1/api/monitoring/traffic-statistics 200
DEBUG:huawei_lte.router:------------ RESPONSE to http://192.168.9.1/api/monitoring/traffic-statistics -------------
DEBUG:huawei_lte.router:-- HEADERS --
DEBUG:huawei_lte.router:{'Content-Length': '403', 'X-XSS-Protection': '1; mode=block', 'Content-Security-Policy': "default-src 'self' 'unsafe-inline' 'unsafe-eval'", 'X-Download-Options': 'noopen', 'X-Content-Type-Options': 'nosniff', 'Connection': 'Keep-Alive', 'Pragma': 'no-cache', 'Cache-Control': 'no-cache, no-store, max-age=0, must-revalidate', 'X-Frame-Options': 'SAMEORIGIN', 'Content-Type': 'text/html'}
DEBUG:huawei_lte.router:-------------
DEBUG:huawei_lte.router:-- DATA --
DEBUG:huawei_lte.router:<?xml version="1.0" encoding="UTF-8"?>
<response>
<CurrentConnectTime>0</CurrentConnectTime>
<CurrentUpload>0</CurrentUpload>
<CurrentDownload>0</CurrentDownload>
<CurrentDownloadRate>0</CurrentDownloadRate>
<CurrentUploadRate>0</CurrentUploadRate>
<TotalUpload>312540</TotalUpload>
<TotalDownload>726399</TotalDownload>
<TotalConnectTime>547</TotalConnectTime>
<showtraffic>1</showtraffic>
</response>

DEBUG:huawei_lte.router:-------------
DEBUG:huawei_lte.router:------------ REQUEST to http://192.168.9.1/api/webserver/token -------------
DEBUG:huawei_lte.router:-- HEADERS --
DEBUG:huawei_lte.router:None
DEBUG:huawei_lte.router:-------------
DEBUG:urllib3.connectionpool:http://192.168.9.1:80 "GET /api/webserver/token HTTP/1.1" 200 138
INFO:huawei_lte.router:GET http://192.168.9.1/api/webserver/token 200
DEBUG:huawei_lte.router:------------ RESPONSE to http://192.168.9.1/api/webserver/token -------------
DEBUG:huawei_lte.router:-- HEADERS --
DEBUG:huawei_lte.router:{'Content-Length': '138', 'X-XSS-Protection': '1; mode=block', 'Content-Security-Policy': "default-src 'self' 'unsafe-inline' 'unsafe-eval'", 'X-Download-Options': 'noopen', 'X-Content-Type-Options': 'nosniff', 'Connection': 'Keep-Alive', 'Pragma': 'no-cache', 'Cache-Control': 'no-cache, no-store, max-age=0, must-revalidate', 'Date': 'Mon, 18 May 2020 08:09:33 GMT', 'X-Frame-Options': 'SAMEORIGIN', 'Content-Type': 'text/html'}
DEBUG:huawei_lte.router:-------------
DEBUG:huawei_lte.router:-- DATA --
DEBUG:huawei_lte.router:<?xml version="1.0" encoding="UTF-8"?><response><token>Zq3WnSsWDdngXdCjl1Z6xevj6VqCQSFOQMX1sPRXecMNBvl0M6FVhBjF8ULLNCIW</token></response>
DEBUG:huawei_lte.router:-------------
DEBUG:huawei_lte.router:------------ REQUEST to http://192.168.9.1/api/monitoring/month_statistics -------------
DEBUG:huawei_lte.router:-- HEADERS --
DEBUG:huawei_lte.router:{'__RequestVerificationToken': 'QMX1sPRXecMNBvl0M6FVhBjF8ULLNCIW', 'Content-type': 'application/x-www-form-urlencoded; charset=UTF-8'}
DEBUG:huawei_lte.router:-------------
DEBUG:urllib3.connectionpool:http://192.168.9.1:80 "GET /api/monitoring/month_statistics HTTP/1.1" 200 314
INFO:huawei_lte.router:GET http://192.168.9.1/api/monitoring/month_statistics 200
DEBUG:huawei_lte.router:------------ RESPONSE to http://192.168.9.1/api/monitoring/month_statistics -------------
DEBUG:huawei_lte.router:-- HEADERS --
DEBUG:huawei_lte.router:{'Content-Length': '314', 'X-XSS-Protection': '1; mode=block', 'Content-Security-Policy': "default-src 'self' 'unsafe-inline' 'unsafe-eval'", 'X-Download-Options': 'noopen', 'X-Content-Type-Options': 'nosniff', 'Connection': 'Keep-Alive', 'Pragma': 'no-cache', 'Cache-Control': 'no-cache, no-store, max-age=0, must-revalidate', 'X-Frame-Options': 'SAMEORIGIN', 'Content-Type': 'text/html'}
DEBUG:huawei_lte.router:-------------
DEBUG:huawei_lte.router:-- DATA --
DEBUG:huawei_lte.router:<?xml version="1.0" encoding="UTF-8"?>
<response>
<CurrentMonthDownload>0</CurrentMonthDownload>
<CurrentMonthUpload>0</CurrentMonthUpload>
<MonthDuration>0</MonthDuration>
<MonthLastClearTime>2020-5-18</MonthLastClearTime>
<CurrentDayUsed>0</CurrentDayUsed>
<CurrentDayDuration>0</CurrentDayDuration>
</response>

DEBUG:huawei_lte.router:-------------
DEBUG:huawei_lte.router:------------ REQUEST to http://192.168.9.1/api/webserver/token -------------
DEBUG:huawei_lte.router:-- HEADERS --
DEBUG:huawei_lte.router:None
DEBUG:huawei_lte.router:-------------
DEBUG:urllib3.connectionpool:http://192.168.9.1:80 "GET /api/webserver/token HTTP/1.1" 200 138
INFO:huawei_lte.router:GET http://192.168.9.1/api/webserver/token 200
DEBUG:huawei_lte.router:------------ RESPONSE to http://192.168.9.1/api/webserver/token -------------
DEBUG:huawei_lte.router:-- HEADERS --
DEBUG:huawei_lte.router:{'Content-Length': '138', 'X-XSS-Protection': '1; mode=block', 'Content-Security-Policy': "default-src 'self' 'unsafe-inline' 'unsafe-eval'", 'X-Download-Options': 'noopen', 'X-Content-Type-Options': 'nosniff', 'Connection': 'Keep-Alive', 'Pragma': 'no-cache', 'Cache-Control': 'no-cache, no-store, max-age=0, must-revalidate', 'Date': 'Mon, 18 May 2020 08:09:33 GMT', 'X-Frame-Options': 'SAMEORIGIN', 'Content-Type': 'text/html'}
DEBUG:huawei_lte.router:-------------
DEBUG:huawei_lte.router:-- DATA --
DEBUG:huawei_lte.router:<?xml version="1.0" encoding="UTF-8"?><response><token>5U41rrw4rZmNtiShpXp7Wk6X7OJQme3coovxpL98pSc3RTa4hJwKripfHEFKe5iC</token></response>
DEBUG:huawei_lte.router:-------------
DEBUG:huawei_lte.router:------------ REQUEST to http://192.168.9.1/api/monitoring/month_statistics -------------
DEBUG:huawei_lte.router:-- HEADERS --
DEBUG:huawei_lte.router:{'__RequestVerificationToken': 'oovxpL98pSc3RTa4hJwKripfHEFKe5iC', 'Content-type': 'application/x-www-form-urlencoded; charset=UTF-8'}
DEBUG:huawei_lte.router:-------------
DEBUG:urllib3.connectionpool:http://192.168.9.1:80 "GET /api/monitoring/month_statistics HTTP/1.1" 200 314
INFO:huawei_lte.router:GET http://192.168.9.1/api/monitoring/month_statistics 200
DEBUG:huawei_lte.router:------------ RESPONSE to http://192.168.9.1/api/monitoring/month_statistics -------------
DEBUG:huawei_lte.router:-- HEADERS --
DEBUG:huawei_lte.router:{'Content-Length': '314', 'X-XSS-Protection': '1; mode=block', 'Content-Security-Policy': "default-src 'self' 'unsafe-inline' 'unsafe-eval'", 'X-Download-Options': 'noopen', 'X-Content-Type-Options': 'nosniff', 'Connection': 'Keep-Alive', 'Pragma': 'no-cache', 'Cache-Control': 'no-cache, no-store, max-age=0, must-revalidate', 'X-Frame-Options': 'SAMEORIGIN', 'Content-Type': 'text/html'}
DEBUG:huawei_lte.router:-------------
DEBUG:huawei_lte.router:-- DATA --
DEBUG:huawei_lte.router:<?xml version="1.0" encoding="UTF-8"?>
<response>
<CurrentMonthDownload>0</CurrentMonthDownload>
<CurrentMonthUpload>0</CurrentMonthUpload>
<MonthDuration>0</MonthDuration>
<MonthLastClearTime>2020-5-18</MonthLastClearTime>
<CurrentDayUsed>0</CurrentDayUsed>
<CurrentDayDuration>0</CurrentDayDuration>
</response>

DEBUG:huawei_lte.router:-------------
DEBUG:huawei_lte.router:------------ REQUEST to http://192.168.9.1/api/webserver/token -------------
DEBUG:huawei_lte.router:-- HEADERS --
DEBUG:huawei_lte.router:None
DEBUG:huawei_lte.router:-------------
DEBUG:urllib3.connectionpool:http://192.168.9.1:80 "GET /api/webserver/token HTTP/1.1" 200 138
INFO:huawei_lte.router:GET http://192.168.9.1/api/webserver/token 200
DEBUG:huawei_lte.router:------------ RESPONSE to http://192.168.9.1/api/webserver/token -------------
DEBUG:huawei_lte.router:-- HEADERS --
DEBUG:huawei_lte.router:{'Content-Length': '138', 'X-XSS-Protection': '1; mode=block', 'Content-Security-Policy': "default-src 'self' 'unsafe-inline' 'unsafe-eval'", 'X-Download-Options': 'noopen', 'X-Content-Type-Options': 'nosniff', 'Connection': 'Keep-Alive', 'Pragma': 'no-cache', 'Cache-Control': 'no-cache, no-store, max-age=0, must-revalidate', 'Date': 'Mon, 18 May 2020 08:09:33 GMT', 'X-Frame-Options': 'SAMEORIGIN', 'Content-Type': 'text/html'}
DEBUG:huawei_lte.router:-------------
DEBUG:huawei_lte.router:-- DATA --
DEBUG:huawei_lte.router:<?xml version="1.0" encoding="UTF-8"?><response><token>jVQTPlomhgnopGJ0NJ5IJKfkc84c06z0PgyvrHSFBgJ08rGrXwogpgs90fPbOhef</token></response>
DEBUG:huawei_lte.router:-------------
DEBUG:huawei_lte.router:------------ REQUEST to http://192.168.9.1/api/monitoring/check-notifications -------------
DEBUG:huawei_lte.router:-- HEADERS --
DEBUG:huawei_lte.router:{'__RequestVerificationToken': 'PgyvrHSFBgJ08rGrXwogpgs90fPbOhef', 'Content-type': 'application/x-www-form-urlencoded; charset=UTF-8'}
DEBUG:huawei_lte.router:-------------
DEBUG:urllib3.connectionpool:http://192.168.9.1:80 "GET /api/monitoring/check-notifications HTTP/1.1" 200 180
INFO:huawei_lte.router:GET http://192.168.9.1/api/monitoring/check-notifications 200
DEBUG:huawei_lte.router:------------ RESPONSE to http://192.168.9.1/api/monitoring/check-notifications -------------
DEBUG:huawei_lte.router:-- HEADERS --
DEBUG:huawei_lte.router:{'Content-Length': '180', 'X-XSS-Protection': '1; mode=block', 'Content-Security-Policy': "default-src 'self' 'unsafe-inline' 'unsafe-eval'", 'X-Download-Options': 'noopen', 'X-Content-Type-Options': 'nosniff', 'Connection': 'Keep-Alive', 'Pragma': 'no-cache', 'Cache-Control': 'no-cache, no-store, max-age=0, must-revalidate', 'X-Frame-Options': 'SAMEORIGIN', 'Content-Type': 'text/html'}
DEBUG:huawei_lte.router:-------------
DEBUG:huawei_lte.router:-- DATA --
DEBUG:huawei_lte.router:<?xml version="1.0" encoding="UTF-8"?>
<response>
<UnreadMessage>0</UnreadMessage>
<SmsStorageFull>0</SmsStorageFull>
<OnlineUpdateStatus>14</OnlineUpdateStatus>
</response>

DEBUG:huawei_lte.router:-------------
DEBUG:huawei_lte.router:------------ REQUEST to http://192.168.9.1/api/webserver/token -------------
DEBUG:huawei_lte.router:-- HEADERS --
DEBUG:huawei_lte.router:None
DEBUG:huawei_lte.router:-------------
DEBUG:urllib3.connectionpool:http://192.168.9.1:80 "GET /api/webserver/token HTTP/1.1" 200 138
INFO:huawei_lte.router:GET http://192.168.9.1/api/webserver/token 200
DEBUG:huawei_lte.router:------------ RESPONSE to http://192.168.9.1/api/webserver/token -------------
DEBUG:huawei_lte.router:-- HEADERS --
DEBUG:huawei_lte.router:{'Content-Length': '138', 'X-XSS-Protection': '1; mode=block', 'Content-Security-Policy': "default-src 'self' 'unsafe-inline' 'unsafe-eval'", 'X-Download-Options': 'noopen', 'X-Content-Type-Options': 'nosniff', 'Connection': 'Keep-Alive', 'Pragma': 'no-cache', 'Cache-Control': 'no-cache, no-store, max-age=0, must-revalidate', 'Date': 'Mon, 18 May 2020 08:09:33 GMT', 'X-Frame-Options': 'SAMEORIGIN', 'Content-Type': 'text/html'}
DEBUG:huawei_lte.router:-------------
DEBUG:huawei_lte.router:-- DATA --
DEBUG:huawei_lte.router:<?xml version="1.0" encoding="UTF-8"?><response><token>o1mv75QG3qC9eYS22RifDNlKG6TMaFbgmN6JnncR9UYNvfkbhzSIq2Pnxlo4loZs</token></response>
DEBUG:huawei_lte.router:-------------
DEBUG:huawei_lte.router:------------ REQUEST to http://192.168.9.1/api/monitoring/check-notifications -------------
DEBUG:huawei_lte.router:-- HEADERS --
DEBUG:huawei_lte.router:{'__RequestVerificationToken': 'mN6JnncR9UYNvfkbhzSIq2Pnxlo4loZs', 'Content-type': 'application/x-www-form-urlencoded; charset=UTF-8'}
DEBUG:huawei_lte.router:-------------
DEBUG:urllib3.connectionpool:http://192.168.9.1:80 "GET /api/monitoring/check-notifications HTTP/1.1" 200 180
INFO:huawei_lte.router:GET http://192.168.9.1/api/monitoring/check-notifications 200
DEBUG:huawei_lte.router:------------ RESPONSE to http://192.168.9.1/api/monitoring/check-notifications -------------
DEBUG:huawei_lte.router:-- HEADERS --
DEBUG:huawei_lte.router:{'Content-Length': '180', 'X-XSS-Protection': '1; mode=block', 'Content-Security-Policy': "default-src 'self' 'unsafe-inline' 'unsafe-eval'", 'X-Download-Options': 'noopen', 'X-Content-Type-Options': 'nosniff', 'Connection': 'Keep-Alive', 'Pragma': 'no-cache', 'Cache-Control': 'no-cache, no-store, max-age=0, must-revalidate', 'X-Frame-Options': 'SAMEORIGIN', 'Content-Type': 'text/html'}
DEBUG:huawei_lte.router:-------------
DEBUG:huawei_lte.router:-- DATA --
DEBUG:huawei_lte.router:<?xml version="1.0" encoding="UTF-8"?>
<response>
<UnreadMessage>0</UnreadMessage>
<SmsStorageFull>0</SmsStorageFull>
<OnlineUpdateStatus>14</OnlineUpdateStatus>
</response>

DEBUG:huawei_lte.router:-------------
DEBUG:huawei_lte.router:------------ REQUEST to http://192.168.9.1/api/webserver/token -------------
DEBUG:huawei_lte.router:-- HEADERS --
DEBUG:huawei_lte.router:None
DEBUG:huawei_lte.router:-------------
DEBUG:urllib3.connectionpool:http://192.168.9.1:80 "GET /api/webserver/token HTTP/1.1" 200 138
INFO:huawei_lte.router:GET http://192.168.9.1/api/webserver/token 200
DEBUG:huawei_lte.router:------------ RESPONSE to http://192.168.9.1/api/webserver/token -------------
DEBUG:huawei_lte.router:-- HEADERS --
DEBUG:huawei_lte.router:{'Content-Length': '138', 'X-XSS-Protection': '1; mode=block', 'Content-Security-Policy': "default-src 'self' 'unsafe-inline' 'unsafe-eval'", 'X-Download-Options': 'noopen', 'X-Content-Type-Options': 'nosniff', 'Connection': 'Keep-Alive', 'Pragma': 'no-cache', 'Cache-Control': 'no-cache, no-store, max-age=0, must-revalidate', 'Date': 'Mon, 18 May 2020 08:09:33 GMT', 'X-Frame-Options': 'SAMEORIGIN', 'Content-Type': 'text/html'}
DEBUG:huawei_lte.router:-------------
DEBUG:huawei_lte.router:-- DATA --
DEBUG:huawei_lte.router:<?xml version="1.0" encoding="UTF-8"?><response><token>YFdf8wkTYX2z0oA3sXKP0VnxhMnMSZeUCVbkoo3dfQf87NIiIA7lkWEd2FRXm90Z</token></response>
DEBUG:huawei_lte.router:-------------
DEBUG:huawei_lte.router:------------ REQUEST to http://192.168.9.1/api/monitoring/start_date -------------
DEBUG:huawei_lte.router:-- HEADERS --
DEBUG:huawei_lte.router:{'__RequestVerificationToken': 'CVbkoo3dfQf87NIiIA7lkWEd2FRXm90Z', 'Content-type': 'application/x-www-form-urlencoded; charset=UTF-8'}
DEBUG:huawei_lte.router:-------------
DEBUG:urllib3.connectionpool:http://192.168.9.1:80 "GET /api/monitoring/start_date HTTP/1.1" 200 402
INFO:huawei_lte.router:GET http://192.168.9.1/api/monitoring/start_date 200
DEBUG:huawei_lte.router:------------ RESPONSE to http://192.168.9.1/api/monitoring/start_date -------------
DEBUG:huawei_lte.router:-- HEADERS --
DEBUG:huawei_lte.router:{'Content-Length': '402', 'X-XSS-Protection': '1; mode=block', 'Content-Security-Policy': "default-src 'self' 'unsafe-inline' 'unsafe-eval'", 'X-Download-Options': 'noopen', 'X-Content-Type-Options': 'nosniff', 'Connection': 'Keep-Alive', 'Pragma': 'no-cache', 'Cache-Control': 'no-cache, no-store, max-age=0, must-revalidate', 'X-Frame-Options': 'SAMEORIGIN', 'Content-Type': 'text/html'}
DEBUG:huawei_lte.router:-------------
DEBUG:huawei_lte.router:-- DATA --
DEBUG:huawei_lte.router:<?xml version="1.0" encoding="UTF-8"?>
<response>
<StartDay>1</StartDay>
<DataLimit>0MB</DataLimit>
<DataLimitAwoke>0</DataLimitAwoke>
<MonthThreshold>90</MonthThreshold>
<DayThreshold>90</DayThreshold>
<SetMonthData>0</SetMonthData>
<trafficmaxlimit>0</trafficmaxlimit>
<turnoffdataenable>0</turnoffdataenable>
<turnoffdataswitch>0</turnoffdataswitch>
<turnoffdataflag>0</turnoffdataflag>
</response>

DEBUG:huawei_lte.router:-------------
DEBUG:huawei_lte.router:------------ REQUEST to http://192.168.9.1/api/webserver/token -------------
DEBUG:huawei_lte.router:-- HEADERS --
DEBUG:huawei_lte.router:None
DEBUG:huawei_lte.router:-------------
DEBUG:urllib3.connectionpool:http://192.168.9.1:80 "GET /api/webserver/token HTTP/1.1" 200 138
INFO:huawei_lte.router:GET http://192.168.9.1/api/webserver/token 200
DEBUG:huawei_lte.router:------------ RESPONSE to http://192.168.9.1/api/webserver/token -------------
DEBUG:huawei_lte.router:-- HEADERS --
DEBUG:huawei_lte.router:{'Content-Length': '138', 'X-XSS-Protection': '1; mode=block', 'Content-Security-Policy': "default-src 'self' 'unsafe-inline' 'unsafe-eval'", 'X-Download-Options': 'noopen', 'X-Content-Type-Options': 'nosniff', 'Connection': 'Keep-Alive', 'Pragma': 'no-cache', 'Cache-Control': 'no-cache, no-store, max-age=0, must-revalidate', 'Date': 'Mon, 18 May 2020 08:09:33 GMT', 'X-Frame-Options': 'SAMEORIGIN', 'Content-Type': 'text/html'}
DEBUG:huawei_lte.router:-------------
DEBUG:huawei_lte.router:-- DATA --
DEBUG:huawei_lte.router:<?xml version="1.0" encoding="UTF-8"?><response><token>PBI4weHHo5SXUAGOeKJmoQlTTLL6P3YUDaUtOrxM0mIsvz1WyalpAYABDurRz2g2</token></response>
DEBUG:huawei_lte.router:-------------
DEBUG:huawei_lte.router:------------ REQUEST to http://192.168.9.1/api/monitoring/start_date -------------
DEBUG:huawei_lte.router:-- HEADERS --
DEBUG:huawei_lte.router:{'__RequestVerificationToken': 'DaUtOrxM0mIsvz1WyalpAYABDurRz2g2', 'Content-type': 'application/x-www-form-urlencoded; charset=UTF-8'}
DEBUG:huawei_lte.router:-------------
DEBUG:urllib3.connectionpool:http://192.168.9.1:80 "GET /api/monitoring/start_date HTTP/1.1" 200 402
INFO:huawei_lte.router:GET http://192.168.9.1/api/monitoring/start_date 200
DEBUG:huawei_lte.router:------------ RESPONSE to http://192.168.9.1/api/monitoring/start_date -------------
DEBUG:huawei_lte.router:-- HEADERS --
DEBUG:huawei_lte.router:{'Content-Length': '402', 'X-XSS-Protection': '1; mode=block', 'Content-Security-Policy': "default-src 'self' 'unsafe-inline' 'unsafe-eval'", 'X-Download-Options': 'noopen', 'X-Content-Type-Options': 'nosniff', 'Connection': 'Keep-Alive', 'Pragma': 'no-cache', 'Cache-Control': 'no-cache, no-store, max-age=0, must-revalidate', 'X-Frame-Options': 'SAMEORIGIN', 'Content-Type': 'text/html'}
DEBUG:huawei_lte.router:-------------
DEBUG:huawei_lte.router:-- DATA --
DEBUG:huawei_lte.router:<?xml version="1.0" encoding="UTF-8"?>
<response>
<StartDay>1</StartDay>
<DataLimit>0MB</DataLimit>
<DataLimitAwoke>0</DataLimitAwoke>
<MonthThreshold>90</MonthThreshold>
<DayThreshold>90</DayThreshold>
<SetMonthData>0</SetMonthData>
<trafficmaxlimit>0</trafficmaxlimit>
<turnoffdataenable>0</turnoffdataenable>
<turnoffdataswitch>0</turnoffdataswitch>
<turnoffdataflag>0</turnoffdataflag>
</response>

DEBUG:huawei_lte.router:-------------
DEBUG:huawei_lte.router:------------ REQUEST to http://192.168.9.1/api/webserver/token -------------
DEBUG:huawei_lte.router:-- HEADERS --
DEBUG:huawei_lte.router:None
DEBUG:huawei_lte.router:-------------
DEBUG:urllib3.connectionpool:http://192.168.9.1:80 "GET /api/webserver/token HTTP/1.1" 200 138
INFO:huawei_lte.router:GET http://192.168.9.1/api/webserver/token 200
DEBUG:huawei_lte.router:------------ RESPONSE to http://192.168.9.1/api/webserver/token -------------
DEBUG:huawei_lte.router:-- HEADERS --
DEBUG:huawei_lte.router:{'Content-Length': '138', 'X-XSS-Protection': '1; mode=block', 'Content-Security-Policy': "default-src 'self' 'unsafe-inline' 'unsafe-eval'", 'X-Download-Options': 'noopen', 'X-Content-Type-Options': 'nosniff', 'Connection': 'Keep-Alive', 'Pragma': 'no-cache', 'Cache-Control': 'no-cache, no-store, max-age=0, must-revalidate', 'Date': 'Mon, 18 May 2020 08:09:33 GMT', 'X-Frame-Options': 'SAMEORIGIN', 'Content-Type': 'text/html'}
DEBUG:huawei_lte.router:-------------
DEBUG:huawei_lte.router:-- DATA --
DEBUG:huawei_lte.router:<?xml version="1.0" encoding="UTF-8"?><response><token>GtWFVmEnXVQEWhG87MwVcJAhNN19bI6b0FpC3CCzK4rWa8TqAmv0TCf8FbGd3Q7j</token></response>
DEBUG:huawei_lte.router:-------------
DEBUG:huawei_lte.router:------------ REQUEST to http://192.168.9.1/api/security/virtual-servers -------------
DEBUG:huawei_lte.router:-- HEADERS --
DEBUG:huawei_lte.router:{'__RequestVerificationToken': '0FpC3CCzK4rWa8TqAmv0TCf8FbGd3Q7j', 'Content-type': 'application/x-www-form-urlencoded; charset=UTF-8'}
DEBUG:huawei_lte.router:-------------
DEBUG:urllib3.connectionpool:http://192.168.9.1:80 "GET /api/security/virtual-servers HTTP/1.1" 200 324
INFO:huawei_lte.router:GET http://192.168.9.1/api/security/virtual-servers 200
DEBUG:huawei_lte.router:------------ RESPONSE to http://192.168.9.1/api/security/virtual-servers -------------
DEBUG:huawei_lte.router:-- HEADERS --
DEBUG:huawei_lte.router:{'Content-Length': '324', 'X-XSS-Protection': '1; mode=block', 'Content-Security-Policy': "default-src 'self' 'unsafe-inline' 'unsafe-eval'", 'X-Download-Options': 'noopen', 'X-Content-Type-Options': 'nosniff', 'Connection': 'Keep-Alive', 'Pragma': 'no-cache', 'Cache-Control': 'no-cache, no-store, max-age=0, must-revalidate', 'Date': 'Mon, 18 May 2020 08:09:33 GMT', 'X-Frame-Options': 'SAMEORIGIN', 'Content-Type': 'text/html'}
DEBUG:huawei_lte.router:-------------
DEBUG:huawei_lte.router:-- DATA --
DEBUG:huawei_lte.router:<?xml version="1.0" encoding="UTF-8"?><response><Servers></Servers><virtualserverexcludeports><excludeport><virtual_server_special_ports>68, 1701, 10000</virtual_server_special_ports><virtual_server_special_portintervals>50000-50020</virtual_server_special_portintervals></excludeport></virtualserverexcludeports></response>
DEBUG:huawei_lte.router:-------------
DEBUG:huawei_lte.router:------------ REQUEST to http://192.168.9.1/api/webserver/token -------------
DEBUG:huawei_lte.router:-- HEADERS --
DEBUG:huawei_lte.router:None
DEBUG:huawei_lte.router:-------------
DEBUG:urllib3.connectionpool:http://192.168.9.1:80 "GET /api/webserver/token HTTP/1.1" 200 138
INFO:huawei_lte.router:GET http://192.168.9.1/api/webserver/token 200
DEBUG:huawei_lte.router:------------ RESPONSE to http://192.168.9.1/api/webserver/token -------------
DEBUG:huawei_lte.router:-- HEADERS --
DEBUG:huawei_lte.router:{'Content-Length': '138', 'X-XSS-Protection': '1; mode=block', 'Content-Security-Policy': "default-src 'self' 'unsafe-inline' 'unsafe-eval'", 'X-Download-Options': 'noopen', 'X-Content-Type-Options': 'nosniff', 'Connection': 'Keep-Alive', 'Pragma': 'no-cache', 'Cache-Control': 'no-cache, no-store, max-age=0, must-revalidate', 'Date': 'Mon, 18 May 2020 08:09:33 GMT', 'X-Frame-Options': 'SAMEORIGIN', 'Content-Type': 'text/html'}
DEBUG:huawei_lte.router:-------------
DEBUG:huawei_lte.router:-- DATA --
DEBUG:huawei_lte.router:<?xml version="1.0" encoding="UTF-8"?><response><token>rwkTvg0g1i0p6GVnC5XAHyQdKxuVtSNmCxChrztuFUZykUC22cQ0ippGO0s8xN1t</token></response>
DEBUG:huawei_lte.router:-------------
DEBUG:huawei_lte.router:------------ REQUEST to http://192.168.9.1/api/security/virtual-servers -------------
DEBUG:huawei_lte.router:-- HEADERS --
DEBUG:huawei_lte.router:{'__RequestVerificationToken': 'CxChrztuFUZykUC22cQ0ippGO0s8xN1t', 'Content-type': 'application/x-www-form-urlencoded; charset=UTF-8'}
DEBUG:huawei_lte.router:-------------
DEBUG:urllib3.connectionpool:http://192.168.9.1:80 "GET /api/security/virtual-servers HTTP/1.1" 200 324
INFO:huawei_lte.router:GET http://192.168.9.1/api/security/virtual-servers 200
DEBUG:huawei_lte.router:------------ RESPONSE to http://192.168.9.1/api/security/virtual-servers -------------
DEBUG:huawei_lte.router:-- HEADERS --
DEBUG:huawei_lte.router:{'Content-Length': '324', 'X-XSS-Protection': '1; mode=block', 'Content-Security-Policy': "default-src 'self' 'unsafe-inline' 'unsafe-eval'", 'X-Download-Options': 'noopen', 'X-Content-Type-Options': 'nosniff', 'Connection': 'Keep-Alive', 'Pragma': 'no-cache', 'Cache-Control': 'no-cache, no-store, max-age=0, must-revalidate', 'Date': 'Mon, 18 May 2020 08:09:33 GMT', 'X-Frame-Options': 'SAMEORIGIN', 'Content-Type': 'text/html'}
DEBUG:huawei_lte.router:-------------
DEBUG:huawei_lte.router:-- DATA --
DEBUG:huawei_lte.router:<?xml version="1.0" encoding="UTF-8"?><response><Servers></Servers><virtualserverexcludeports><excludeport><virtual_server_special_ports>68, 1701, 10000</virtual_server_special_ports><virtual_server_special_portintervals>50000-50020</virtual_server_special_portintervals></excludeport></virtualserverexcludeports></response>
DEBUG:huawei_lte.router:-------------
DEBUG:huawei_lte.router:------------ REQUEST to http://192.168.9.1/api/webserver/token -------------
DEBUG:huawei_lte.router:-- HEADERS --
DEBUG:huawei_lte.router:None
DEBUG:huawei_lte.router:-------------
DEBUG:urllib3.connectionpool:http://192.168.9.1:80 "GET /api/webserver/token HTTP/1.1" 200 138
INFO:huawei_lte.router:GET http://192.168.9.1/api/webserver/token 200
DEBUG:huawei_lte.router:------------ RESPONSE to http://192.168.9.1/api/webserver/token -------------
DEBUG:huawei_lte.router:-- HEADERS --
DEBUG:huawei_lte.router:{'Content-Length': '138', 'X-XSS-Protection': '1; mode=block', 'Content-Security-Policy': "default-src 'self' 'unsafe-inline' 'unsafe-eval'", 'X-Download-Options': 'noopen', 'X-Content-Type-Options': 'nosniff', 'Connection': 'Keep-Alive', 'Pragma': 'no-cache', 'Cache-Control': 'no-cache, no-store, max-age=0, must-revalidate', 'Date': 'Mon, 18 May 2020 08:09:33 GMT', 'X-Frame-Options': 'SAMEORIGIN', 'Content-Type': 'text/html'}
DEBUG:huawei_lte.router:-------------
DEBUG:huawei_lte.router:-- DATA --
DEBUG:huawei_lte.router:<?xml version="1.0" encoding="UTF-8"?><response><token>iIqMYelKjRMngS9vkbuEa0IW5NMP1ApusnPupHdz4YpiRBHriERW9pdknqpEaC5O</token></response>
DEBUG:huawei_lte.router:-------------
DEBUG:huawei_lte.router:------------ REQUEST to http://192.168.9.1/api/ddns/ddns-list -------------
DEBUG:huawei_lte.router:-- HEADERS --
DEBUG:huawei_lte.router:{'__RequestVerificationToken': 'snPupHdz4YpiRBHriERW9pdknqpEaC5O', 'Content-type': 'application/x-www-form-urlencoded; charset=UTF-8'}
DEBUG:huawei_lte.router:-------------
DEBUG:urllib3.connectionpool:http://192.168.9.1:80 "GET /api/ddns/ddns-list HTTP/1.1" 200 74
INFO:huawei_lte.router:GET http://192.168.9.1/api/ddns/ddns-list 200
DEBUG:huawei_lte.router:------------ RESPONSE to http://192.168.9.1/api/ddns/ddns-list -------------
DEBUG:huawei_lte.router:-- HEADERS --
DEBUG:huawei_lte.router:{'Content-Length': '74', 'X-XSS-Protection': '1; mode=block', 'Content-Security-Policy': "default-src 'self' 'unsafe-inline' 'unsafe-eval'", 'X-Download-Options': 'noopen', 'X-Content-Type-Options': 'nosniff', 'Connection': 'Keep-Alive', 'Pragma': 'no-cache', 'Cache-Control': 'no-cache, no-store, max-age=0, must-revalidate', 'Date': 'Mon, 18 May 2020 08:09:33 GMT', 'X-Frame-Options': 'SAMEORIGIN', 'Content-Type': 'text/html'}
DEBUG:huawei_lte.router:-------------
DEBUG:huawei_lte.router:-- DATA --
DEBUG:huawei_lte.router:<?xml version="1.0" encoding="UTF-8"?><response><ddnss></ddnss></response>
DEBUG:huawei_lte.router:-------------
DEBUG:huawei_lte.router:------------ REQUEST to http://192.168.9.1/api/webserver/token -------------
DEBUG:huawei_lte.router:-- HEADERS --
DEBUG:huawei_lte.router:None
DEBUG:huawei_lte.router:-------------
DEBUG:urllib3.connectionpool:http://192.168.9.1:80 "GET /api/webserver/token HTTP/1.1" 200 138
INFO:huawei_lte.router:GET http://192.168.9.1/api/webserver/token 200
DEBUG:huawei_lte.router:------------ RESPONSE to http://192.168.9.1/api/webserver/token -------------
DEBUG:huawei_lte.router:-- HEADERS --
DEBUG:huawei_lte.router:{'Content-Length': '138', 'X-XSS-Protection': '1; mode=block', 'Content-Security-Policy': "default-src 'self' 'unsafe-inline' 'unsafe-eval'", 'X-Download-Options': 'noopen', 'X-Content-Type-Options': 'nosniff', 'Connection': 'Keep-Alive', 'Pragma': 'no-cache', 'Cache-Control': 'no-cache, no-store, max-age=0, must-revalidate', 'Date': 'Mon, 18 May 2020 08:09:33 GMT', 'X-Frame-Options': 'SAMEORIGIN', 'Content-Type': 'text/html'}
DEBUG:huawei_lte.router:-------------
DEBUG:huawei_lte.router:-- DATA --
DEBUG:huawei_lte.router:<?xml version="1.0" encoding="UTF-8"?><response><token>cGViTVojTBcZ8C0K5C5nJSrgiX4QWN1Ss0pOHWiVdjFh0AMsEzcEQB4D6H5HIUWI</token></response>
DEBUG:huawei_lte.router:-------------
DEBUG:huawei_lte.router:------------ REQUEST to http://192.168.9.1/api/ddns/ddns-list -------------
DEBUG:huawei_lte.router:-- HEADERS --
DEBUG:huawei_lte.router:{'__RequestVerificationToken': 's0pOHWiVdjFh0AMsEzcEQB4D6H5HIUWI', 'Content-type': 'application/x-www-form-urlencoded; charset=UTF-8'}
DEBUG:huawei_lte.router:-------------
DEBUG:urllib3.connectionpool:http://192.168.9.1:80 "GET /api/ddns/ddns-list HTTP/1.1" 200 74
INFO:huawei_lte.router:GET http://192.168.9.1/api/ddns/ddns-list 200
DEBUG:huawei_lte.router:------------ RESPONSE to http://192.168.9.1/api/ddns/ddns-list -------------
DEBUG:huawei_lte.router:-- HEADERS --
DEBUG:huawei_lte.router:{'Content-Length': '74', 'X-XSS-Protection': '1; mode=block', 'Content-Security-Policy': "default-src 'self' 'unsafe-inline' 'unsafe-eval'", 'X-Download-Options': 'noopen', 'X-Content-Type-Options': 'nosniff', 'Connection': 'Keep-Alive', 'Pragma': 'no-cache', 'Cache-Control': 'no-cache, no-store, max-age=0, must-revalidate', 'Date': 'Mon, 18 May 2020 08:09:33 GMT', 'X-Frame-Options': 'SAMEORIGIN', 'Content-Type': 'text/html'}
DEBUG:huawei_lte.router:-------------
DEBUG:huawei_lte.router:-- DATA --
DEBUG:huawei_lte.router:<?xml version="1.0" encoding="UTF-8"?><response><ddnss></ddnss></response>
DEBUG:huawei_lte.router:-------------
INFO:huawei_lte.router:LOGOUT for user [admin]
DEBUG:huawei_lte.router:------------ REQUEST to http://192.168.9.1/api/webserver/token -------------
DEBUG:huawei_lte.router:-- HEADERS --
DEBUG:huawei_lte.router:None
DEBUG:huawei_lte.router:-------------
DEBUG:urllib3.connectionpool:http://192.168.9.1:80 "GET /api/webserver/token HTTP/1.1" 200 138
INFO:huawei_lte.router:GET http://192.168.9.1/api/webserver/token 200
DEBUG:huawei_lte.router:------------ RESPONSE to http://192.168.9.1/api/webserver/token -------------
DEBUG:huawei_lte.router:-- HEADERS --
DEBUG:huawei_lte.router:{'Content-Length': '138', 'X-XSS-Protection': '1; mode=block', 'Content-Security-Policy': "default-src 'self' 'unsafe-inline' 'unsafe-eval'", 'X-Download-Options': 'noopen', 'X-Content-Type-Options': 'nosniff', 'Connection': 'Keep-Alive', 'Pragma': 'no-cache', 'Cache-Control': 'no-cache, no-store, max-age=0, must-revalidate', 'Date': 'Mon, 18 May 2020 08:09:33 GMT', 'X-Frame-Options': 'SAMEORIGIN', 'Content-Type': 'text/html'}
DEBUG:huawei_lte.router:-------------
DEBUG:huawei_lte.router:-- DATA --
DEBUG:huawei_lte.router:<?xml version="1.0" encoding="UTF-8"?><response><token>zAX0K0wqoF4kbh5cMBSOnDFr2zhH3p127xsDUizpkfXDjJmBJ5Eqs4CqPYAc80Dk</token></response>
DEBUG:huawei_lte.router:-------------
DEBUG:huawei_lte.router:------------ REQUEST to http://192.168.9.1/api/user/logout -------------
DEBUG:huawei_lte.router:-- HEADERS --
DEBUG:huawei_lte.router:{'__RequestVerificationToken': '7xsDUizpkfXDjJmBJ5Eqs4CqPYAc80Dk', 'Content-type': 'application/x-www-form-urlencoded; charset=UTF-8'}
DEBUG:huawei_lte.router:-------------
DEBUG:huawei_lte.router:-- DATA --
DEBUG:huawei_lte.router:<?xml version="1.0" encoding="UTF-8"?><request><Logout>1</Logout></request>
DEBUG:huawei_lte.router:-------------
DEBUG:urllib3.connectionpool:http://192.168.9.1:80 "POST /api/user/logout HTTP/1.1" 200 61
INFO:huawei_lte.router:POST http://192.168.9.1/api/user/logout 200
DEBUG:huawei_lte.router:------------ RESPONSE to http://192.168.9.1/api/user/logout -------------
DEBUG:huawei_lte.router:-- HEADERS --
DEBUG:huawei_lte.router:{'Content-Length': '61', 'X-XSS-Protection': '1; mode=block', 'Content-Security-Policy': "default-src 'self' 'unsafe-inline' 'unsafe-eval'", 'X-Download-Options': 'noopen', '__RequestVerificationToken': 'PjfxzvoJN8F9KpZOB0OxyOIrMRIOHSi8', 'X-Content-Type-Options': 'nosniff', 'Pragma': 'no-cache', 'Cache-Control': 'no-cache, no-store, max-age=0, must-revalidate', 'X-Frame-Options': 'SAMEORIGIN', 'Content-Type': 'text/html'}
DEBUG:huawei_lte.router:-------------
DEBUG:huawei_lte.router:-- DATA --
DEBUG:huawei_lte.router:<?xml version="1.0" encoding="UTF-8"?><response>OK</response>
DEBUG:huawei_lte.router:-------------
INFO:huawei_lte.router:LOGIN for user [admin]
DEBUG:huawei_lte.router:------------ REQUEST to http://192.168.9.1/ -------------
DEBUG:huawei_lte.router:-- HEADERS --
DEBUG:huawei_lte.router:None
DEBUG:huawei_lte.router:-------------
DEBUG:urllib3.connectionpool:Starting new HTTP connection (1): 192.168.9.1:80
DEBUG:urllib3.connectionpool:http://192.168.9.1:80 "GET / HTTP/1.1" 200 6612
INFO:huawei_lte.router:GET http://192.168.9.1/ 200
DEBUG:huawei_lte.router:------------ RESPONSE to http://192.168.9.1/ -------------
DEBUG:huawei_lte.router:-- HEADERS --
DEBUG:huawei_lte.router:{'Content-Length': '6612', 'X-XSS-Protection': '1; mode=block', 'Content-Security-Policy': "default-src 'self' 'unsafe-inline' 'unsafe-eval'", 'X-Download-Options': 'noopen', 'Set-Cookie': 'SessionID=aQgbg0qJI43YbcrBmrnsTHFiR73MrHFj3c8DoCymeMipqzjNL0tc1KJImyO5mhn8kGBOC0Z3KJeQvygu6mYCcQ1CtX3c2xSYYh0QWmp0L9JQ6Pyw9yoFmGfv0Pu4HVqO; path=/; HttpOnly;', 'X-Content-Type-Options': 'nosniff', 'Connection': 'Keep-Alive', 'Pragma': 'no-cache', 'Cache-Control': 'no-cache, no-store, max-age=0, must-revalidate', 'Date': 'Mon, 18 May 2020 08:09:33 GMT', 'X-Frame-Options': 'SAMEORIGIN', 'Content-Type': 'text/html'}
DEBUG:huawei_lte.router:-------------
DEBUG:huawei_lte.router:-- DATA --
DEBUG:huawei_lte.router:ï»¿<!DOCTYPE html>
<html id="html">
    <head><meta name="csrf_token" content="YPWCYGkW3bmfe0eaQlPYP0fNs0gacDTw">
<meta name="csrf_token" content="LhfE8wLxbY1C3ORNpr7BV6lnoPyJZzmn">

        <meta http-equiv="X-UA-Compatible" content="IE=edge,chrome=1" />
        <meta http-equiv="Content-Type" content="text/html; charset=UTF-8" />
        <meta name="format-detection" content="telephone=no" />
        <meta http-equiv='Pragma' content='no-cache'/>
        <meta http-equiv="Cache-Control" content="no-cache, must-revalidate" />
        <meta name="description" content="emui webui 6.0" />
        <meta name="author" content="emui webui 6.0" />
        <meta name="viewport" content="initial-scale=0.4;user-scalable=yes" />
        <link type="text/css" rel="stylesheet" href="../css/emui-style.css" />
        <script type="text/javascript" src="../lib/emui-jquery.js"></script>
        <script type="text/javascript" src="../js/public.js"></script>

        <script type="text/javascript">
            var DEFAULT_GATEWAY_IP = "";
            function isHandheldBrowser() {
                var hardwarePlatform = navigator.platform.toLowerCase();
                var agent = navigator.userAgent.toLowerCase();
                var isIpod = hardwarePlatform.indexOf("ipod") != -1;
                var isIphone = hardwarePlatform.indexOf("iphone") != -1;
                var isIpad =  hardwarePlatform.indexOf("ipad") != -1;
                var isAndroid = agent.indexOf("android") !=-1;

                if(0 == login_status) {
                    return false;
                }
                if (isIphone || isIpod || isIpad || isAndroid ) {
                    return true;
                } else {
                    if (screen.height <= 320 || screen.width <= 320) {
                        return true;
                    }
                }
                return false;
            }
            var login_status = null;
            // get connection status
            getAjaxData('config/global/config.xml', function(xml) {
                    var config_ret = xml;
                    login_status = config_ret.config.login;
                }, {
                    sync : true
                }
            );
            getConfigData('config/lan/config.xml', function(xml) {
                    var ret = xml;
                    if ('config' == ret.type) {
                        DEFAULT_GATEWAY_IP = ret.config.dhcps.ipaddress;
                    }
                }, {
                    sync: true
                }
            );
            var href = "http://" + DEFAULT_GATEWAY_IP;
            try {
                href = window.location.href;
            } catch(exception) {
                href = "http://" + DEFAULT_GATEWAY_IP;
            }

            //check login status
            var LOGIN_STATES_SUCCEED = "0";
            var userLoginState = LOGIN_STATES_SUCCEED;
            getAjaxData('api/user/state-login', function(xml) { //æ¥è¯¢ç»å½ç¶æ
                var ret = xml;
                if (ret.type == 'response') {
                    userLoginState=ret.response.State;
                }
            }, {
                sync: true
            });
            var g_auto_update_redirect = '';
            getAjaxData('api/device/basic_information', function(xml) { //æ¥è¯¢è®¾å¤åºæ¬ä¿¡æ¯
                var ret = xml;
                if (ret.type == 'response') {
                    g_auto_update_redirect = ret.response.restore_default_status;
                }
            }, {
                sync:true
            });
            var g_current_connection_status = '';
            var g_module = '';
            var sim_ret = '';
            var cradle_ret = '';
            var CRADLE_NETLINE_EXIST = 1;
            var ETHERNET_LAN_MODE = '5';
            var CRADLEAUTOMODE = '0';
            var MACRO_CONNECTION_CONNECTED = '901';
            var Login = '';
            getAjaxData('api/global/module-switch', function(xml) { //è·åé¡µé¢éç½®æ¨¡åå¼å³
                var ret = xml;
                if (ret.type == 'response') {
                    g_module = ret.response;
                }
            }, {
                sync:true
            });
            getAjaxData('api/monitoring/status', function(xml) { // æ¥è¯¢ç½ç»ç¶æä¿¡æ¯
                var ret = xml;
                if (ret.type == 'response') {
                    sim_ret = ret.response;
                }
            }, {
                sync:true
            });
            if (g_module.cradle_enabled) {
                getAjaxData('api/cradle/status-info', function(xml) { //è·åå½åè¿æ¥ä¿¡æ¯
                    var ret = xml;
                    if (ret.type == 'response') {
                        cradle_ret = ret.response;
                    }
                }, {
                    sync:true
                });
            }
            /*è·åæ¨å·ç¶æ*/
            if (g_module.cradle_enabled && cradle_ret !== '' && typeof(cradle_ret) !== 'undefined' && CRADLE_NETLINE_EXIST === cradle_ret.cradlestatus
                && ETHERNET_LAN_MODE !== cradle_ret.connectionmode && (CRADLEAUTOMODE !== cradle_ret.connectionmode)) {
                g_current_connection_status = cradle_ret.connectstatus;
            } else if (g_module.wifioffload_enabled && MACRO_CONNECTION_CONNECTED === sim_ret.WifiConnectionStatus) {
                g_current_connection_status = sim_ret.WifiConnectionStatus;
            } else {
                g_current_connection_status = sim_ret.ConnectionStatus;
            }
            $(document).ready( function() {

                /* è·åæ¯å¦æ¯æMCæ¨èé¡µé¢*/
                getAjaxData('config/global/config.xml', function(xml) {
                    var ret = xml;
                    if(ret.type == 'config' ) {
                        Login = ret.config;
                    }
                }, {
                    sync: true
                });

                if( true == isHandheldBrowser()
                    && (userLoginState != LOGIN_STATES_SUCCEED)
                    && (typeof Login.commend_enable != 'undefined')
                    && Login.commend_enable === '1'
                    && MACRO_CONNECTION_CONNECTED === g_current_connection_status) {
                    gotoPageWithoutHistory("../html/commend.html");
                } else {
                    gotoPageWithoutHistory("../html/index.html");
                }
            });
        </script>
        <title></title>
    </head>
    <body style="background-color: #FFFFFF;">
    </body>
</html>

DEBUG:huawei_lte.router:-------------
DEBUG:huawei_lte.router:------------ REQUEST to http://192.168.9.1/api/webserver/token -------------
DEBUG:huawei_lte.router:-- HEADERS --
DEBUG:huawei_lte.router:None
DEBUG:huawei_lte.router:-------------
DEBUG:urllib3.connectionpool:Resetting dropped connection: 192.168.9.1
DEBUG:urllib3.connectionpool:http://192.168.9.1:80 "GET /api/webserver/token HTTP/1.1" 200 138
INFO:huawei_lte.router:GET http://192.168.9.1/api/webserver/token 200
DEBUG:huawei_lte.router:------------ RESPONSE to http://192.168.9.1/api/webserver/token -------------
DEBUG:huawei_lte.router:-- HEADERS --
DEBUG:huawei_lte.router:{'Content-Length': '138', 'X-XSS-Protection': '1; mode=block', 'Content-Security-Policy': "default-src 'self' 'unsafe-inline' 'unsafe-eval'", 'X-Download-Options': 'noopen', 'X-Content-Type-Options': 'nosniff', 'Connection': 'Keep-Alive', 'Pragma': 'no-cache', 'Cache-Control': 'no-cache, no-store, max-age=0, must-revalidate', 'Date': 'Mon, 18 May 2020 08:09:34 GMT', 'X-Frame-Options': 'SAMEORIGIN', 'Content-Type': 'text/html'}
DEBUG:huawei_lte.router:-------------
DEBUG:huawei_lte.router:-- DATA --
DEBUG:huawei_lte.router:<?xml version="1.0" encoding="UTF-8"?><response><token>VNfxjocqpF8IxWmcTRPf9VbjuJHNK2YdQIPKcmiGKN0Y08FeeiR8Pk01c0k2k0HK</token></response>
DEBUG:huawei_lte.router:-------------
DEBUG:huawei_lte.router:------------ REQUEST to http://192.168.9.1/api/user/challenge_login -------------
DEBUG:huawei_lte.router:-- HEADERS --
DEBUG:huawei_lte.router:{'__RequestVerificationToken': 'QIPKcmiGKN0Y08FeeiR8Pk01c0k2k0HK', 'Content-type': 'text/html'}
DEBUG:huawei_lte.router:-------------
DEBUG:huawei_lte.router:-- DATA --
DEBUG:huawei_lte.router:<?xml version="1.0" encoding="UTF-8"?><request><username>admin</username><firstnonce>acffc0689f424202affd26a5589dcdac04752002944142e186b982f92f892af4</firstnonce><mode>1</mode></request>
DEBUG:huawei_lte.router:-------------
DEBUG:urllib3.connectionpool:http://192.168.9.1:80 "POST /api/user/challenge_login HTTP/1.1" 200 337
INFO:huawei_lte.router:POST http://192.168.9.1/api/user/challenge_login 200
DEBUG:huawei_lte.router:------------ RESPONSE to http://192.168.9.1/api/user/challenge_login -------------
DEBUG:huawei_lte.router:-- HEADERS --
DEBUG:huawei_lte.router:{'Content-Length': '337', 'X-XSS-Protection': '1; mode=block', 'Content-Security-Policy': "default-src 'self' 'unsafe-inline' 'unsafe-eval'", 'X-Download-Options': 'noopen', '__RequestVerificationToken': 'rOkSFDrC0aGFhwr2AWGKrOtqu50t599H', 'X-Content-Type-Options': 'nosniff', 'Pragma': 'no-cache', 'Cache-Control': 'no-cache, no-store, max-age=0, must-revalidate', 'X-Frame-Options': 'SAMEORIGIN', 'Content-Type': 'text/html'}
DEBUG:huawei_lte.router:-------------
DEBUG:huawei_lte.router:-- DATA --
DEBUG:huawei_lte.router:<?xml version="1.0" encoding="UTF-8"?><response><iterations>100</iterations><servernonce>acffc0689f424202affd26a5589dcdac04752002944142e186b982f92f892af4LfEYKJIfek3L1fKvyQ9PIXDM6iEzPsD4</servernonce><modeselected>1</modeselected><salt>844b89b04c8a9d0a3b7422ad70d404fd8cb0bfb6eac3bb1366e6aca09f77da24</salt><newType>0</newType></response>
DEBUG:huawei_lte.router:-------------
DEBUG:huawei_lte.router:------------ REQUEST to http://192.168.9.1/api/user/authentication_login -------------
DEBUG:huawei_lte.router:-- HEADERS --
DEBUG:huawei_lte.router:{'__RequestVerificationToken': 'rOkSFDrC0aGFhwr2AWGKrOtqu50t599H', 'Content-type': 'application/x-www-form-urlencoded; charset=UTF-8'}
DEBUG:huawei_lte.router:-------------
DEBUG:huawei_lte.router:-- DATA --
DEBUG:huawei_lte.router:<?xml version="1.0" encoding="UTF-8"?><request><clientproof>d130334e8ee7eddd3fe91e9464607c80e4a86974c9d1dcbd82ebf28a87c415b8</clientproof><finalnonce>acffc0689f424202affd26a5589dcdac04752002944142e186b982f92f892af4LfEYKJIfek3L1fKvyQ9PIXDM6iEzPsD4</finalnonce></request>
DEBUG:huawei_lte.router:-------------
DEBUG:urllib3.connectionpool:http://192.168.9.1:80 "POST /api/user/authentication_login HTTP/1.1" 200 807
INFO:huawei_lte.router:POST http://192.168.9.1/api/user/authentication_login 200
DEBUG:huawei_lte.router:------------ RESPONSE to http://192.168.9.1/api/user/authentication_login -------------
DEBUG:huawei_lte.router:-- HEADERS --
DEBUG:huawei_lte.router:{'Content-Length': '807', 'X-XSS-Protection': '1; mode=block', 'Content-Security-Policy': "default-src 'self' 'unsafe-inline' 'unsafe-eval'", 'X-Download-Options': 'noopen', '__RequestVerificationToken': 'XoKcDNlKhF1kxLcEPewkXFGPK0DVVKjP#f3Q1pGGo07N3V0OHXn5JxkqvrUBjt8gQ#4MDnJe2ScEQWiL4yXmr94xyhnibbOwCy#nST4w6E9jmaNupWAJOowrkJsX0ydjPqe#D7HkAJOZRIsMNoVHy435bg3XOeNUYIxn#00wZzXWyhTxAfcvhse0wUljw5ssOTWNi#d7tN7GseSruyZjcoTPJfmeNBD7Pgcum9#jIR00J3JWrC0l6yvEGiqKc3z3GfgKxlp#UQdz2bkrnRLcpHc2A0O4HUwnay50uWuI#9mi34TdxMN34JA3933Up10fg28i0OLtt#WuTSRpAWjMZyBvMxdpZmEKISDjNJBXsx#Rd2iHtqLKN0VXaVcL7uS3HyvLgBS07ak#ocT0OjHmUBrhLUbIrin1YRPHQuEXmerT#tgamVuNkNkj7pPnK5Qa7tm0dQe0ybmw6#ODj4x86uozb0gS7jEG9iq0ActHg620Ha#uz44MqsGm5uYRWE0LNaru4gNq5gvkoVG#zPPXdIIp6wTYQbZ40d55cOY0YAMsLXZU#SAMCZNIIyv0yiexd7Os9003cScMuSO8G#X1PzauMsTNoiIGGWBlnDJ00jKLVKQERu#ArK2udCG069ilaolK3kaYMuysLSLeYGa#5BTI4U7z9qBm0x9wWfTqN9Ivy3tnb98H#0sjMchXkAZiFkeRs6T4Roeos5V7HyXLe#FGMmqv9bvf3mFY0ckHmGFiIhyHKO6720#Fb1kFvNs35Wl8WLTUf3t62NHUPqiB1dY#2hY2tXXIuTJxqS0K0KFF5s34qABZFawW#EL8KSmSF5ms7y10SD0hw3VHUXGnZmS0f#YlyGF3N7GWOD4Ny7BXjnZw200XemN2WG#RZ2zSdOy8CW9W2h0ZwuFXNMPoQGynQrf#wlYjLOq9Mv8As2W4zLFDO7guUDoFkHlt#3tVI4kdmWNT8nqCzDxCwrVMv5yCf8lX6#4lO7HwA36kU8RU0E4Mzd7G8NWM3b0a2F#AbYfZCHZlawhMZu01aKKY38WSyswAggN', 'Set-Cookie': 'SessionID=vT6GyAuaghUiaIoJ5LREuER7pQBVpuRmlorrXtfXOIWvbPrsypaCcyhRNXiIEEhlEmbeazuPWjSdiDht5Ae7z5LQ0Qnno0ZKAqW6pveSKNZ0iWpvWZyJgzUbJFq02awc; path=/; HttpOnly;', '__RequestVerificationTokentwo': 'f3Q1pGGo07N3V0OHXn5JxkqvrUBjt8gQ', 'X-Content-Type-Options': 'nosniff', '__RequestVerificationTokenone': 'XoKcDNlKhF1kxLcEPewkXFGPK0DVVKjP', 'Pragma': 'no-cache', 'Cache-Control': 'no-cache, no-store, max-age=0, must-revalidate', 'X-Frame-Options': 'SAMEORIGIN', 'Content-Type': 'text/html'}
DEBUG:huawei_lte.router:-------------
DEBUG:huawei_lte.router:-- DATA --
DEBUG:huawei_lte.router:<?xml version="1.0" encoding="UTF-8"?><response><rsan>b2516d802ecb467bc61ec9a7443be11f0c50fe4a1a7b6acdcb8e5902c99d42cf213475b65625647923283487e8bae8496acbf783ed54c3d56daa0efcafc11d52f6cf3f48990edf1c96a57f7f32292794bf6bdc96e2895bcb2fbcc6b53a670b3bfafac4b039f23d57e693f713af775d9a35f5bab7d973cb284318ba403f92a048b67b3d41a15ba846aa0ab370830a492f7fafd589aa1c84646f6fff25d21e26190ec842fb95b5ca3724cb1cb45535b40088eb465716e171932eb83a77372ae94dffb743ba6c65f3c18fa70762306838d857e301166ceaaa4ebac9929d7d834cb695908ed14e9c2bed0d478c331d03031dcd1095fa4ee4dd8697c2e7b4137f3c39</rsan><rsae>010001</rsae><serversignature>2d4b3f01af1d1f4705cddb53602a15b89b438e4635262804ca9f2ca06b4b10fa</serversignature><rsapubkeysignature>5e4e339d5db47f7d13e18fcebc4c27a49e8b93a42a6737ad62e284a3be312a45</rsapubkeysignature></response>
DEBUG:huawei_lte.router:-------------
DEBUG:huawei_lte.router:------------ REQUEST to http://192.168.9.1/api/webserver/token -------------
DEBUG:huawei_lte.router:-- HEADERS --
DEBUG:huawei_lte.router:None
DEBUG:huawei_lte.router:-------------
DEBUG:urllib3.connectionpool:http://192.168.9.1:80 "GET /api/webserver/token HTTP/1.1" 200 138
INFO:huawei_lte.router:GET http://192.168.9.1/api/webserver/token 200
DEBUG:huawei_lte.router:------------ RESPONSE to http://192.168.9.1/api/webserver/token -------------
DEBUG:huawei_lte.router:-- HEADERS --
DEBUG:huawei_lte.router:{'Content-Length': '138', 'X-XSS-Protection': '1; mode=block', 'Content-Security-Policy': "default-src 'self' 'unsafe-inline' 'unsafe-eval'", 'X-Download-Options': 'noopen', 'X-Content-Type-Options': 'nosniff', 'Connection': 'Keep-Alive', 'Pragma': 'no-cache', 'Cache-Control': 'no-cache, no-store, max-age=0, must-revalidate', 'Date': 'Mon, 18 May 2020 08:09:34 GMT', 'X-Frame-Options': 'SAMEORIGIN', 'Content-Type': 'text/html'}
DEBUG:huawei_lte.router:-------------
DEBUG:huawei_lte.router:-- DATA --
DEBUG:huawei_lte.router:<?xml version="1.0" encoding="UTF-8"?><response><token>THw7W093TLzptXcSj7kg79QJD0SgyxHNVBmE8lfFe3310gd1N6KTdeg5YHogGBZq</token></response>
DEBUG:huawei_lte.router:-------------
DEBUG:huawei_lte.router:------------ REQUEST to http://192.168.9.1/api/cradle/basic-info -------------
DEBUG:huawei_lte.router:-- HEADERS --
DEBUG:huawei_lte.router:{'__RequestVerificationToken': 'VBmE8lfFe3310gd1N6KTdeg5YHogGBZq', 'Content-type': 'application/x-www-form-urlencoded; charset=UTF-8'}
DEBUG:huawei_lte.router:-------------
DEBUG:urllib3.connectionpool:http://192.168.9.1:80 "GET /api/cradle/basic-info HTTP/1.1" 200 620
INFO:huawei_lte.router:GET http://192.168.9.1/api/cradle/basic-info 200
DEBUG:huawei_lte.router:------------ RESPONSE to http://192.168.9.1/api/cradle/basic-info -------------
DEBUG:huawei_lte.router:-- HEADERS --
DEBUG:huawei_lte.router:{'Content-Length': '620', 'X-XSS-Protection': '1; mode=block', 'Content-Security-Policy': "default-src 'self' 'unsafe-inline' 'unsafe-eval'", 'X-Download-Options': 'noopen', 'X-Content-Type-Options': 'nosniff', 'Connection': 'Keep-Alive', 'Pragma': 'no-cache', 'Cache-Control': 'no-cache, no-store, max-age=0, must-revalidate', 'Date': 'Mon, 18 May 2020 08:09:34 GMT', 'X-Frame-Options': 'SAMEORIGIN', 'Content-Type': 'text/html'}
DEBUG:huawei_lte.router:-------------
DEBUG:huawei_lte.router:-- DATA --
DEBUG:huawei_lte.router:<?xml version="1.0" encoding="UTF-8"?><response><dynamicprimarydns>8.8.8.8</dynamicprimarydns><netmask>255.255.255.0</netmask><dynamicsetdnsmanual>1</dynamicsetdnsmanual><secondarydns>0.0.0.0</secondarydns><staticipmtu>1500</staticipmtu><dialmode>0</dialmode><maxidletime>600</maxidletime><pppoepwd>********</pppoepwd><dynamicsecondarydns>8.8.4.4</dynamicsecondarydns><ipaddress>192.168.1.113</ipaddress><pppoeuser>fred</pppoeuser><pppoeauth>1</pppoeauth><connectionmode>0</connectionmode><gateway>192.168.1.1</gateway><pppoemtu>1480</pppoemtu><dynamicipmtu>1500</dynamicipmtu><primarydns>0.0.0.0</primarydns></response>
DEBUG:huawei_lte.router:-------------
DEBUG:huawei_lte.router:------------ REQUEST to http://192.168.9.1/api/webserver/token -------------
DEBUG:huawei_lte.router:-- HEADERS --
DEBUG:huawei_lte.router:None
DEBUG:huawei_lte.router:-------------
DEBUG:urllib3.connectionpool:http://192.168.9.1:80 "GET /api/webserver/token HTTP/1.1" 200 138
INFO:huawei_lte.router:GET http://192.168.9.1/api/webserver/token 200
DEBUG:huawei_lte.router:------------ RESPONSE to http://192.168.9.1/api/webserver/token -------------
DEBUG:huawei_lte.router:-- HEADERS --
DEBUG:huawei_lte.router:{'Content-Length': '138', 'X-XSS-Protection': '1; mode=block', 'Content-Security-Policy': "default-src 'self' 'unsafe-inline' 'unsafe-eval'", 'X-Download-Options': 'noopen', 'X-Content-Type-Options': 'nosniff', 'Connection': 'Keep-Alive', 'Pragma': 'no-cache', 'Cache-Control': 'no-cache, no-store, max-age=0, must-revalidate', 'Date': 'Mon, 18 May 2020 08:09:34 GMT', 'X-Frame-Options': 'SAMEORIGIN', 'Content-Type': 'text/html'}
DEBUG:huawei_lte.router:-------------
DEBUG:huawei_lte.router:-- DATA --
DEBUG:huawei_lte.router:<?xml version="1.0" encoding="UTF-8"?><response><token>l4qYO97aowYLitzLz1DLEvMBCWj43xRCi4R1kvGebHzKZ2u3a58SB8TrUw9PDy3a</token></response>
DEBUG:huawei_lte.router:-------------
DEBUG:huawei_lte.router:------------ REQUEST to http://192.168.9.1/api/cradle/basic-info -------------
DEBUG:huawei_lte.router:-- HEADERS --
DEBUG:huawei_lte.router:{'__RequestVerificationToken': 'i4R1kvGebHzKZ2u3a58SB8TrUw9PDy3a', 'Content-type': 'application/x-www-form-urlencoded; charset=UTF-8'}
DEBUG:huawei_lte.router:-------------
DEBUG:huawei_lte.router:-- DATA --
DEBUG:huawei_lte.router:<?xml version="1.0" encoding="UTF-8"?><request><pppoeuser>fred</pppoeuser><connectionmode>0</connectionmode><secondarydns>0.0.0.0</secondarydns><pppoemtu>1480</pppoemtu><dynamicsetdnsmanual>1</dynamicsetdnsmanual><maxidletime>600</maxidletime><pppoepwd></pppoepwd><netmask>255.255.255.0</netmask><dynamicsecondarydns>8.8.4.4</dynamicsecondarydns><dynamicipmtu>1500</dynamicipmtu><primarydns>0.0.0.0</primarydns><pppoeauth>1</pppoeauth><ipaddress>192.168.1.113</ipaddress><gateway>192.168.1.1</gateway><dynamicprimarydns>8.8.8.8</dynamicprimarydns></request>
DEBUG:huawei_lte.router:-------------
DEBUG:urllib3.connectionpool:http://192.168.9.1:80 "POST /api/cradle/basic-info HTTP/1.1" 200 61
INFO:huawei_lte.router:POST http://192.168.9.1/api/cradle/basic-info 200
DEBUG:huawei_lte.router:------------ RESPONSE to http://192.168.9.1/api/cradle/basic-info -------------
DEBUG:huawei_lte.router:-- HEADERS --
DEBUG:huawei_lte.router:{'Content-Length': '61', 'X-XSS-Protection': '1; mode=block', 'Content-Security-Policy': "default-src 'self' 'unsafe-inline' 'unsafe-eval'", 'X-Download-Options': 'noopen', '__RequestVerificationToken': '9kDOI0Kzde0w82F90RWZ3aLS0sQ7CMGC', 'X-Content-Type-Options': 'nosniff', 'Pragma': 'no-cache', 'Cache-Control': 'no-cache, no-store, max-age=0, must-revalidate', 'X-Frame-Options': 'SAMEORIGIN', 'Content-Type': 'text/html'}
DEBUG:huawei_lte.router:-------------
DEBUG:huawei_lte.router:-- DATA --
DEBUG:huawei_lte.router:<?xml version="1.0" encoding="UTF-8"?><response>OK</response>
DEBUG:huawei_lte.router:-------------
DEBUG:huawei_lte.router:------------ REQUEST to http://192.168.9.1/api/webserver/token -------------
DEBUG:huawei_lte.router:-- HEADERS --
DEBUG:huawei_lte.router:None
DEBUG:huawei_lte.router:-------------
DEBUG:urllib3.connectionpool:http://192.168.9.1:80 "GET /api/webserver/token HTTP/1.1" 200 138
INFO:huawei_lte.router:GET http://192.168.9.1/api/webserver/token 200
DEBUG:huawei_lte.router:------------ RESPONSE to http://192.168.9.1/api/webserver/token -------------
DEBUG:huawei_lte.router:-- HEADERS --
DEBUG:huawei_lte.router:{'Content-Length': '138', 'X-XSS-Protection': '1; mode=block', 'Content-Security-Policy': "default-src 'self' 'unsafe-inline' 'unsafe-eval'", 'X-Download-Options': 'noopen', 'X-Content-Type-Options': 'nosniff', 'Connection': 'Keep-Alive', 'Pragma': 'no-cache', 'Cache-Control': 'no-cache, no-store, max-age=0, must-revalidate', 'Date': 'Mon, 18 May 2020 08:09:34 GMT', 'X-Frame-Options': 'SAMEORIGIN', 'Content-Type': 'text/html'}
DEBUG:huawei_lte.router:-------------
DEBUG:huawei_lte.router:-- DATA --
DEBUG:huawei_lte.router:<?xml version="1.0" encoding="UTF-8"?><response><token>itSrlMU0uVdk5K4Z8oWJ2TQ3HobQbBXs0K5KHm7KQaFCyufaktqtaQuZlHurMKBl</token></response>
DEBUG:huawei_lte.router:-------------
DEBUG:huawei_lte.router:------------ REQUEST to http://192.168.9.1/api/cradle/basic-info -------------
DEBUG:huawei_lte.router:-- HEADERS --
DEBUG:huawei_lte.router:{'__RequestVerificationToken': '0K5KHm7KQaFCyufaktqtaQuZlHurMKBl', 'Content-type': 'application/x-www-form-urlencoded; charset=UTF-8'}
DEBUG:huawei_lte.router:-------------
DEBUG:urllib3.connectionpool:http://192.168.9.1:80 "GET /api/cradle/basic-info HTTP/1.1" 200 620
INFO:huawei_lte.router:GET http://192.168.9.1/api/cradle/basic-info 200
DEBUG:huawei_lte.router:------------ RESPONSE to http://192.168.9.1/api/cradle/basic-info -------------
DEBUG:huawei_lte.router:-- HEADERS --
DEBUG:huawei_lte.router:{'Content-Length': '620', 'X-XSS-Protection': '1; mode=block', 'Content-Security-Policy': "default-src 'self' 'unsafe-inline' 'unsafe-eval'", 'X-Download-Options': 'noopen', 'X-Content-Type-Options': 'nosniff', 'Connection': 'Keep-Alive', 'Pragma': 'no-cache', 'Cache-Control': 'no-cache, no-store, max-age=0, must-revalidate', 'Date': 'Mon, 18 May 2020 08:09:34 GMT', 'X-Frame-Options': 'SAMEORIGIN', 'Content-Type': 'text/html'}
DEBUG:huawei_lte.router:-------------
DEBUG:huawei_lte.router:-- DATA --
DEBUG:huawei_lte.router:<?xml version="1.0" encoding="UTF-8"?><response><dynamicprimarydns>8.8.8.8</dynamicprimarydns><netmask>255.255.255.0</netmask><dynamicsetdnsmanual>1</dynamicsetdnsmanual><secondarydns>0.0.0.0</secondarydns><staticipmtu>1500</staticipmtu><dialmode>0</dialmode><maxidletime>600</maxidletime><pppoepwd>********</pppoepwd><dynamicsecondarydns>8.8.4.4</dynamicsecondarydns><ipaddress>192.168.1.113</ipaddress><pppoeuser>fred</pppoeuser><pppoeauth>1</pppoeauth><connectionmode>0</connectionmode><gateway>192.168.1.1</gateway><pppoemtu>1480</pppoemtu><dynamicipmtu>1500</dynamicipmtu><primarydns>0.0.0.0</primarydns></response>
DEBUG:huawei_lte.router:-------------
DEBUG:huawei_lte.router:------------ REQUEST to http://192.168.9.1/api/webserver/token -------------
DEBUG:huawei_lte.router:-- HEADERS --
DEBUG:huawei_lte.router:None
DEBUG:huawei_lte.router:-------------
DEBUG:urllib3.connectionpool:http://192.168.9.1:80 "GET /api/webserver/token HTTP/1.1" 200 138
INFO:huawei_lte.router:GET http://192.168.9.1/api/webserver/token 200
DEBUG:huawei_lte.router:------------ RESPONSE to http://192.168.9.1/api/webserver/token -------------
DEBUG:huawei_lte.router:-- HEADERS --
DEBUG:huawei_lte.router:{'Content-Length': '138', 'X-XSS-Protection': '1; mode=block', 'Content-Security-Policy': "default-src 'self' 'unsafe-inline' 'unsafe-eval'", 'X-Download-Options': 'noopen', 'X-Content-Type-Options': 'nosniff', 'Connection': 'Keep-Alive', 'Pragma': 'no-cache', 'Cache-Control': 'no-cache, no-store, max-age=0, must-revalidate', 'Date': 'Mon, 18 May 2020 08:09:34 GMT', 'X-Frame-Options': 'SAMEORIGIN', 'Content-Type': 'text/html'}
DEBUG:huawei_lte.router:-------------
DEBUG:huawei_lte.router:-- DATA --
DEBUG:huawei_lte.router:<?xml version="1.0" encoding="UTF-8"?><response><token>wnlRt8h34ezKCgSe6q9ucJAkNdibmkwwiwi09ZsfxRLeHVCCnjSDfFUn00L1nJoq</token></response>
DEBUG:huawei_lte.router:-------------
DEBUG:huawei_lte.router:------------ REQUEST to http://192.168.9.1/api/cradle/basic-info -------------
DEBUG:huawei_lte.router:-- HEADERS --
DEBUG:huawei_lte.router:{'__RequestVerificationToken': 'iwi09ZsfxRLeHVCCnjSDfFUn00L1nJoq', 'Content-type': 'application/x-www-form-urlencoded; charset=UTF-8'}
DEBUG:huawei_lte.router:-------------
DEBUG:huawei_lte.router:-- DATA --
DEBUG:huawei_lte.router:<?xml version="1.0" encoding="UTF-8"?><request><pppoeuser>fred</pppoeuser><connectionmode>0</connectionmode><secondarydns>0.0.0.0</secondarydns><pppoemtu>1480</pppoemtu><dynamicsetdnsmanual>1</dynamicsetdnsmanual><maxidletime>600</maxidletime><pppoepwd>secret</pppoepwd><netmask>255.255.255.0</netmask><dynamicsecondarydns>8.8.4.4</dynamicsecondarydns><dynamicipmtu>1500</dynamicipmtu><primarydns>0.0.0.0</primarydns><pppoeauth>1</pppoeauth><ipaddress>192.168.1.113</ipaddress><gateway>192.168.1.1</gateway><dynamicprimarydns>8.8.8.8</dynamicprimarydns></request>
DEBUG:huawei_lte.router:-------------
DEBUG:urllib3.connectionpool:http://192.168.9.1:80 "POST /api/cradle/basic-info HTTP/1.1" 200 61
INFO:huawei_lte.router:POST http://192.168.9.1/api/cradle/basic-info 200
DEBUG:huawei_lte.router:------------ RESPONSE to http://192.168.9.1/api/cradle/basic-info -------------
DEBUG:huawei_lte.router:-- HEADERS --
DEBUG:huawei_lte.router:{'Content-Length': '61', 'X-XSS-Protection': '1; mode=block', 'Content-Security-Policy': "default-src 'self' 'unsafe-inline' 'unsafe-eval'", 'X-Download-Options': 'noopen', '__RequestVerificationToken': 'uLQMhER3cbBtyDR9smk3PVopt5RuobuC', 'X-Content-Type-Options': 'nosniff', 'Pragma': 'no-cache', 'Cache-Control': 'no-cache, no-store, max-age=0, must-revalidate', 'X-Frame-Options': 'SAMEORIGIN', 'Content-Type': 'text/html'}
DEBUG:huawei_lte.router:-------------
DEBUG:huawei_lte.router:-- DATA --
DEBUG:huawei_lte.router:<?xml version="1.0" encoding="UTF-8"?><response>OK</response>
DEBUG:huawei_lte.router:-------------
DEBUG:huawei_lte.router:------------ REQUEST to http://192.168.9.1/api/webserver/token -------------
DEBUG:huawei_lte.router:-- HEADERS --
DEBUG:huawei_lte.router:None
DEBUG:huawei_lte.router:-------------
DEBUG:urllib3.connectionpool:http://192.168.9.1:80 "GET /api/webserver/token HTTP/1.1" 200 138
INFO:huawei_lte.router:GET http://192.168.9.1/api/webserver/token 200
DEBUG:huawei_lte.router:------------ RESPONSE to http://192.168.9.1/api/webserver/token -------------
DEBUG:huawei_lte.router:-- HEADERS --
DEBUG:huawei_lte.router:{'Content-Length': '138', 'X-XSS-Protection': '1; mode=block', 'Content-Security-Policy': "default-src 'self' 'unsafe-inline' 'unsafe-eval'", 'X-Download-Options': 'noopen', 'X-Content-Type-Options': 'nosniff', 'Connection': 'Keep-Alive', 'Pragma': 'no-cache', 'Cache-Control': 'no-cache, no-store, max-age=0, must-revalidate', 'Date': 'Mon, 18 May 2020 08:09:34 GMT', 'X-Frame-Options': 'SAMEORIGIN', 'Content-Type': 'text/html'}
DEBUG:huawei_lte.router:-------------
DEBUG:huawei_lte.router:-- DATA --
DEBUG:huawei_lte.router:<?xml version="1.0" encoding="UTF-8"?><response><token>kc0OXVYOfbFvz388q0GCljEzGeU0HDvr0HuY9dopiW8AeT2toEDnwlafaO8NOYBj</token></response>
DEBUG:huawei_lte.router:-------------
DEBUG:huawei_lte.router:------------ REQUEST to http://192.168.9.1/api/cradle/basic-info -------------
DEBUG:huawei_lte.router:-- HEADERS --
DEBUG:huawei_lte.router:{'__RequestVerificationToken': '0HuY9dopiW8AeT2toEDnwlafaO8NOYBj', 'Content-type': 'application/x-www-form-urlencoded; charset=UTF-8'}
DEBUG:huawei_lte.router:-------------
DEBUG:urllib3.connectionpool:http://192.168.9.1:80 "GET /api/cradle/basic-info HTTP/1.1" 200 620
INFO:huawei_lte.router:GET http://192.168.9.1/api/cradle/basic-info 200
DEBUG:huawei_lte.router:------------ RESPONSE to http://192.168.9.1/api/cradle/basic-info -------------
DEBUG:huawei_lte.router:-- HEADERS --
DEBUG:huawei_lte.router:{'Content-Length': '620', 'X-XSS-Protection': '1; mode=block', 'Content-Security-Policy': "default-src 'self' 'unsafe-inline' 'unsafe-eval'", 'X-Download-Options': 'noopen', 'X-Content-Type-Options': 'nosniff', 'Connection': 'Keep-Alive', 'Pragma': 'no-cache', 'Cache-Control': 'no-cache, no-store, max-age=0, must-revalidate', 'Date': 'Mon, 18 May 2020 08:09:34 GMT', 'X-Frame-Options': 'SAMEORIGIN', 'Content-Type': 'text/html'}
DEBUG:huawei_lte.router:-------------
DEBUG:huawei_lte.router:-- DATA --
DEBUG:huawei_lte.router:<?xml version="1.0" encoding="UTF-8"?><response><dynamicprimarydns>8.8.8.8</dynamicprimarydns><netmask>255.255.255.0</netmask><dynamicsetdnsmanual>1</dynamicsetdnsmanual><secondarydns>0.0.0.0</secondarydns><staticipmtu>1500</staticipmtu><dialmode>0</dialmode><maxidletime>600</maxidletime><pppoepwd>********</pppoepwd><dynamicsecondarydns>8.8.4.4</dynamicsecondarydns><ipaddress>192.168.1.113</ipaddress><pppoeuser>fred</pppoeuser><pppoeauth>1</pppoeauth><connectionmode>0</connectionmode><gateway>192.168.1.1</gateway><pppoemtu>1480</pppoemtu><dynamicipmtu>1500</dynamicipmtu><primarydns>0.0.0.0</primarydns></response>
DEBUG:huawei_lte.router:-------------
DEBUG:huawei_lte.router:------------ REQUEST to http://192.168.9.1/api/webserver/token -------------
DEBUG:huawei_lte.router:-- HEADERS --
DEBUG:huawei_lte.router:None
DEBUG:huawei_lte.router:-------------
DEBUG:urllib3.connectionpool:http://192.168.9.1:80 "GET /api/webserver/token HTTP/1.1" 200 138
INFO:huawei_lte.router:GET http://192.168.9.1/api/webserver/token 200
DEBUG:huawei_lte.router:------------ RESPONSE to http://192.168.9.1/api/webserver/token -------------
DEBUG:huawei_lte.router:-- HEADERS --
DEBUG:huawei_lte.router:{'Content-Length': '138', 'X-XSS-Protection': '1; mode=block', 'Content-Security-Policy': "default-src 'self' 'unsafe-inline' 'unsafe-eval'", 'X-Download-Options': 'noopen', 'X-Content-Type-Options': 'nosniff', 'Connection': 'Keep-Alive', 'Pragma': 'no-cache', 'Cache-Control': 'no-cache, no-store, max-age=0, must-revalidate', 'Date': 'Mon, 18 May 2020 08:09:34 GMT', 'X-Frame-Options': 'SAMEORIGIN', 'Content-Type': 'text/html'}
DEBUG:huawei_lte.router:-------------
DEBUG:huawei_lte.router:-- DATA --
DEBUG:huawei_lte.router:<?xml version="1.0" encoding="UTF-8"?><response><token>S8T7DT3Fmz3fBGKtUyyD9tJcaD1WnHPZ0ZWwkuYL00imxMWv7VTUP5T1TSLzkVCR</token></response>
DEBUG:huawei_lte.router:-------------
DEBUG:huawei_lte.router:------------ REQUEST to http://192.168.9.1/api/cradle/status-info -------------
DEBUG:huawei_lte.router:-- HEADERS --
DEBUG:huawei_lte.router:{'__RequestVerificationToken': '0ZWwkuYL00imxMWv7VTUP5T1TSLzkVCR', 'Content-type': 'application/x-www-form-urlencoded; charset=UTF-8'}
DEBUG:huawei_lte.router:-------------
DEBUG:urllib3.connectionpool:http://192.168.9.1:80 "GET /api/cradle/status-info HTTP/1.1" 200 455
INFO:huawei_lte.router:GET http://192.168.9.1/api/cradle/status-info 200
DEBUG:huawei_lte.router:------------ RESPONSE to http://192.168.9.1/api/cradle/status-info -------------
DEBUG:huawei_lte.router:-- HEADERS --
DEBUG:huawei_lte.router:{'Content-Length': '455', 'X-XSS-Protection': '1; mode=block', 'Content-Security-Policy': "default-src 'self' 'unsafe-inline' 'unsafe-eval'", 'X-Download-Options': 'noopen', 'X-Content-Type-Options': 'nosniff', 'Connection': 'Keep-Alive', 'Pragma': 'no-cache', 'Cache-Control': 'no-cache, no-store, max-age=0, must-revalidate', 'Date': 'Mon, 18 May 2020 08:09:34 GMT', 'X-Frame-Options': 'SAMEORIGIN', 'Content-Type': 'text/html'}
DEBUG:huawei_lte.router:-------------
DEBUG:huawei_lte.router:-- DATA --
DEBUG:huawei_lte.router:<?xml version="1.0" encoding="UTF-8"?><response><cradlestatus>1</cradlestatus><ipaddressipv6></ipaddressipv6><ipaddress>192.168.1.113</ipaddress><netmask>255.255.255.0</netmask><primarydnsipv6></primarydnsipv6><secondarydns>8.8.4.4</secondarydns><currenttime>1958</currenttime><secondarydnsipv6></secondarydnsipv6><connectstatus>901</connectstatus><connectionmode>3</connectionmode><gateway>192.168.1.1</gateway><primarydns>8.8.8.8</primarydns></response>
DEBUG:huawei_lte.router:-------------
DEBUG:huawei_lte.router:------------ REQUEST to http://192.168.9.1/api/webserver/token -------------
DEBUG:huawei_lte.router:-- HEADERS --
DEBUG:huawei_lte.router:None
DEBUG:huawei_lte.router:-------------
DEBUG:urllib3.connectionpool:http://192.168.9.1:80 "GET /api/webserver/token HTTP/1.1" 200 138
INFO:huawei_lte.router:GET http://192.168.9.1/api/webserver/token 200
DEBUG:huawei_lte.router:------------ RESPONSE to http://192.168.9.1/api/webserver/token -------------
DEBUG:huawei_lte.router:-- HEADERS --
DEBUG:huawei_lte.router:{'Content-Length': '138', 'X-XSS-Protection': '1; mode=block', 'Content-Security-Policy': "default-src 'self' 'unsafe-inline' 'unsafe-eval'", 'X-Download-Options': 'noopen', 'X-Content-Type-Options': 'nosniff', 'Connection': 'Keep-Alive', 'Pragma': 'no-cache', 'Cache-Control': 'no-cache, no-store, max-age=0, must-revalidate', 'Date': 'Mon, 18 May 2020 08:09:34 GMT', 'X-Frame-Options': 'SAMEORIGIN', 'Content-Type': 'text/html'}
DEBUG:huawei_lte.router:-------------
DEBUG:huawei_lte.router:-- DATA --
DEBUG:huawei_lte.router:<?xml version="1.0" encoding="UTF-8"?><response><token>DoOpw04hsBXHTFaKWgzRg6dAzW1JuIPfaIz7GFiIiF2ik4F8Usn43VE66VMrIKfS</token></response>
DEBUG:huawei_lte.router:-------------
DEBUG:huawei_lte.router:------------ REQUEST to http://192.168.9.1/api/cradle/status-info -------------
DEBUG:huawei_lte.router:-- HEADERS --
DEBUG:huawei_lte.router:{'__RequestVerificationToken': 'aIz7GFiIiF2ik4F8Usn43VE66VMrIKfS', 'Content-type': 'application/x-www-form-urlencoded; charset=UTF-8'}
DEBUG:huawei_lte.router:-------------
DEBUG:urllib3.connectionpool:http://192.168.9.1:80 "GET /api/cradle/status-info HTTP/1.1" 200 455
INFO:huawei_lte.router:GET http://192.168.9.1/api/cradle/status-info 200
DEBUG:huawei_lte.router:------------ RESPONSE to http://192.168.9.1/api/cradle/status-info -------------
DEBUG:huawei_lte.router:-- HEADERS --
DEBUG:huawei_lte.router:{'Content-Length': '455', 'X-XSS-Protection': '1; mode=block', 'Content-Security-Policy': "default-src 'self' 'unsafe-inline' 'unsafe-eval'", 'X-Download-Options': 'noopen', 'X-Content-Type-Options': 'nosniff', 'Connection': 'Keep-Alive', 'Pragma': 'no-cache', 'Cache-Control': 'no-cache, no-store, max-age=0, must-revalidate', 'Date': 'Mon, 18 May 2020 08:09:35 GMT', 'X-Frame-Options': 'SAMEORIGIN', 'Content-Type': 'text/html'}
DEBUG:huawei_lte.router:-------------
DEBUG:huawei_lte.router:-- DATA --
DEBUG:huawei_lte.router:<?xml version="1.0" encoding="UTF-8"?><response><cradlestatus>1</cradlestatus><ipaddressipv6></ipaddressipv6><ipaddress>192.168.1.113</ipaddress><netmask>255.255.255.0</netmask><primarydnsipv6></primarydnsipv6><secondarydns>8.8.4.4</secondarydns><currenttime>1958</currenttime><secondarydnsipv6></secondarydnsipv6><connectstatus>901</connectstatus><connectionmode>3</connectionmode><gateway>192.168.1.1</gateway><primarydns>8.8.8.8</primarydns></response>
DEBUG:huawei_lte.router:-------------
INFO:huawei_lte.router:LOGOUT for user [admin]
DEBUG:huawei_lte.router:------------ REQUEST to http://192.168.9.1/api/webserver/token -------------
DEBUG:huawei_lte.router:-- HEADERS --
DEBUG:huawei_lte.router:None
DEBUG:huawei_lte.router:-------------
DEBUG:urllib3.connectionpool:http://192.168.9.1:80 "GET /api/webserver/token HTTP/1.1" 200 138
INFO:huawei_lte.router:GET http://192.168.9.1/api/webserver/token 200
DEBUG:huawei_lte.router:------------ RESPONSE to http://192.168.9.1/api/webserver/token -------------
DEBUG:huawei_lte.router:-- HEADERS --
DEBUG:huawei_lte.router:{'Content-Length': '138', 'X-XSS-Protection': '1; mode=block', 'Content-Security-Policy': "default-src 'self' 'unsafe-inline' 'unsafe-eval'", 'X-Download-Options': 'noopen', 'X-Content-Type-Options': 'nosniff', 'Connection': 'Keep-Alive', 'Pragma': 'no-cache', 'Cache-Control': 'no-cache, no-store, max-age=0, must-revalidate', 'Date': 'Mon, 18 May 2020 08:09:35 GMT', 'X-Frame-Options': 'SAMEORIGIN', 'Content-Type': 'text/html'}
DEBUG:huawei_lte.router:-------------
DEBUG:huawei_lte.router:-- DATA --
DEBUG:huawei_lte.router:<?xml version="1.0" encoding="UTF-8"?><response><token>21bwQa90L8QCrXhVVrL0ZawFdA2gNerrh0zxYfKevjirp05TjJzFLt9H8mmGDAMc</token></response>
DEBUG:huawei_lte.router:-------------
DEBUG:huawei_lte.router:------------ REQUEST to http://192.168.9.1/api/user/logout -------------
DEBUG:huawei_lte.router:-- HEADERS --
DEBUG:huawei_lte.router:{'__RequestVerificationToken': 'h0zxYfKevjirp05TjJzFLt9H8mmGDAMc', 'Content-type': 'application/x-www-form-urlencoded; charset=UTF-8'}
DEBUG:huawei_lte.router:-------------
DEBUG:huawei_lte.router:-- DATA --
DEBUG:huawei_lte.router:<?xml version="1.0" encoding="UTF-8"?><request><Logout>1</Logout></request>
DEBUG:huawei_lte.router:-------------
DEBUG:urllib3.connectionpool:http://192.168.9.1:80 "POST /api/user/logout HTTP/1.1" 200 61
INFO:huawei_lte.router:POST http://192.168.9.1/api/user/logout 200
DEBUG:huawei_lte.router:------------ RESPONSE to http://192.168.9.1/api/user/logout -------------
DEBUG:huawei_lte.router:-- HEADERS --
DEBUG:huawei_lte.router:{'Content-Length': '61', 'X-XSS-Protection': '1; mode=block', 'Content-Security-Policy': "default-src 'self' 'unsafe-inline' 'unsafe-eval'", 'X-Download-Options': 'noopen', '__RequestVerificationToken': 'Fn4tFxByG061s27A9fkcg6lW2Lw0BcXA', 'X-Content-Type-Options': 'nosniff', 'Pragma': 'no-cache', 'Cache-Control': 'no-cache, no-store, max-age=0, must-revalidate', 'X-Frame-Options': 'SAMEORIGIN', 'Content-Type': 'text/html'}
DEBUG:huawei_lte.router:-------------
DEBUG:huawei_lte.router:-- DATA --
DEBUG:huawei_lte.router:<?xml version="1.0" encoding="UTF-8"?><response>OK</response>
DEBUG:huawei_lte.router:-------------
